Component: ARM Compiler 5.06 update 6 (build 750) Tool: armlink [4d35ed]

==============================================================================

Section Cross References

    stm32l4xx_hal_pcd.o(i.HAL_PCD_ActivateRemoteWakeup) refers to stm32l4xx_ll_usb.o(i.USB_ActivateRemoteWakeup) for USB_ActivateRemoteWakeup
    stm32l4xx_hal_pcd.o(i.HAL_PCD_DeActivateRemoteWakeup) refers to stm32l4xx_ll_usb.o(i.USB_DeActivateRemoteWakeup) for USB_DeActivateRemoteWakeup
    stm32l4xx_hal_pcd.o(i.HAL_PCD_DeInit) refers to stm32l4xx_ll_usb.o(i.USB_DisableGlobalInt) for USB_DisableGlobalInt
    stm32l4xx_hal_pcd.o(i.HAL_PCD_DeInit) refers to stm32l4xx_ll_usb.o(i.USB_StopDevice) for USB_StopDevice
    stm32l4xx_hal_pcd.o(i.HAL_PCD_DeInit) refers to stm32l4xx_ll_usb.o(i.USB_DevDisconnect) for USB_DevDisconnect
    stm32l4xx_hal_pcd.o(i.HAL_PCD_DeInit) refers to usbd_conf.o(i.HAL_PCD_MspDeInit) for HAL_PCD_MspDeInit
    stm32l4xx_hal_pcd.o(i.HAL_PCD_DevConnect) refers to stm32l4xx_ll_usb.o(i.USB_DevConnect) for USB_DevConnect
    stm32l4xx_hal_pcd.o(i.HAL_PCD_DevDisconnect) refers to stm32l4xx_ll_usb.o(i.USB_DevDisconnect) for USB_DevDisconnect
    stm32l4xx_hal_pcd.o(i.HAL_PCD_EP_Close) refers to stm32l4xx_ll_usb.o(i.USB_DeactivateEndpoint) for USB_DeactivateEndpoint
    stm32l4xx_hal_pcd.o(i.HAL_PCD_EP_ClrStall) refers to stm32l4xx_ll_usb.o(i.USB_EPClearStall) for USB_EPClearStall
    stm32l4xx_hal_pcd.o(i.HAL_PCD_EP_Flush) refers to stm32l4xx_ll_usb.o(i.USB_FlushTxFifo) for USB_FlushTxFifo
    stm32l4xx_hal_pcd.o(i.HAL_PCD_EP_Flush) refers to stm32l4xx_ll_usb.o(i.USB_FlushRxFifo) for USB_FlushRxFifo
    stm32l4xx_hal_pcd.o(i.HAL_PCD_EP_Open) refers to stm32l4xx_ll_usb.o(i.USB_ActivateEndpoint) for USB_ActivateEndpoint
    stm32l4xx_hal_pcd.o(i.HAL_PCD_EP_Receive) refers to stm32l4xx_ll_usb.o(i.USB_EPStartXfer) for USB_EPStartXfer
    stm32l4xx_hal_pcd.o(i.HAL_PCD_EP_SetStall) refers to stm32l4xx_ll_usb.o(i.USB_EPSetStall) for USB_EPSetStall
    stm32l4xx_hal_pcd.o(i.HAL_PCD_EP_SetStall) refers to stm32l4xx_ll_usb.o(i.USB_EP0_OutStart) for USB_EP0_OutStart
    stm32l4xx_hal_pcd.o(i.HAL_PCD_EP_Transmit) refers to stm32l4xx_ll_usb.o(i.USB_EPStartXfer) for USB_EPStartXfer
    stm32l4xx_hal_pcd.o(i.HAL_PCD_IRQHandler) refers to stm32l4xx_ll_usb.o(i.USB_ReadInterrupts) for USB_ReadInterrupts
    stm32l4xx_hal_pcd.o(i.HAL_PCD_IRQHandler) refers to stm32l4xx_ll_usb.o(i.USB_ReadPMA) for USB_ReadPMA
    stm32l4xx_hal_pcd.o(i.HAL_PCD_IRQHandler) refers to usbd_conf.o(i.HAL_PCD_SetupStageCallback) for HAL_PCD_SetupStageCallback
    stm32l4xx_hal_pcd.o(i.HAL_PCD_IRQHandler) refers to usbd_conf.o(i.HAL_PCD_DataInStageCallback) for HAL_PCD_DataInStageCallback
    stm32l4xx_hal_pcd.o(i.HAL_PCD_IRQHandler) refers to usbd_conf.o(i.HAL_PCD_DataOutStageCallback) for HAL_PCD_DataOutStageCallback
    stm32l4xx_hal_pcd.o(i.HAL_PCD_IRQHandler) refers to stm32l4xx_ll_usb.o(i.USB_EPStartXfer) for USB_EPStartXfer
    stm32l4xx_hal_pcd.o(i.HAL_PCD_IRQHandler) refers to usbd_conf.o(i.HAL_PCD_ResetCallback) for HAL_PCD_ResetCallback
    stm32l4xx_hal_pcd.o(i.HAL_PCD_IRQHandler) refers to stm32l4xx_ll_usb.o(i.USB_SetDevAddress) for USB_SetDevAddress
    stm32l4xx_hal_pcd.o(i.HAL_PCD_IRQHandler) refers to usbd_conf.o(i.HAL_PCDEx_LPM_Callback) for HAL_PCDEx_LPM_Callback
    stm32l4xx_hal_pcd.o(i.HAL_PCD_IRQHandler) refers to usbd_conf.o(i.HAL_PCD_ResumeCallback) for HAL_PCD_ResumeCallback
    stm32l4xx_hal_pcd.o(i.HAL_PCD_IRQHandler) refers to usbd_conf.o(i.HAL_PCD_SuspendCallback) for HAL_PCD_SuspendCallback
    stm32l4xx_hal_pcd.o(i.HAL_PCD_IRQHandler) refers to usbd_conf.o(i.HAL_PCD_SOFCallback) for HAL_PCD_SOFCallback
    stm32l4xx_hal_pcd.o(i.HAL_PCD_Init) refers to usbd_conf.o(i.HAL_PCD_MspInit) for HAL_PCD_MspInit
    stm32l4xx_hal_pcd.o(i.HAL_PCD_Init) refers to stm32l4xx_ll_usb.o(i.USB_DisableGlobalInt) for USB_DisableGlobalInt
    stm32l4xx_hal_pcd.o(i.HAL_PCD_Init) refers to stm32l4xx_ll_usb.o(i.USB_CoreInit) for USB_CoreInit
    stm32l4xx_hal_pcd.o(i.HAL_PCD_Init) refers to stm32l4xx_ll_usb.o(i.USB_SetCurrentMode) for USB_SetCurrentMode
    stm32l4xx_hal_pcd.o(i.HAL_PCD_Init) refers to stm32l4xx_ll_usb.o(i.USB_DevInit) for USB_DevInit
    stm32l4xx_hal_pcd.o(i.HAL_PCD_Init) refers to stm32l4xx_hal_pcd_ex.o(i.HAL_PCDEx_ActivateLPM) for HAL_PCDEx_ActivateLPM
    stm32l4xx_hal_pcd.o(i.HAL_PCD_Init) refers to stm32l4xx_hal_pcd_ex.o(i.HAL_PCDEx_ActivateBCD) for HAL_PCDEx_ActivateBCD
    stm32l4xx_hal_pcd.o(i.HAL_PCD_Init) refers to stm32l4xx_ll_usb.o(i.USB_DevDisconnect) for USB_DevDisconnect
    stm32l4xx_hal_pcd.o(i.HAL_PCD_SetAddress) refers to stm32l4xx_ll_usb.o(i.USB_SetDevAddress) for USB_SetDevAddress
    stm32l4xx_hal_pcd.o(i.HAL_PCD_Start) refers to stm32l4xx_ll_usb.o(i.USB_DevConnect) for USB_DevConnect
    stm32l4xx_hal_pcd.o(i.HAL_PCD_Start) refers to stm32l4xx_ll_usb.o(i.USB_EnableGlobalInt) for USB_EnableGlobalInt
[...]
    osRtxPostProcess                         0x08001485   Thumb Code   116  rtx_system.o(.text.osRtxPostProcess)
    osRtxThreadDelayTick                     0x08001661   Thumb Code    56  rtx_thread.o(.text.osRtxThreadDelayTick)
    osRtxThreadDispatch                      0x08001699   Thumb Code    96  rtx_thread.o(.text.osRtxThreadDispatch)
    osRtxThreadListGet                       0x08001751   Thumb Code    22  rtx_thread.o(.text.osRtxThreadListGet)
    osRtxThreadListPut                       0x08001767   Thumb Code    56  rtx_thread.o(.text.osRtxThreadListPut)
    osRtxThreadListRemove                    0x0800179f   Thumb Code    20  rtx_thread.o(.text.osRtxThreadListRemove)
    osRtxThreadReadyPut                      0x080017dd   Thumb Code    20  rtx_thread.o(.text.osRtxThreadReadyPut)
    osRtxThreadRegPtr                        0x080017f1   Thumb Code    20  rtx_thread.o(.text.osRtxThreadRegPtr)
    osRtxThreadStackCheck                    0x08001805   Thumb Code    40  rtx_thread.o(.text.osRtxThreadStackCheck)
    osRtxThreadStartup                       0x0800182d   Thumb Code    88  rtx_thread.o(.text.osRtxThreadStartup)
    osRtxThreadSwitch                        0x08001885   Thumb Code    16  rtx_thread.o(.text.osRtxThreadSwitch)
    osRtxThreadWaitEnter                     0x08001895   Thumb Code    56  rtx_thread.o(.text.osRtxThreadWaitEnter)
    osRtxThreadWaitExit                      0x080018cd   Thumb Code    50  rtx_thread.o(.text.osRtxThreadWaitExit)
    osRtxTick_Handler                        0x08001901   Thumb Code   112  rtx_system.o(.text.osRtxTick_Handler)
    osRtxTimerThread                         0x08001971   Thumb Code    68  rtx_timer.o(.text.osRtxTimerThread)
    osSemaphoreAcquire                       0x08001a0d   Thumb Code    96  rtx_semaphore.o(.text.osSemaphoreAcquire)
    osSemaphoreNew                           0x08001a6d   Thumb Code    36  rtx_semaphore.o(.text.osSemaphoreNew)
    osSemaphoreRelease                       0x08001a91   Thumb Code   104  rtx_semaphore.o(.text.osSemaphoreRelease)
    osThreadExit                             0x08001af9   Thumb Code    12  rtx_thread.o(.text.osThreadExit)
    osThreadNew                              0x08001b05   Thumb Code    36  rtx_thread.o(.text.osThreadNew)
    osThreadResume                           0x08001b29   Thumb Code    36  rtx_thread.o(.text.osThreadResume)
    osThreadSuspend                          0x08001b4d   Thumb Code    36  rtx_thread.o(.text.osThreadSuspend)
    osThreadTerminate                        0x08001b71   Thumb Code    36  rtx_thread.o(.text.osThreadTerminate)
    ADC1_IRQHandler                          0x080025b9   Thumb Code   110  stm32l4xx_it.o(i.ADC1_IRQHandler)
    ADC_Enable                               0x08002645   Thumb Code   228  stm32l4xx_hal_adc.o(i.ADC_Enable)
    CDC_Transmit_FS                          0x08002731   Thumb Code    40  usbd_cdc_if.o(i.CDC_Transmit_FS)
    EXTI9_5_IRQHandler                       0x0800275d   Thumb Code    10  stm32l4xx_it.o(i.EXTI9_5_IRQHandler)
    FLASH_FlushCaches                        0x08002769   Thumb Code    78  stm32l4xx_hal_flash_ex.o(i.FLASH_FlushCaches)
    FLASH_WaitForLastOperation               0x080027c1   Thumb Code   120  stm32l4xx_hal_flash.o(i.FLASH_WaitForLastOperation)
    HAL_ADCEx_EndOfSamplingCallback          0x08002845   Thumb Code     2  stm32l4xx_hal_adc_ex.o(i.HAL_ADCEx_EndOfSamplingCallback)
    HAL_ADCEx_InjectedConfigChannel          0x08002849   Thumb Code  1276  stm32l4xx_hal_adc_ex.o(i.HAL_ADCEx_InjectedConfigChannel)
    HAL_ADCEx_InjectedConvCpltCallback       0x08002d61   Thumb Code     2  stm32l4xx_hal_adc_ex.o(i.HAL_ADCEx_InjectedConvCpltCallback)
    HAL_ADCEx_InjectedQueueOverflowCallback  0x08002d63   Thumb Code     2  stm32l4xx_hal_adc_ex.o(i.HAL_ADCEx_InjectedQueueOverflowCallback)
    HAL_ADCEx_InjectedStart_IT               0x08002d65   Thumb Code   214  stm32l4xx_hal_adc_ex.o(i.HAL_ADCEx_InjectedStart_IT)
    HAL_ADCEx_LevelOutOfWindow2Callback      0x08002e3b   Thumb Code     2  stm32l4xx_hal_adc_ex.o(i.HAL_ADCEx_LevelOutOfWindow2Callback)
    HAL_ADCEx_LevelOutOfWindow3Callback      0x08002e3d   Thumb Code     2  stm32l4xx_hal_adc_ex.o(i.HAL_ADCEx_LevelOutOfWindow3Callback)
    HAL_ADC_ConvCpltCallback                 0x08002e3f   Thumb Code     2  stm32l4xx_hal_adc.o(i.HAL_ADC_ConvCpltCallback)
    HAL_ADC_ErrorCallback                    0x08002e41   Thumb Code     2  stm32l4xx_hal_adc.o(i.HAL_ADC_ErrorCallback)
    HAL_ADC_IRQHandler                       0x08002e43   Thumb Code   548  stm32l4xx_hal_adc.o(i.HAL_ADC_IRQHandler)
    HAL_ADC_Init                             0x08003069   Thumb Code   458  stm32l4xx_hal_adc.o(i.HAL_ADC_Init)
    HAL_ADC_LevelOutOfWindowCallback         0x08003249   Thumb Code     2  stm32l4xx_hal_adc.o(i.HAL_ADC_LevelOutOfWindowCallback)
    HAL_ADC_MspInit                          0x0800324d   Thumb Code    80  stm32l4xx_hal_msp.o(i.HAL_ADC_MspInit)
    HAL_DACEx_DMAUnderrunCallbackCh2         0x080032a1   Thumb Code     2  stm32l4xx_hal_dac_ex.o(i.HAL_DACEx_DMAUnderrunCallbackCh2)
    HAL_DAC_ConfigChannel                    0x080032a5   Thumb Code   302  stm32l4xx_hal_dac.o(i.HAL_DAC_ConfigChannel)
    HAL_DAC_DMAUnderrunCallbackCh1           0x080033d3   Thumb Code     2  stm32l4xx_hal_dac.o(i.HAL_DAC_DMAUnderrunCallbackCh1)
    HAL_DAC_IRQHandler                       0x080033d5   Thumb Code   112  stm32l4xx_hal_dac.o(i.HAL_DAC_IRQHandler)
    HAL_DAC_Init                             0x08003445   Thumb Code    40  stm32l4xx_hal_dac.o(i.HAL_DAC_Init)
    HAL_DAC_MspInit                          0x0800346d   Thumb Code    80  stm32l4xx_hal_msp.o(i.HAL_DAC_MspInit)
    HAL_DBGMCU_DisableDBGSleepMode           0x080034c1   Thumb Code    12  stm32l4xx_hal.o(i.HAL_DBGMCU_DisableDBGSleepMode)
    HAL_DBGMCU_EnableDBGSleepMode            0x080034d1   Thumb Code    12  stm32l4xx_hal.o(i.HAL_DBGMCU_EnableDBGSleepMode)
    HAL_DMA_Init                             0x080034e1   Thumb Code   242  stm32l4xx_hal_dma.o(i.HAL_DMA_Init)
    HAL_Delay                                0x080035f1   Thumb Code    30  stm32l4xx_hal.o(i.HAL_Delay)
    HAL_FLASHEx_Erase                        0x08003611   Thumb Code   324  stm32l4xx_hal_flash_ex.o(i.HAL_FLASHEx_Erase)
    HAL_FLASH_Lock                           0x0800375d   Thumb Code    14  stm32l4xx_hal_flash.o(i.HAL_FLASH_Lock)
    HAL_FLASH_Program                        0x08003771   Thumb Code   220  stm32l4xx_hal_flash.o(i.HAL_FLASH_Program)
    HAL_FLASH_Unlock                         0x0800385d   Thumb Code    34  stm32l4xx_hal_flash.o(i.HAL_FLASH_Unlock)
    HAL_GPIO_EXTI_Callback                   0x0800388d   Thumb Code    14  thread.o(i.HAL_GPIO_EXTI_Callback)
    HAL_GPIO_EXTI_IRQHandler                 0x080038a1   Thumb Code    20  stm32l4xx_hal_gpio.o(i.HAL_GPIO_EXTI_IRQHandler)
    HAL_GPIO_Init                            0x080038b9   Thumb Code   478  stm32l4xx_hal_gpio.o(i.HAL_GPIO_Init)
    HAL_GPIO_WritePin                        0x08003ab3   Thumb Code    10  stm32l4xx_hal_gpio.o(i.HAL_GPIO_WritePin)
    HAL_GetTick                              0x08003abd   Thumb Code     6  stm32l4xx_hal.o(i.HAL_GetTick)
    HAL_IWDG_Refresh                         0x08003ac9   Thumb Code    12  stm32l4xx_hal_iwdg.o(i.HAL_IWDG_Refresh)
    HAL_IncTick                              0x08003ad5   Thumb Code    10  stm32l4xx_hal.o(i.HAL_IncTick)
    HAL_Init                                 0x08003ae5   Thumb Code    22  stm32l4xx_hal.o(i.HAL_Init)
    HAL_InitTick                             0x08003afd   Thumb Code    98  stm32l4xx_hal_timebase_tim.o(i.HAL_InitTick)
    HAL_MspInit                              0x08003b71   Thumb Code   142  stm32l4xx_hal_msp.o(i.HAL_MspInit)
    HAL_NVIC_DisableIRQ                      0x08003c05   Thumb Code    24  stm32l4xx_hal_cortex.o(i.HAL_NVIC_DisableIRQ)
    HAL_NVIC_EnableIRQ                       0x08003c1d   Thumb Code    24  stm32l4xx_hal_cortex.o(i.HAL_NVIC_EnableIRQ)
    HAL_NVIC_SetPriority                     0x08003c35   Thumb Code    96  stm32l4xx_hal_cortex.o(i.HAL_NVIC_SetPriority)
    HAL_NVIC_SetPriorityGrouping             0x08003c99   Thumb Code    30  stm32l4xx_hal_cortex.o(i.HAL_NVIC_SetPriorityGrouping)
    HAL_NVIC_SystemReset                     0x08003cbd   Thumb Code    26  stm32l4xx_hal_cortex.o(i.HAL_NVIC_SystemReset)
    HAL_PCDEx_ActivateBCD                    0x08003ce1   Thumb Code    36  stm32l4xx_hal_pcd_ex.o(i.HAL_PCDEx_ActivateBCD)
    HAL_PCDEx_ActivateLPM                    0x08003d05   Thumb Code    42  stm32l4xx_hal_pcd_ex.o(i.HAL_PCDEx_ActivateLPM)
    HAL_PCDEx_LPM_Callback                   0x08003d31   Thumb Code    68  usbd_conf.o(i.HAL_PCDEx_LPM_Callback)
    HAL_PCDEx_PMAConfig                      0x08003d79   Thumb Code    48  stm32l4xx_hal_pcd_ex.o(i.HAL_PCDEx_PMAConfig)
    HAL_PCD_DataInStageCallback              0x08003da9   Thumb Code    14  usbd_conf.o(i.HAL_PCD_DataInStageCallback)
    HAL_PCD_DataOutStageCallback             0x08003db7   Thumb Code    16  usbd_conf.o(i.HAL_PCD_DataOutStageCallback)
    HAL_PCD_EP_Close                         0x08003dc7   Thumb Code    74  stm32l4xx_hal_pcd.o(i.HAL_PCD_EP_Close)
    HAL_PCD_EP_ClrStall                      0x08003e11   Thumb Code    90  stm32l4xx_hal_pcd.o(i.HAL_PCD_EP_ClrStall)
    HAL_PCD_EP_GetRxCount                    0x08003e6b   Thumb Code    16  stm32l4xx_hal_pcd.o(i.HAL_PCD_EP_GetRxCount)
    HAL_PCD_EP_Open                          0x08003e7b   Thumb Code    90  stm32l4xx_hal_pcd.o(i.HAL_PCD_EP_Open)
    HAL_PCD_EP_Receive                       0x08003ed5   Thumb Code    42  stm32l4xx_hal_pcd.o(i.HAL_PCD_EP_Receive)
    HAL_PCD_EP_SetStall                      0x08003eff   Thumb Code   108  stm32l4xx_hal_pcd.o(i.HAL_PCD_EP_SetStall)
    HAL_PCD_EP_Transmit                      0x08003f6b   Thumb Code    38  stm32l4xx_hal_pcd.o(i.HAL_PCD_EP_Transmit)
    HAL_PCD_IRQHandler                       0x08003f91   Thumb Code  1190  stm32l4xx_hal_pcd.o(i.HAL_PCD_IRQHandler)
    HAL_PCD_Init                             0x0800443d   Thumb Code   202  stm32l4xx_hal_pcd.o(i.HAL_PCD_Init)
    HAL_PCD_MspInit                          0x08004509   Thumb Code    54  usbd_conf.o(i.HAL_PCD_MspInit)
    HAL_PCD_ResetCallback                    0x08004545   Thumb Code    26  usbd_conf.o(i.HAL_PCD_ResetCallback)
    HAL_PCD_ResumeCallback                   0x08004561   Thumb Code    34  usbd_conf.o(i.HAL_PCD_ResumeCallback)
    HAL_PCD_SOFCallback                      0x08004589   Thumb Code     8  usbd_conf.o(i.HAL_PCD_SOFCallback)
    HAL_PCD_SetAddress                       0x08004591   Thumb Code    40  stm32l4xx_hal_pcd.o(i.HAL_PCD_SetAddress)
    HAL_PCD_SetupStageCallback               0x080045b9   Thumb Code    14  usbd_conf.o(i.HAL_PCD_SetupStageCallback)
    HAL_PCD_Start                            0x080045c7   Thumb Code    42  stm32l4xx_hal_pcd.o(i.HAL_PCD_Start)
    HAL_PCD_SuspendCallback                  0x080045f1   Thumb Code    32  usbd_conf.o(i.HAL_PCD_SuspendCallback)
    HAL_PWREx_ControlVoltageScaling          0x08004615   Thumb Code    96  stm32l4xx_hal_pwr_ex.o(i.HAL_PWREx_ControlVoltageScaling)
    HAL_PWREx_EnableVddUSB                   0x08004681   Thumb Code    12  stm32l4xx_hal_pwr_ex.o(i.HAL_PWREx_EnableVddUSB)
    HAL_PWREx_GetVoltageRange                0x08004691   Thumb Code    10  stm32l4xx_hal_pwr_ex.o(i.HAL_PWREx_GetVoltageRange)
    HAL_RCCEx_PeriphCLKConfig                0x080046a1   Thumb Code   702  stm32l4xx_hal_rcc_ex.o(i.HAL_RCCEx_PeriphCLKConfig)
    HAL_RCC_ClockConfig                      0x08004971   Thumb Code   320  stm32l4xx_hal_rcc.o(i.HAL_RCC_ClockConfig)
    HAL_RCC_DeInit                           0x08004ac1   Thumb Code   222  stm32l4xx_hal_rcc.o(i.HAL_RCC_DeInit)
    HAL_RCC_GetClockConfig                   0x08004bb1   Thumb Code    54  stm32l4xx_hal_rcc.o(i.HAL_RCC_GetClockConfig)
    HAL_RCC_GetHCLKFreq                      0x08004bf1   Thumb Code     6  stm32l4xx_hal_rcc.o(i.HAL_RCC_GetHCLKFreq)
    HAL_RCC_GetPCLK1Freq                     0x08004bfd   Thumb Code    20  stm32l4xx_hal_rcc.o(i.HAL_RCC_GetPCLK1Freq)
    HAL_RCC_GetPCLK2Freq                     0x08004c1d   Thumb Code    20  stm32l4xx_hal_rcc.o(i.HAL_RCC_GetPCLK2Freq)
    HAL_RCC_GetSysClockFreq                  0x08004c3d   Thumb Code   190  stm32l4xx_hal_rcc.o(i.HAL_RCC_GetSysClockFreq)
    HAL_RCC_OscConfig                        0x08004d0d   Thumb Code  1634  stm32l4xx_hal_rcc.o(i.HAL_RCC_OscConfig)
    HAL_RTCEx_AlarmBEventCallback            0x08005375   Thumb Code     2  stm32l4xx_hal_rtc_ex.o(i.HAL_RTCEx_AlarmBEventCallback)
    HAL_RTCEx_BKUPRead                       0x08005377   Thumb Code    10  stm32l4xx_hal_rtc_ex.o(i.HAL_RTCEx_BKUPRead)
    HAL_RTCEx_BKUPWrite                      0x08005381   Thumb Code    10  stm32l4xx_hal_rtc_ex.o(i.HAL_RTCEx_BKUPWrite)
    HAL_RTC_AlarmAEventCallback              0x0800538b   Thumb Code     2  stm32l4xx_hal_rtc.o(i.HAL_RTC_AlarmAEventCallback)
    HAL_RTC_AlarmIRQHandler                  0x0800538d   Thumb Code   126  stm32l4xx_hal_rtc.o(i.HAL_RTC_AlarmIRQHandler)
    HAL_RTC_Init                             0x08005411   Thumb Code   280  stm32l4xx_hal_rtc.o(i.HAL_RTC_Init)
    HAL_RTC_MspInit                          0x08005529   Thumb Code    48  stm32l4xx_hal_msp.o(i.HAL_RTC_MspInit)
    HAL_RTC_SetAlarm_IT                      0x0800555d   Thumb Code   432  stm32l4xx_hal_rtc.o(i.HAL_RTC_SetAlarm_IT)
    HAL_RTC_SetDate                          0x0800571d   Thumb Code   306  stm32l4xx_hal_rtc.o(i.HAL_RTC_SetDate)
    HAL_RTC_SetTime                          0x08005851   Thumb Code   330  stm32l4xx_hal_rtc.o(i.HAL_RTC_SetTime)
    HAL_SYSTICK_CLKSourceConfig              0x080059a7   Thumb Code    22  stm32l4xx_hal_cortex.o(i.HAL_SYSTICK_CLKSourceConfig)
    HAL_SYSTICK_Config                       0x080059bd   Thumb Code    38  stm32l4xx_hal_cortex.o(i.HAL_SYSTICK_Config)
    HAL_TIMEx_Break2Callback                 0x080059e9   Thumb Code     2  stm32l4xx_hal_tim_ex.o(i.HAL_TIMEx_Break2Callback)
    HAL_TIMEx_BreakCallback                  0x080059eb   Thumb Code     2  stm32l4xx_hal_tim_ex.o(i.HAL_TIMEx_BreakCallback)
    HAL_TIMEx_CommutationCallback            0x080059ed   Thumb Code     2  stm32l4xx_hal_tim_ex.o(i.HAL_TIMEx_CommutationCallback)
    HAL_TIMEx_ConfigBreakDeadTime            0x080059ef   Thumb Code   134  stm32l4xx_hal_tim_ex.o(i.HAL_TIMEx_ConfigBreakDeadTime)
    HAL_TIMEx_MasterConfigSynchronization    0x08005a75   Thumb Code    90  stm32l4xx_hal_tim_ex.o(i.HAL_TIMEx_MasterConfigSynchronization)
    HAL_TIM_Base_Init                        0x08005acf   Thumb Code    54  stm32l4xx_hal_tim.o(i.HAL_TIM_Base_Init)
    HAL_TIM_Base_MspInit                     0x08005b05   Thumb Code   126  stm32l4xx_hal_msp.o(i.HAL_TIM_Base_MspInit)
    HAL_TIM_Base_Start                       0x08005b89   Thumb Code    46  stm32l4xx_hal_tim.o(i.HAL_TIM_Base_Start)
    HAL_TIM_Base_Start_IT                    0x08005bbd   Thumb Code    44  stm32l4xx_hal_tim.o(i.HAL_TIM_Base_Start_IT)
    HAL_TIM_Base_Stop                        0x08005bed   Thumb Code    44  stm32l4xx_hal_tim.o(i.HAL_TIM_Base_Stop)
    HAL_TIM_ConfigClockSource                0x08005c19   Thumb Code   414  stm32l4xx_hal_tim.o(i.HAL_TIM_ConfigClockSource)
    HAL_TIM_IC_CaptureCallback               0x08005db7   Thumb Code     2  stm32l4xx_hal_tim.o(i.HAL_TIM_IC_CaptureCallback)
    HAL_TIM_IRQHandler                       0x08005db9   Thumb Code   394  stm32l4xx_hal_tim.o(i.HAL_TIM_IRQHandler)
    HAL_TIM_MspPostInit                      0x08005f45   Thumb Code    64  stm32l4xx_hal_msp.o(i.HAL_TIM_MspPostInit)
    HAL_TIM_OC_DelayElapsedCallback          0x08005f89   Thumb Code     2  stm32l4xx_hal_tim.o(i.HAL_TIM_OC_DelayElapsedCallback)
    HAL_TIM_PWM_ConfigChannel                0x08005f8d   Thumb Code   864  stm32l4xx_hal_tim.o(i.HAL_TIM_PWM_ConfigChannel)
    HAL_TIM_PWM_Init                         0x080062f9   Thumb Code    54  stm32l4xx_hal_tim.o(i.HAL_TIM_PWM_Init)
    HAL_TIM_PWM_MspInit                      0x0800632f   Thumb Code     2  stm32l4xx_hal_tim.o(i.HAL_TIM_PWM_MspInit)
    HAL_TIM_PWM_PulseFinishedCallback        0x08006331   Thumb Code     2  stm32l4xx_hal_tim.o(i.HAL_TIM_PWM_PulseFinishedCallback)
    HAL_TIM_PeriodElapsedCallback            0x08006333   Thumb Code    18  main.o(i.HAL_TIM_PeriodElapsedCallback)
    HAL_TIM_TriggerCallback                  0x08006345   Thumb Code     2  stm32l4xx_hal_tim.o(i.HAL_TIM_TriggerCallback)
    MX_ADC1_Init                             0x08006349   Thumb Code   134  main.o(i.MX_ADC1_Init)
    MX_RTC_Init                              0x080064e9   Thumb Code   160  main.o(i.MX_RTC_Init)
    MX_TIM1_Init                             0x08006591   Thumb Code   164  main.o(i.MX_TIM1_Init)
    MX_USB_DEVICE_Init                       0x0800663d   Thumb Code    50  usb_device.o(i.MX_USB_DEVICE_Init)
    RTC_Alarm_IRQHandler                     0x080067d9   Thumb Code    18  stm32l4xx_it.o(i.RTC_Alarm_IRQHandler)
    RTC_ByteToBcd2                           0x080067f5   Thumb Code    48  stm32l4xx_hal_rtc.o(i.RTC_ByteToBcd2)
    StartDefaultTask                         0x08006825   Thumb Code   346  thread.o(i.StartDefaultTask)
    SystemClock_Config                       0x0800699d   Thumb Code   152  main.o(i.SystemClock_Config)
    SystemInit                               0x08006a35   Thumb Code    58  system_stm32l4xx_1.o(i.SystemInit)
    TIM1_BRK_TIM15_IRQHandler                0x08006a7d   Thumb Code    10  stm32l4xx_it.o(i.TIM1_BRK_TIM15_IRQHandler)
    TIM1_UP_TIM16_IRQHandler                 0x08006a8d   Thumb Code    84  stm32l4xx_it.o(i.TIM1_UP_TIM16_IRQHandler)
    TIM2_IRQHandler                          0x08006ae9   Thumb Code    60  stm32l4xx_it.o(i.TIM2_IRQHandler)
    TIM6_DAC_IRQHandler                      0x08006b2d   Thumb Code    16  stm32l4xx_it.o(i.TIM6_DAC_IRQHandler)
    TIM7_IRQHandler                          0x08006b45   Thumb Code    10  stm32l4xx_it.o(i.TIM7_IRQHandler)
    TIM_Base_SetConfig                       0x08006b55   Thumb Code   104  stm32l4xx_hal_tim.o(i.TIM_Base_SetConfig)
    USBD_CDC_GetDeviceQualifierDescriptor    0x08006cad   Thumb Code     8  usbd_cdc.o(i.USBD_CDC_GetDeviceQualifierDescriptor)
    USBD_CDC_ReceivePacket                   0x08006d87   Thumb Code    48  usbd_cdc.o(i.USBD_CDC_ReceivePacket)
    USBD_CDC_RegisterInterface               0x08006db7   Thumb Code    16  usbd_cdc.o(i.USBD_CDC_RegisterInterface)
    USBD_CDC_SetRxBuffer                     0x08006dc7   Thumb Code    12  usbd_cdc.o(i.USBD_CDC_SetRxBuffer)
    USBD_CDC_SetTxBuffer                     0x08006dd3   Thumb Code    16  usbd_cdc.o(i.USBD_CDC_SetTxBuffer)
    USBD_CDC_TransmitPacket                  0x08006e9d   Thumb Code    58  usbd_cdc.o(i.USBD_CDC_TransmitPacket)
    USBD_ClrClassConfig                      0x08006ed7   Thumb Code    14  usbd_core.o(i.USBD_ClrClassConfig)
    USBD_CtlContinueRx                       0x08006ee5   Thumb Code    16  usbd_ioreq.o(i.USBD_CtlContinueRx)
    USBD_CtlContinueSendData                 0x08006ef5   Thumb Code    16  usbd_ioreq.o(i.USBD_CtlContinueSendData)
    USBD_CtlError                            0x08006f05   Thumb Code    22  usbd_ctlreq.o(i.USBD_CtlError)
    USBD_CtlPrepareRx                        0x08006f1b   Thumb Code    30  usbd_ioreq.o(i.USBD_CtlPrepareRx)
    USBD_CtlReceiveStatus                    0x08006f39   Thumb Code    22  usbd_ioreq.o(i.USBD_CtlReceiveStatus)
    USBD_CtlSendData                         0x08006f4f   Thumb Code    26  usbd_ioreq.o(i.USBD_CtlSendData)
    USBD_CtlSendStatus                       0x08006f69   Thumb Code    22  usbd_ioreq.o(i.USBD_CtlSendStatus)
    USBD_FS_ConfigStrDescriptor              0x08006f81   Thumb Code    16  usbd_desc.o(i.USBD_FS_ConfigStrDescriptor)
    USBD_FS_DeviceDescriptor                 0x08006fa1   Thumb Code     8  usbd_desc.o(i.USBD_FS_DeviceDescriptor)
    USBD_FS_InterfaceStrDescriptor           0x08006fad   Thumb Code    16  usbd_desc.o(i.USBD_FS_InterfaceStrDescriptor)
    USBD_FS_LangIDStrDescriptor              0x08006fd1   Thumb Code     8  usbd_desc.o(i.USBD_FS_LangIDStrDescriptor)
    USBD_FS_ManufacturerStrDescriptor        0x08006fdd   Thumb Code    16  usbd_desc.o(i.USBD_FS_ManufacturerStrDescriptor)
    USBD_FS_ProductStrDescriptor             0x08007005   Thumb Code    16  usbd_desc.o(i.USBD_FS_ProductStrDescriptor)
    USBD_FS_SerialStrDescriptor              0x08007031   Thumb Code    16  usbd_desc.o(i.USBD_FS_SerialStrDescriptor)
    USBD_FS_USR_BOSDescriptor                0x08007055   Thumb Code     8  usbd_desc.o(i.USBD_FS_USR_BOSDescriptor)
    USBD_GetString                           0x08007061   Thumb Code   104  usbd_ctlreq.o(i.USBD_GetString)
    USBD_Init                                0x080070c9   Thumb Code    48  usbd_core.o(i.USBD_Init)
    USBD_LL_BatteryCharging                  0x080070f9   Thumb Code    16  usbd_conf.o(i.USBD_LL_BatteryCharging)
    USBD_LL_ClearStallEP                     0x08007109   Thumb Code    32  usbd_conf.o(i.USBD_LL_ClearStallEP)
    USBD_LL_CloseEP                          0x08007129   Thumb Code    32  usbd_conf.o(i.USBD_LL_CloseEP)
    USBD_LL_DataInStage                      0x08007149   Thumb Code   206  usbd_core.o(i.USBD_LL_DataInStage)
    USBD_LL_DataOutStage                     0x08007217   Thumb Code   126  usbd_core.o(i.USBD_LL_DataOutStage)
    USBD_LL_GetRxDataSize                    0x08007295   Thumb Code     8  usbd_conf.o(i.USBD_LL_GetRxDataSize)
    USBD_LL_Init                             0x0800729d   Thumb Code   140  usbd_conf.o(i.USBD_LL_Init)
    USBD_LL_IsStallEP                        0x08007345   Thumb Code    28  usbd_conf.o(i.USBD_LL_IsStallEP)
    USBD_LL_OpenEP                           0x08007361   Thumb Code    38  usbd_conf.o(i.USBD_LL_OpenEP)
    USBD_LL_PrepareReceive                   0x08007387   Thumb Code    32  usbd_conf.o(i.USBD_LL_PrepareReceive)
    USBD_LL_Reset                            0x080073a7   Thumb Code    80  usbd_core.o(i.USBD_LL_Reset)
    USBD_LL_Resume                           0x080073f7   Thumb Code    12  usbd_core.o(i.USBD_LL_Resume)
    USBD_LL_SOF                              0x08007403   Thumb Code    26  usbd_core.o(i.USBD_LL_SOF)
    USBD_LL_SetSpeed                         0x0800741d   Thumb Code     6  usbd_core.o(i.USBD_LL_SetSpeed)
    USBD_LL_SetUSBAddress                    0x08007423   Thumb Code    32  usbd_conf.o(i.USBD_LL_SetUSBAddress)
    USBD_LL_SetupStage                       0x08007443   Thumb Code    94  usbd_core.o(i.USBD_LL_SetupStage)
    USBD_LL_StallEP                          0x080074a1   Thumb Code    32  usbd_conf.o(i.USBD_LL_StallEP)
    USBD_LL_Start                            0x080074c1   Thumb Code    32  usbd_conf.o(i.USBD_LL_Start)
    USBD_LL_Suspend                          0x080074e1   Thumb Code    18  usbd_core.o(i.USBD_LL_Suspend)
    USBD_LL_Transmit                         0x080074f3   Thumb Code    32  usbd_conf.o(i.USBD_LL_Transmit)
    USBD_ParseSetupRequest                   0x08007513   Thumb Code    40  usbd_ctlreq.o(i.USBD_ParseSetupRequest)
    USBD_RegisterClass                       0x0800753b   Thumb Code    16  usbd_core.o(i.USBD_RegisterClass)
    USBD_SetClassConfig                      0x0800754b   Thumb Code    24  usbd_core.o(i.USBD_SetClassConfig)
    USBD_Start                               0x08007563   Thumb Code    10  usbd_core.o(i.USBD_Start)
    USBD_StdDevReq                           0x0800756d   Thumb Code   732  usbd_ctlreq.o(i.USBD_StdDevReq)
    USBD_StdEPReq                            0x0800784d   Thumb Code   382  usbd_ctlreq.o(i.USBD_StdEPReq)
    USBD_StdItfReq                           0x080079cb   Thumb Code    84  usbd_ctlreq.o(i.USBD_StdItfReq)
    USBD_static_free                         0x08007a1f   Thumb Code     2  usbd_conf.o(i.USBD_static_free)
    USBD_static_malloc                       0x08007a21   Thumb Code     4  usbd_conf.o(i.USBD_static_malloc)
    USB_ActivateEndpoint                     0x08007a29   Thumb Code   722  stm32l4xx_ll_usb.o(i.USB_ActivateEndpoint)
    USB_CoreInit                             0x08007cfb   Thumb Code     4  stm32l4xx_ll_usb.o(i.USB_CoreInit)
    USB_DeactivateEndpoint                   0x08007d01   Thumb Code   362  stm32l4xx_ll_usb.o(i.USB_DeactivateEndpoint)
    USB_DevConnect                           0x08007e6b   Thumb Code    16  stm32l4xx_ll_usb.o(i.USB_DevConnect)
    USB_DevDisconnect                        0x08007e7b   Thumb Code    16  stm32l4xx_ll_usb.o(i.USB_DevDisconnect)
    USB_DevInit                              0x08007e8b   Thumb Code    38  stm32l4xx_ll_usb.o(i.USB_DevInit)
    USB_DisableGlobalInt                     0x08007eb1   Thumb Code    20  stm32l4xx_ll_usb.o(i.USB_DisableGlobalInt)
    USB_EP0_OutStart                         0x08007ec5   Thumb Code     4  stm32l4xx_ll_usb.o(i.USB_EP0_OutStart)
    USB_EPClearStall                         0x08007ec9   Thumb Code   138  stm32l4xx_ll_usb.o(i.USB_EPClearStall)
    USB_EPSetStall                           0x08007f53   Thumb Code    52  stm32l4xx_ll_usb.o(i.USB_EPSetStall)
    USB_EPStartXfer                          0x08007f89   Thumb Code   610  stm32l4xx_ll_usb.o(i.USB_EPStartXfer)
    USB_EnableGlobalInt                      0x080081eb   Thumb Code    18  stm32l4xx_ll_usb.o(i.USB_EnableGlobalInt)
    USB_IRQHandler                           0x080081fd   Thumb Code    10  stm32l4xx_it.o(i.USB_IRQHandler)
    USB_ReadInterrupts                       0x0800820d   Thumb Code     6  stm32l4xx_ll_usb.o(i.USB_ReadInterrupts)
    USB_ReadPMA                              0x08008215   Thumb Code    60  stm32l4xx_ll_usb.o(i.USB_ReadPMA)
    USB_SetCurrentMode                       0x08008251   Thumb Code     4  stm32l4xx_ll_usb.o(i.USB_SetCurrentMode)
    USB_SetDevAddress                        0x08008255   Thumb Code    14  stm32l4xx_ll_usb.o(i.USB_SetDevAddress)
    _Error_Handler                           0x08008263   Thumb Code     2  main.o(i._Error_Handler)
    Communication::parse()                   0x08008265   Thumb Code   262  communication.o(i._ZN13Communication5parseEv)
    Communication::rxUSB(unsigned)           0x08008381   Thumb Code    40  communication.o(i._ZN13Communication5rxUSBEj)
    PSK::SetParamFSK(float, int, int, float, int, float) 0x08008419   Thumb Code   192  psk.o(i._ZN3PSK11SetParamFSKEfiifif)
    PSK::CorrellationV2()                    0x080084e1   Thumb Code   228  psk.o(i._ZN3PSK14CorrellationV2Ev)
    PSK::AverageAndCorrelation()             0x080085d5   Thumb Code   280  psk.o(i._ZN3PSK21AverageAndCorrelationEv)
    PSK::loadBPSP(unsigned char*, unsigned, int) 0x08008711   Thumb Code   102  psk.o(i._ZN3PSK8loadBPSPEPhji)
    PSK::loadQPSP(unsigned char*, unsigned, int) 0x0800877d   Thumb Code   112  psk.o(i._ZN3PSK8loadQPSPEPhji)
    SIGNAL::StartAudio()                     0x080087ed   Thumb Code   192  global.o(i._ZN6SIGNAL10StartAudioEv)
    SIGNAL::emitSignal()                     0x080088d1   Thumb Code    50  global.o(i._ZN6SIGNAL10emitSignalEv)
    SIGNAL::getdPSPOut()                     0x08008909   Thumb Code     4  global.o(i._ZN6SIGNAL10getdPSPOutEv)
    SIGNAL::getFindData()                    0x0800890d   Thumb Code     6  global.o(i._ZN6SIGNAL11getFindDataEv)
    SIGNAL::prepareData()                    0x08008919   Thumb Code   664  global.o(i._ZN6SIGNAL11prepareDataEv)
    SIGNAL::setFindData(data_signal&)        0x08008be9   Thumb Code   246  global.o(i._ZN6SIGNAL11setFindDataER11data_signal)
    SIGNAL::changePSKbit()                   0x08008ce5   Thumb Code    44  global.o(i._ZN6SIGNAL12changePSKbitEv)
    SIGNAL::emitingAudio()                   0x08008d19   Thumb Code     8  global.o(i._ZN6SIGNAL12emitingAudioEv)
    SIGNAL::getSignalData()                  0x08008d25   Thumb Code     6  global.o(i._ZN6SIGNAL13getSignalDataEv)
    SIGNAL::loadFromFlash()                  0x08008d2d   Thumb Code   272  global.o(i._ZN6SIGNAL13loadFromFlashEv)
    SIGNAL::loadFromFlashNextSignal()        0x08008e61   Thumb Code    32  global.o(i._ZN6SIGNAL23loadFromFlashNextSignalEv)
    SIGNAL::bpsk()                           0x08008e85   Thumb Code    80  global.o(i._ZN6SIGNAL4bpskEv)
    SIGNAL::calcNext()                       0x08008ed5   Thumb Code   186  global.o(i._ZN6SIGNAL8calcNextEv)
    SIGNAL::StopAudio()                      0x08008f91   Thumb Code   100  global.o(i._ZN6SIGNAL9StopAudioEv)
    __hardfp_roundf                          0x08009009   Thumb Code   154  roundf.o(i.__hardfp_roundf)
    __scatterload_copy                       0x080090a3   Thumb Code    14  handlers.o(i.__scatterload_copy)
    __scatterload_null                       0x080090b1   Thumb Code     2  handlers.o(i.__scatterload_null)
    __scatterload_zeroinit                   0x080090b3   Thumb Code    14  handlers.o(i.__scatterload_zeroinit)
    eButtonThread                            0x080090fd   Thumb Code   440  thread.o(i.eButtonThread)
    eLedToggle                               0x080092c5   Thumb Code    42  thread.o(i.eLedToggle)
    eMode1                                   0x080092f5   Thumb Code    32  thread.o(i.eMode1)
    eMode2                                   0x08009325   Thumb Code   100  thread.o(i.eMode2)
    eModeRxTx                                0x0800939d   Thumb Code   352  thread.o(i.eModeRxTx)
    main                                     0x08009539   Thumb Code   390  main.o(i.main)
    osRtxErrorNotify                         0x08009721   Thumb Code     2  thread.o(i.osRtxErrorNotify)
    osRtxIdleThread                          0x08009725   Thumb Code    38  thread.o(i.osRtxIdleThread)
    AHBPrescTable                            0x08009754   Data          16  system_stm32l4xx_1.o(.constdata)
    MSIRangeTable                            0x08009764   Data          48  system_stm32l4xx_1.o(.constdata)
    APBPrescTable                            0x08009794   Data           8  system_stm32l4xx_1.o(.constdata)
    osRtxUserSVC                             0x080097fc   Data           4  rtx_lib.o(.constdata)
    sinTable_f32                             0x08009800   Data        2052  arm_common_tables.o(.constdata)
    osRtxConfig                              0x0800a004   Data         104  rtx_lib.o(.rodata)
    Region$$Table$$Base                      0x0800a078   Number         0  anon$$obj.o(Region$$Table)
    Region$$Table$$Limit                     0x0800a098   Number         0  anon$$obj.o(Region$$Table)
    SHT$$INIT_ARRAY$$Base                    0x0800a098   Number         0  communication.o(.init_array)
    SHT$$INIT_ARRAY$$Limit                   0x0800a0a4   Number         0  cpp_init.o(.init_array)
    flashdata                                0x0803f800   Data        2048  global.o(.ARM.__AT_0x0803F800)
    .bss.os.msgqueue.cb$$Base                0x20002750   Number         0  rtx_lib.o(.bss.os.msgqueue.cb)
    .bss.os.msgqueue.cb$$Limit               0x20002784   Number         0  rtx_lib.o(.bss.os.msgqueue.cb)
    .bss.os.thread.cb$$Base                  0x200027d4   Number         0  rtx_lib.o(.bss.os.thread.cb)
    .bss.os.thread.cb$$Limit                 0x2000285c   Number         0  rtx_lib.o(.bss.os.thread.cb)
    uwTick                                   0x20002a60   Data           4  stm32l4xx_hal.o(.data)
    pFlash                                   0x20002a64   Data          32  stm32l4xx_hal_flash.o(.data)
    SystemCoreClock                          0x20002a84   Data           4  system_stm32l4xx_1.o(.data)
    USBD_CDC_CfgHSDesc                       0x20002a98   Data          67  usbd_cdc.o(.data)
    USBD_CDC_CfgFSDesc                       0x20002adc   Data          67  usbd_cdc.o(.data)
    USBD_CDC_OtherSpeedCfgDesc               0x20002b20   Data          67  usbd_cdc.o(.data)
    USBD_CDC                                 0x20002b64   Data          56  usbd_cdc.o(.data)
    comm                                     0x20002b9c   Data           4  communication.o(.data)
    t1                                       0x20002ba0   Data           4  global.o(.data)
    t2                                       0x20002ba4   Data           4  global.o(.data)
    psp_codInput                             0x20002ba8   Data         255  psk.o(.data)
    psp_codOutput                            0x20002ca7   Data         255  psk.o(.data)
    adc_max                                  0x20002da8   Data           2  psk.o(.data)
    maxFNVstat                               0x20002dac   Data           4  psk.o(.data)
    GILBERT_COEFF                            0x20002db0   Data         132  psk.o(.data)
    defaultTaskHandle                        0x20002e34   Data           4  main.o(.data)
    Mode1Handle                              0x20002e38   Data           4  main.o(.data)
    Mode2Handle                              0x20002e3c   Data           4  main.o(.data)
    ModeRxTxHandle                           0x20002e40   Data           4  main.o(.data)
    LedToggleHandle                          0x20002e44   Data           4  main.o(.data)
    ButtonThreadHandle                       0x20002e48   Data           4  main.o(.data)
    rtcIRQHandle                             0x20002e4c   Data           4  main.o(.data)
    adcHandle                                0x20002e50   Data           4  main.o(.data)
    ButtonHandle                             0x20002e54   Data           4  main.o(.data)
    adcQueueHandle                           0x20002e58   Data           4  main.o(.data)
    FS_Desc                                  0x20002e5c   Data          32  usbd_desc.o(.data)
    USBD_LangIDDesc                          0x20002e7c   Data           4  usbd_desc.o(.data)
    USBD_FS_DeviceDesc                       0x20002e80   Data          18  usbd_desc.o(.data)
    USBD_FS_BOSDesc                          0x20002e94   Data          12  usbd_desc.o(.data)
    USBD_Interface_fops_FS                   0x20002ea0   Data          16  usbd_cdc_if.o(.data)
    d_val                                    0x20002eb0   Data           4  stm32l4xx_it.o(.data)
    stat                                     0x20002eb4   Data           4  stm32l4xx_it.o(.data)
    ISR                                      0x20002eb8   Data           4  stm32l4xx_it.o(.data)
    hjf                                      0x20002ebc   Data           4  stm32l4xx_it.o(.data)
    osRtxInfo                                0x20002ec0   Data         164  rtx_kernel.o(.data.os)
    currSignal                               0x20002f64   Data         492  global.o(.bss)
    GilbertBufer                             0x20003150   Data         132  psk.o(.bss)
    psk                                      0x200031d4   Data        8496  psk.o(.bss)
    hadc1                                    0x20005304   Data         104  main.o(.bss)
    hdac1                                    0x2000536c   Data          20  main.o(.bss)
    hiwdg                                    0x20005380   Data          16  main.o(.bss)
    hrtc                                     0x20005390   Data          36  main.o(.bss)
    htim1                                    0x200053b4   Data          64  main.o(.bss)
    htim6                                    0x200053f4   Data          64  main.o(.bss)
    hdma_memtomem_dma1_channel1              0x20005434   Data          72  main.o(.bss)
    hdma_memtomem_dma1_channel2              0x2000547c   Data          72  main.o(.bss)
    hUsbDeviceFS                             0x200054c4   Data         668  usb_device.o(.bss)
    hpcd_USB_FS                              0x20005980   Data        1140  usbd_conf.o(.bss)
    USBD_StrDesc                             0x20005df4   Data         512  usbd_desc.o(.bss)
    UserRxBufferFS                           0x20005ff4   Data        1000  usbd_cdc_if.o(.bss)
    UserTxBufferFS                           0x200063dc   Data        1000  usbd_cdc_if.o(.bss)
    htim7                                    0x200067c4   Data          64  stm32l4xx_hal_timebase_tim.o(.bss)
    __initial_sp                             0x20006a08   Data           0  startup_stm32l432xx.o(STACK)



==============================================================================

Memory Map of the image

  Image Entry point : 0x0800018d

  Load Region LR_IROM1 (Base: 0x08000000, Size: 0x0000d008, Max: 0x00040000, ABSOLUTE, COMPRESSED[0x0000a2d8])

    Execution Region ER_IROM1 (Exec base: 0x08000000, Load base: 0x08000000, Size: 0x0000a0a4, Max: 0x00040000, ABSOLUTE)

    Exec Addr    Load Addr    Size         Type   Attr      Idx    E Section Name        Object

    0x08000000   0x08000000   0x0000018c   Data   RO         4126    RESET               startup_stm32l432xx.o
    0x0800018c   0x0800018c   0x00000000   Code   RO         6750  * .ARM.Collect$$$$00000000  mc_w.l(entry.o)
    0x0800018c   0x0800018c   0x00000004   Code   RO         6776    .ARM.Collect$$$$00000001  mc_w.l(entry2.o)
    0x08000190   0x08000190   0x00000004   Code   RO         6779    .ARM.Collect$$$$00000004  mc_w.l(entry5.o)
    0x08000194   0x08000194   0x00000000   Code   RO         6781    .ARM.Collect$$$$00000008  mc_w.l(entry7b.o)
    0x08000194   0x08000194   0x00000004   Code   RO         6782    .ARM.Collect$$$$00000009  mc_w.l(entry8a.o)
    0x08000198   0x08000198   0x00000000   Code   RO         6783    .ARM.Collect$$$$0000000A  mc_w.l(entry8b.o)
    0x08000198   0x08000198   0x00000008   Code   RO         6784    .ARM.Collect$$$$0000000B  mc_w.l(entry9a.o)
    0x080001a0   0x080001a0   0x00000000   Code   RO         6786    .ARM.Collect$$$$0000000D  mc_w.l(entry10a.o)
    0x080001a0   0x080001a0   0x00000000   Code   RO         6788    .ARM.Collect$$$$0000000F  mc_w.l(entry11a.o)
    0x080001a0   0x080001a0   0x00000004   Code   RO         6777    .ARM.Collect$$$$00002712  mc_w.l(entry2.o)
    0x080001a4   0x080001a4   0x00000024   Code   RO         4127    .text               startup_stm32l432xx.o
    0x080001c8   0x080001c8   0x00000104   Code   RO         5975    .text               arm_cortexM4lf_math.lib(arm_dot_prod_f32.o)
    0x080002cc   0x080002cc   0x00000094   Code   RO         6021    .text               arm_cortexM4lf_math.lib(arm_sin_f32.o)
    0x08000360   0x08000360   0x000000dc   Code   RO         6049    .text               arm_cortexM4lf_math.lib(arm_cmplx_dot_prod_f32.o)
    0x0800043c   0x0800043c   0x000000fc   Code   RO         6073    .text               arm_cortexM4lf_math.lib(arm_cmplx_mag_f32.o)
    0x08000538   0x08000538   0x000000f0   Code   RO         6100    .text               arm_cortexM4lf_math.lib(arm_cmplx_mult_cmplx_f32.o)
    0x08000628   0x08000628   0x0000012c   Code   RO         6124    .text               arm_cortexM4lf_math.lib(arm_sin_cos_f32.o)
    0x08000754   0x08000754   0x000000d0   Code   RO         6461    .text               RTX_CM4F.lib(irq_cm4f.o)
    0x08000824   0x08000824   0x00000024   Code   RO         6753    .text               mc_w.l(memcpya.o)
    0x08000848   0x08000848   0x00000024   Code   RO         6755    .text               mc_w.l(memseta.o)
    0x0800086c   0x0800086c   0x00000020   Code   RO         6762    .text               mc_w.l(cpp_init.o)
    0x0800088c   0x0800088c   0x000000ea   Code   RO         6764    .text               mf_w.l(dmul.o)
    0x08000976   0x08000976   0x000000de   Code   RO         6766    .text               mf_w.l(ddiv.o)
    0x08000a54   0x08000a54   0x0000001a   Code   RO         6768    .text               mf_w.l(dfltui.o)
    0x08000a6e   0x08000a6e   0x00000032   Code   RO         6770    .text               mf_w.l(dfixui.o)
    0x08000aa0   0x08000aa0   0x00000026   Code   RO         6772    .text               mf_w.l(f2d.o)
    0x08000ac6   0x08000ac6   0x00000038   Code   RO         6774    .text               mf_w.l(d2f.o)
    0x08000afe   0x08000afe   0x00000020   Code   RO         6790    .text               mc_w.l(llushr.o)
    0x08000b1e   0x08000b1e   0x00000000   Code   RO         6792    .text               mc_w.l(iusefp.o)
    0x08000b1e   0x08000b1e   0x0000006e   Code   RO         6793    .text               mf_w.l(fepilogue.o)
    0x08000b8c   0x08000b8c   0x0000003c   Code   RO         6795    .text               mf_w.l(frnd.o)
    0x08000bc8   0x08000bc8   0x000000ba   Code   RO         6797    .text               mf_w.l(depilogue.o)
    0x08000c82   0x08000c82   0x00000002   PAD
    0x08000c84   0x08000c84   0x00000024   Code   RO         6799    .text               mc_w.l(init.o)
    0x08000ca8   0x08000ca8   0x0000001e   Code   RO         6801    .text               mc_w.l(llshl.o)
    0x08000cc6   0x08000cc6   0x00000056   Code   RO         6811    .text               mc_w.l(__dczerorl2.o)
    0x08000d1c   0x08000d1c   0x00000046   Code   RO         6442    .text.MessageQueueGet  RTX_CM4F.lib(rtx_msgqueue.o)
    0x08000d62   0x08000d62   0x00000064   Code   RO         6436    .text.MessageQueuePut  RTX_CM4F.lib(rtx_msgqueue.o)
    0x08000dc6   0x08000dc6   0x00000026   Code   RO         6434    .text.MessageQueueRemove  RTX_CM4F.lib(rtx_msgqueue.o)
    0x08000dec   0x08000dec   0x0000000c   Code   RO         6723    .text.OS_Tick_AcknowledgeIRQ  RTX_CM4F.lib(os_systick.o)
    0x08000df8   0x08000df8   0x0000002c   Code   RO         6719    .text.OS_Tick_Enable  RTX_CM4F.lib(os_systick.o)
    0x08000e24   0x08000e24   0x00000006   Code   RO         6725    .text.OS_Tick_GetIRQn  RTX_CM4F.lib(os_systick.o)
    0x08000e2a   0x08000e2a   0x00000002   PAD
    0x08000e2c   0x08000e2c   0x00000040   Code   RO         6717    .text.OS_Tick_Setup  RTX_CM4F.lib(os_systick.o)
    0x08000e6c   0x08000e6c   0x0000006a   Code   RO         6289    .text.ThreadFlagsCheck  RTX_CM4F.lib(rtx_thread.o)
    0x08000ed6   0x08000ed6   0x00000002   PAD
    0x08000ed8   0x08000ed8   0x00000050   Code   RO         6564    .text.TimerInsert   RTX_CM4F.lib(rtx_timer.o)
    0x08000f28   0x08000f28   0x00000024   Code   RO         6346    .text.osDelay       RTX_CM4F.lib(rtx_delay.o)
    0x08000f4c   0x08000f4c   0x00000034   Code   RO         6152    .text.osKernelGetState  RTX_CM4F.lib(rtx_kernel.o)
    0x08000f80   0x08000f80   0x00000024   Code   RO         6146    .text.osKernelInitialize  RTX_CM4F.lib(rtx_kernel.o)
    0x08000fa4   0x08000fa4   0x00000024   Code   RO         6156    .text.osKernelStart  RTX_CM4F.lib(rtx_kernel.o)
    0x08000fc8   0x08000fc8   0x00000070   Code   RO         6408    .text.osMessageQueueGet  RTX_CM4F.lib(rtx_msgqueue.o)
    0x08001038   0x08001038   0x00000024   Code   RO         6402    .text.osMessageQueueNew  RTX_CM4F.lib(rtx_msgqueue.o)
    0x0800105c   0x0800105c   0x00000080   Code   RO         6406    .text.osMessageQueuePut  RTX_CM4F.lib(rtx_msgqueue.o)
    0x080010dc   0x080010dc   0x00000080   Code   RO         6630    .text.osRtxMemoryAlloc  RTX_CM4F.lib(rtx_memory.o)
    0x0800115c   0x0800115c   0x00000052   Code   RO         6632    .text.osRtxMemoryFree  RTX_CM4F.lib(rtx_memory.o)
    0x080011ae   0x080011ae   0x00000036   Code   RO         6628    .text.osRtxMemoryInit  RTX_CM4F.lib(rtx_memory.o)
    0x080011e4   0x080011e4   0x0000004a   Code   RO         6647    .text.osRtxMemoryPoolAlloc  RTX_CM4F.lib(rtx_mempool.o)
    0x0800122e   0x0800122e   0x00000056   Code   RO         6649    .text.osRtxMemoryPoolFree  RTX_CM4F.lib(rtx_mempool.o)
    0x08001284   0x08001284   0x00000054   Code   RO         6645    .text.osRtxMemoryPoolInit  RTX_CM4F.lib(rtx_mempool.o)
    0x080012d8   0x080012d8   0x000000d6   Code   RO         6432    .text.osRtxMessageQueuePostProcess  RTX_CM4F.lib(rtx_msgqueue.o)
    0x080013ae   0x080013ae   0x00000044   Code   RO         6591    .text.osRtxMutexOwnerRelease  RTX_CM4F.lib(rtx_mutex.o)
    0x080013f2   0x080013f2   0x00000002   PAD
    0x080013f4   0x080013f4   0x00000090   Code   RO         6702    .text.osRtxPendSV_Handler  RTX_CM4F.lib(rtx_system.o)
    0x08001484   0x08001484   0x00000074   Code   RO         6704    .text.osRtxPostProcess  RTX_CM4F.lib(rtx_system.o)
    0x080014f8   0x080014f8   0x0000003e   Code   RO         6381    .text.osRtxSemaphorePostProcess  RTX_CM4F.lib(rtx_semaphore.o)
    0x08001536   0x08001536   0x00000002   PAD
    0x08001538   0x08001538   0x0000003c   Code   RO         6231    .text.osRtxThreadBlock  RTX_CM4F.lib(rtx_thread.o)
    0x08001574   0x08001574   0x00000094   Code   RO         6239    .text.osRtxThreadDelayInsert  RTX_CM4F.lib(rtx_thread.o)
    0x08001608   0x08001608   0x00000058   Code   RO         6235    .text.osRtxThreadDelayRemove  RTX_CM4F.lib(rtx_thread.o)
    0x08001660   0x08001660   0x00000038   Code   RO         6221    .text.osRtxThreadDelayTick  RTX_CM4F.lib(rtx_thread.o)
    0x08001698   0x08001698   0x00000060   Code   RO         6229    .text.osRtxThreadDispatch  RTX_CM4F.lib(rtx_thread.o)
    0x080016f8   0x080016f8   0x00000058   Code   RO         6315    .text.osRtxThreadFree  RTX_CM4F.lib(rtx_thread.o)
    0x08001750   0x08001750   0x00000016   Code   RO         6213    .text.osRtxThreadListGet  RTX_CM4F.lib(rtx_thread.o)
    0x08001766   0x08001766   0x00000038   Code   RO         6211    .text.osRtxThreadListPut  RTX_CM4F.lib(rtx_thread.o)
    0x0800179e   0x0800179e   0x00000014   Code   RO         6217    .text.osRtxThreadListRemove  RTX_CM4F.lib(rtx_thread.o)
    0x080017b2   0x080017b2   0x0000002a   Code   RO         6287    .text.osRtxThreadPostProcess  RTX_CM4F.lib(rtx_thread.o)
    0x080017dc   0x080017dc   0x00000014   Code   RO         6219    .text.osRtxThreadReadyPut  RTX_CM4F.lib(rtx_thread.o)
    0x080017f0   0x080017f0   0x00000014   Code   RO         6223    .text.osRtxThreadRegPtr  RTX_CM4F.lib(rtx_thread.o)
    0x08001804   0x08001804   0x00000028   Code   RO         6227    .text.osRtxThreadStackCheck  RTX_CM4F.lib(rtx_thread.o)
    0x0800182c   0x0800182c   0x00000058   Code   RO         6241    .text.osRtxThreadStartup  RTX_CM4F.lib(rtx_thread.o)
    0x08001884   0x08001884   0x00000010   Code   RO         6225    .text.osRtxThreadSwitch  RTX_CM4F.lib(rtx_thread.o)
    0x08001894   0x08001894   0x00000038   Code   RO         6237    .text.osRtxThreadWaitEnter  RTX_CM4F.lib(rtx_thread.o)
    0x080018cc   0x080018cc   0x00000032   Code   RO         6233    .text.osRtxThreadWaitExit  RTX_CM4F.lib(rtx_thread.o)
    0x080018fe   0x080018fe   0x00000002   PAD
    0x08001900   0x08001900   0x00000070   Code   RO         6700    .text.osRtxTick_Handler  RTX_CM4F.lib(rtx_system.o)
    0x08001970   0x08001970   0x00000044   Code   RO         6548    .text.osRtxTimerThread  RTX_CM4F.lib(rtx_timer.o)
    0x080019b4   0x080019b4   0x00000058   Code   RO         6550    .text.osRtxTimerTick  RTX_CM4F.lib(rtx_timer.o)
    0x08001a0c   0x08001a0c   0x00000060   Code   RO         6369    .text.osSemaphoreAcquire  RTX_CM4F.lib(rtx_semaphore.o)
    0x08001a6c   0x08001a6c   0x00000024   Code   RO         6365    .text.osSemaphoreNew  RTX_CM4F.lib(rtx_semaphore.o)
    0x08001a90   0x08001a90   0x00000068   Code   RO         6371    .text.osSemaphoreRelease  RTX_CM4F.lib(rtx_semaphore.o)
    0x08001af8   0x08001af8   0x0000000c   Code   RO         6271    .text.osThreadExit  RTX_CM4F.lib(rtx_thread.o)
    0x08001b04   0x08001b04   0x00000024   Code   RO         6245    .text.osThreadNew   RTX_CM4F.lib(rtx_thread.o)
    0x08001b28   0x08001b28   0x00000024   Code   RO         6265    .text.osThreadResume  RTX_CM4F.lib(rtx_thread.o)
    0x08001b4c   0x08001b4c   0x00000024   Code   RO         6263    .text.osThreadSuspend  RTX_CM4F.lib(rtx_thread.o)
    0x08001b70   0x08001b70   0x00000024   Code   RO         6273    .text.osThreadTerminate  RTX_CM4F.lib(rtx_thread.o)
    0x08001b94   0x08001b94   0x00000014   Code   RO         6350    .text.svcRtxDelay   RTX_CM4F.lib(rtx_delay.o)
    0x08001ba8   0x08001ba8   0x0000000c   Code   RO         6154    .text.svcRtxKernelGetState  RTX_CM4F.lib(rtx_kernel.o)
    0x08001bb4   0x08001bb4   0x00000178   Code   RO         6184    .text.svcRtxKernelInitialize  RTX_CM4F.lib(rtx_kernel.o)
    0x08001d2c   0x08001d2c   0x0000008c   Code   RO         6186    .text.svcRtxKernelStart  RTX_CM4F.lib(rtx_kernel.o)
    0x08001db8   0x08001db8   0x000000f0   Code   RO         6444    .text.svcRtxMessageQueueGet  RTX_CM4F.lib(rtx_msgqueue.o)
    0x08001ea8   0x08001ea8   0x0000013e   Code   RO         6430    .text.svcRtxMessageQueueNew  RTX_CM4F.lib(rtx_msgqueue.o)
    0x08001fe6   0x08001fe6   0x00000002   PAD
    0x08001fe8   0x08001fe8   0x000000c8   Code   RO         6440    .text.svcRtxMessageQueuePut  RTX_CM4F.lib(rtx_msgqueue.o)
    0x080020b0   0x080020b0   0x00000060   Code   RO         6385    .text.svcRtxSemaphoreAcquire  RTX_CM4F.lib(rtx_semaphore.o)
    0x08002110   0x08002110   0x00000084   Code   RO         6379    .text.svcRtxSemaphoreNew  RTX_CM4F.lib(rtx_semaphore.o)
    0x08002194   0x08002194   0x0000005e   Code   RO         6387    .text.svcRtxSemaphoreRelease  RTX_CM4F.lib(rtx_semaphore.o)
    0x080021f2   0x080021f2   0x00000002   PAD
    0x080021f4   0x080021f4   0x00000068   Code   RO         6319    .text.svcRtxThreadExit  RTX_CM4F.lib(rtx_thread.o)
    0x0800225c   0x0800225c   0x000001e6   Code   RO         6243    .text.svcRtxThreadNew  RTX_CM4F.lib(rtx_thread.o)
    0x08002442   0x08002442   0x00000038   Code   RO         6309    .text.svcRtxThreadResume  RTX_CM4F.lib(rtx_thread.o)
    0x0800247a   0x0800247a   0x00000002   PAD
    0x0800247c   0x0800247c   0x00000080   Code   RO         6307    .text.svcRtxThreadSuspend  RTX_CM4F.lib(rtx_thread.o)
    0x080024fc   0x080024fc   0x000000bc   Code   RO         6321    .text.svcRtxThreadTerminate  RTX_CM4F.lib(rtx_thread.o)
    0x080025b8   0x080025b8   0x0000008c   Code   RO         5672    i.ADC1_IRQHandler   stm32l4xx_it.o
    0x08002644   0x08002644   0x000000ec   Code   RO          605    i.ADC_Enable        stm32l4xx_hal_adc.o
    0x08002730   0x08002730   0x0000002c   Code   RO         5611    i.CDC_Transmit_FS   usbd_cdc_if.o
    0x0800275c   0x0800275c   0x0000000a   Code   RO         5673    i.EXTI9_5_IRQHandler  stm32l4xx_it.o
    0x08002766   0x08002766   0x00000002   PAD
    0x08002768   0x08002768   0x00000058   Code   RO         3427    i.FLASH_FlushCaches  stm32l4xx_hal_flash_ex.o
    0x080027c0   0x080027c0   0x00000084   Code   RO         3334    i.FLASH_WaitForLastOperation  stm32l4xx_hal_flash.o
    0x08002844   0x08002844   0x00000002   Code   RO          795    i.HAL_ADCEx_EndOfSamplingCallback  stm32l4xx_hal_adc_ex.o
    0x08002846   0x08002846   0x00000002   PAD
    0x08002848   0x08002848   0x00000518   Code   RO          797    i.HAL_ADCEx_InjectedConfigChannel  stm32l4xx_hal_adc_ex.o
    0x08002d60   0x08002d60   0x00000002   Code   RO          798    i.HAL_ADCEx_InjectedConvCpltCallback  stm32l4xx_hal_adc_ex.o
    0x08002d62   0x08002d62   0x00000002   Code   RO          801    i.HAL_ADCEx_InjectedQueueOverflowCallback  stm32l4xx_hal_adc_ex.o
    0x08002d64   0x08002d64   0x000000d6   Code   RO          803    i.HAL_ADCEx_InjectedStart_IT  stm32l4xx_hal_adc_ex.o
    0x08002e3a   0x08002e3a   0x00000002   Code   RO          806    i.HAL_ADCEx_LevelOutOfWindow2Callback  stm32l4xx_hal_adc_ex.o
    0x08002e3c   0x08002e3c   0x00000002   Code   RO          807    i.HAL_ADCEx_LevelOutOfWindow3Callback  stm32l4xx_hal_adc_ex.o
    0x08002e3e   0x08002e3e   0x00000002   Code   RO          608    i.HAL_ADC_ConvCpltCallback  stm32l4xx_hal_adc.o
    0x08002e40   0x08002e40   0x00000002   Code   RO          611    i.HAL_ADC_ErrorCallback  stm32l4xx_hal_adc.o
    0x08002e42   0x08002e42   0x00000224   Code   RO          615    i.HAL_ADC_IRQHandler  stm32l4xx_hal_adc.o
    0x08003066   0x08003066   0x00000002   PAD
    0x08003068   0x08003068   0x000001e0   Code   RO          616    i.HAL_ADC_Init      stm32l4xx_hal_adc.o
    0x08003248   0x08003248   0x00000002   Code   RO          617    i.HAL_ADC_LevelOutOfWindowCallback  stm32l4xx_hal_adc.o
    0x0800324a   0x0800324a   0x00000002   PAD
    0x0800324c   0x0800324c   0x00000054   Code   RO         5765    i.HAL_ADC_MspInit   stm32l4xx_hal_msp.o
    0x080032a0   0x080032a0   0x00000002   Code   RO         1088    i.HAL_DACEx_DMAUnderrunCallbackCh2  stm32l4xx_hal_dac_ex.o
    0x080032a2   0x080032a2   0x00000002   PAD
    0x080032a4   0x080032a4   0x0000012e   Code   RO          945    i.HAL_DAC_ConfigChannel  stm32l4xx_hal_dac.o
    0x080033d2   0x080033d2   0x00000002   Code   RO          948    i.HAL_DAC_DMAUnderrunCallbackCh1  stm32l4xx_hal_dac.o
    0x080033d4   0x080033d4   0x00000070   Code   RO          954    i.HAL_DAC_IRQHandler  stm32l4xx_hal_dac.o
    0x08003444   0x08003444   0x00000028   Code   RO          955    i.HAL_DAC_Init      stm32l4xx_hal_dac.o
    0x0800346c   0x0800346c   0x00000054   Code   RO         5767    i.HAL_DAC_MspInit   stm32l4xx_hal_msp.o
    0x080034c0   0x080034c0   0x00000010   Code   RO         2412    i.HAL_DBGMCU_DisableDBGSleepMode  stm32l4xx_hal.o
    0x080034d0   0x080034d0   0x00000010   Code   RO         2415    i.HAL_DBGMCU_EnableDBGSleepMode  stm32l4xx_hal.o
    0x080034e0   0x080034e0   0x00000110   Code   RO         3583    i.HAL_DMA_Init      stm32l4xx_hal_dma.o
    0x080035f0   0x080035f0   0x0000001e   Code   RO         2419    i.HAL_Delay         stm32l4xx_hal.o
    0x0800360e   0x0800360e   0x00000002   PAD
    0x08003610   0x08003610   0x0000014c   Code   RO         3429    i.HAL_FLASHEx_Erase  stm32l4xx_hal_flash_ex.o
    0x0800375c   0x0800375c   0x00000014   Code   RO         3338    i.HAL_FLASH_Lock    stm32l4xx_hal_flash.o
    0x08003770   0x08003770   0x000000ea   Code   RO         3343    i.HAL_FLASH_Program  stm32l4xx_hal_flash.o
    0x0800385a   0x0800385a   0x00000002   PAD
    0x0800385c   0x0800385c   0x00000030   Code   RO         3345    i.HAL_FLASH_Unlock  stm32l4xx_hal_flash.o
    0x0800388c   0x0800388c   0x00000014   Code   RO         4998    i.HAL_GPIO_EXTI_Callback  thread.o
    0x080038a0   0x080038a0   0x00000018   Code   RO         3513    i.HAL_GPIO_EXTI_IRQHandler  stm32l4xx_hal_gpio.o
    0x080038b8   0x080038b8   0x000001fa   Code   RO         3514    i.HAL_GPIO_Init     stm32l4xx_hal_gpio.o
    0x08003ab2   0x08003ab2   0x0000000a   Code   RO         3518    i.HAL_GPIO_WritePin  stm32l4xx_hal_gpio.o
    0x08003abc   0x08003abc   0x0000000c   Code   RO         2423    i.HAL_GetTick       stm32l4xx_hal.o
    0x08003ac8   0x08003ac8   0x0000000c   Code   RO         1186    i.HAL_IWDG_Refresh  stm32l4xx_hal_iwdg.o
    0x08003ad4   0x08003ad4   0x00000010   Code   RO         2427    i.HAL_IncTick       stm32l4xx_hal.o
    0x08003ae4   0x08003ae4   0x00000016   Code   RO         2428    i.HAL_Init          stm32l4xx_hal.o
    0x08003afa   0x08003afa   0x00000002   PAD
    0x08003afc   0x08003afc   0x00000074   Code   RO         5842    i.HAL_InitTick      stm32l4xx_hal_timebase_tim.o
    0x08003b70   0x08003b70   0x00000094   Code   RO         5768    i.HAL_MspInit       stm32l4xx_hal_msp.o
    0x08003c04   0x08003c04   0x00000018   Code   RO         4001    i.HAL_NVIC_DisableIRQ  stm32l4xx_hal_cortex.o
    0x08003c1c   0x08003c1c   0x00000018   Code   RO         4002    i.HAL_NVIC_EnableIRQ  stm32l4xx_hal_cortex.o
    0x08003c34   0x08003c34   0x00000064   Code   RO         4008    i.HAL_NVIC_SetPriority  stm32l4xx_hal_cortex.o
    0x08003c98   0x08003c98   0x00000024   Code   RO         4009    i.HAL_NVIC_SetPriorityGrouping  stm32l4xx_hal_cortex.o
    0x08003cbc   0x08003cbc   0x00000024   Code   RO         4010    i.HAL_NVIC_SystemReset  stm32l4xx_hal_cortex.o
    0x08003ce0   0x08003ce0   0x00000024   Code   RO          343    i.HAL_PCDEx_ActivateBCD  stm32l4xx_hal_pcd_ex.o
    0x08003d04   0x08003d04   0x0000002a   Code   RO          344    i.HAL_PCDEx_ActivateLPM  stm32l4xx_hal_pcd_ex.o
    0x08003d2e   0x08003d2e   0x00000002   PAD
    0x08003d30   0x08003d30   0x00000048   Code   RO         5318    i.HAL_PCDEx_LPM_Callback  usbd_conf.o
    0x08003d78   0x08003d78   0x00000030   Code   RO          350    i.HAL_PCDEx_PMAConfig  stm32l4xx_hal_pcd_ex.o
    0x08003da8   0x08003da8   0x0000000e   Code   RO         5321    i.HAL_PCD_DataInStageCallback  usbd_conf.o
    0x08003db6   0x08003db6   0x00000010   Code   RO         5322    i.HAL_PCD_DataOutStageCallback  usbd_conf.o
    0x08003dc6   0x08003dc6   0x0000004a   Code   RO           13    i.HAL_PCD_EP_Close  stm32l4xx_hal_pcd.o
    0x08003e10   0x08003e10   0x0000005a   Code   RO           14    i.HAL_PCD_EP_ClrStall  stm32l4xx_hal_pcd.o
    0x08003e6a   0x08003e6a   0x00000010   Code   RO           16    i.HAL_PCD_EP_GetRxCount  stm32l4xx_hal_pcd.o
    0x08003e7a   0x08003e7a   0x0000005a   Code   RO           17    i.HAL_PCD_EP_Open   stm32l4xx_hal_pcd.o
    0x08003ed4   0x08003ed4   0x0000002a   Code   RO           18    i.HAL_PCD_EP_Receive  stm32l4xx_hal_pcd.o
    0x08003efe   0x08003efe   0x0000006c   Code   RO           19    i.HAL_PCD_EP_SetStall  stm32l4xx_hal_pcd.o
    0x08003f6a   0x08003f6a   0x00000026   Code   RO           20    i.HAL_PCD_EP_Transmit  stm32l4xx_hal_pcd.o
    0x08003f90   0x08003f90   0x000004ac   Code   RO           22    i.HAL_PCD_IRQHandler  stm32l4xx_hal_pcd.o
    0x0800443c   0x0800443c   0x000000ca   Code   RO           25    i.HAL_PCD_Init      stm32l4xx_hal_pcd.o
    0x08004506   0x08004506   0x00000002   PAD
    0x08004508   0x08004508   0x0000003c   Code   RO         5327    i.HAL_PCD_MspInit   usbd_conf.o
    0x08004544   0x08004544   0x0000001a   Code   RO         5328    i.HAL_PCD_ResetCallback  usbd_conf.o
    0x0800455e   0x0800455e   0x00000002   PAD
    0x08004560   0x08004560   0x00000028   Code   RO         5329    i.HAL_PCD_ResumeCallback  usbd_conf.o
    0x08004588   0x08004588   0x00000008   Code   RO         5330    i.HAL_PCD_SOFCallback  usbd_conf.o
    0x08004590   0x08004590   0x00000028   Code   RO           31    i.HAL_PCD_SetAddress  stm32l4xx_hal_pcd.o
    0x080045b8   0x080045b8   0x0000000e   Code   RO         5331    i.HAL_PCD_SetupStageCallback  usbd_conf.o
    0x080045c6   0x080045c6   0x0000002a   Code   RO           33    i.HAL_PCD_Start     stm32l4xx_hal_pcd.o
    0x080045f0   0x080045f0   0x00000024   Code   RO         5332    i.HAL_PCD_SuspendCallback  usbd_conf.o
    0x08004614   0x08004614   0x0000006c   Code   RO         3800    i.HAL_PWREx_ControlVoltageScaling  stm32l4xx_hal_pwr_ex.o
    0x08004680   0x08004680   0x00000010   Code   RO         3820    i.HAL_PWREx_EnableVddUSB  stm32l4xx_hal_pwr_ex.o
    0x08004690   0x08004690   0x00000010   Code   RO         3825    i.HAL_PWREx_GetVoltageRange  stm32l4xx_hal_pwr_ex.o
    0x080046a0   0x080046a0   0x000002ce   Code   RO         3183    i.HAL_RCCEx_PeriphCLKConfig  stm32l4xx_hal_rcc_ex.o
    0x0800496e   0x0800496e   0x00000002   PAD
    0x08004970   0x08004970   0x00000150   Code   RO         3067    i.HAL_RCC_ClockConfig  stm32l4xx_hal_rcc.o
    0x08004ac0   0x08004ac0   0x000000f0   Code   RO         3068    i.HAL_RCC_DeInit    stm32l4xx_hal_rcc.o
    0x08004bb0   0x08004bb0   0x00000040   Code   RO         3070    i.HAL_RCC_GetClockConfig  stm32l4xx_hal_rcc.o
    0x08004bf0   0x08004bf0   0x0000000c   Code   RO         3071    i.HAL_RCC_GetHCLKFreq  stm32l4xx_hal_rcc.o
    0x08004bfc   0x08004bfc   0x00000020   Code   RO         3073    i.HAL_RCC_GetPCLK1Freq  stm32l4xx_hal_rcc.o
    0x08004c1c   0x08004c1c   0x00000020   Code   RO         3074    i.HAL_RCC_GetPCLK2Freq  stm32l4xx_hal_rcc.o
    0x08004c3c   0x08004c3c   0x000000d0   Code   RO         3075    i.HAL_RCC_GetSysClockFreq  stm32l4xx_hal_rcc.o
    0x08004d0c   0x08004d0c   0x00000668   Code   RO         3078    i.HAL_RCC_OscConfig  stm32l4xx_hal_rcc.o
    0x08005374   0x08005374   0x00000002   Code   RO         1351    i.HAL_RTCEx_AlarmBEventCallback  stm32l4xx_hal_rtc_ex.o
    0x08005376   0x08005376   0x0000000a   Code   RO         1352    i.HAL_RTCEx_BKUPRead  stm32l4xx_hal_rtc_ex.o
    0x08005380   0x08005380   0x0000000a   Code   RO         1353    i.HAL_RTCEx_BKUPWrite  stm32l4xx_hal_rtc_ex.o
    0x0800538a   0x0800538a   0x00000002   Code   RO         1215    i.HAL_RTC_AlarmAEventCallback  stm32l4xx_hal_rtc.o
    0x0800538c   0x0800538c   0x00000084   Code   RO         1216    i.HAL_RTC_AlarmIRQHandler  stm32l4xx_hal_rtc.o
    0x08005410   0x08005410   0x00000118   Code   RO         1223    i.HAL_RTC_Init      stm32l4xx_hal_rtc.o
    0x08005528   0x08005528   0x00000034   Code   RO         5770    i.HAL_RTC_MspInit   stm32l4xx_hal_msp.o
    0x0800555c   0x0800555c   0x000001be   Code   RO         1228    i.HAL_RTC_SetAlarm_IT  stm32l4xx_hal_rtc.o
    0x0800571a   0x0800571a   0x00000002   PAD
    0x0800571c   0x0800571c   0x00000132   Code   RO         1229    i.HAL_RTC_SetDate   stm32l4xx_hal_rtc.o
    0x0800584e   0x0800584e   0x00000002   PAD
    0x08005850   0x08005850   0x00000156   Code   RO         1230    i.HAL_RTC_SetTime   stm32l4xx_hal_rtc.o
    0x080059a6   0x080059a6   0x00000016   Code   RO         4011    i.HAL_SYSTICK_CLKSourceConfig  stm32l4xx_hal_cortex.o
    0x080059bc   0x080059bc   0x0000002c   Code   RO         4013    i.HAL_SYSTICK_Config  stm32l4xx_hal_cortex.o
    0x080059e8   0x080059e8   0x00000002   Code   RO         2160    i.HAL_TIMEx_Break2Callback  stm32l4xx_hal_tim_ex.o
    0x080059ea   0x080059ea   0x00000002   Code   RO         2161    i.HAL_TIMEx_BreakCallback  stm32l4xx_hal_tim_ex.o
    0x080059ec   0x080059ec   0x00000002   Code   RO         2162    i.HAL_TIMEx_CommutationCallback  stm32l4xx_hal_tim_ex.o
    0x080059ee   0x080059ee   0x00000086   Code   RO         2163    i.HAL_TIMEx_ConfigBreakDeadTime  stm32l4xx_hal_tim_ex.o
    0x08005a74   0x08005a74   0x0000005a   Code   RO         2180    i.HAL_TIMEx_MasterConfigSynchronization  stm32l4xx_hal_tim_ex.o
    0x08005ace   0x08005ace   0x00000036   Code   RO         1569    i.HAL_TIM_Base_Init  stm32l4xx_hal_tim.o
    0x08005b04   0x08005b04   0x00000084   Code   RO         5772    i.HAL_TIM_Base_MspInit  stm32l4xx_hal_msp.o
    0x08005b88   0x08005b88   0x00000034   Code   RO         1572    i.HAL_TIM_Base_Start  stm32l4xx_hal_tim.o
    0x08005bbc   0x08005bbc   0x00000030   Code   RO         1574    i.HAL_TIM_Base_Start_IT  stm32l4xx_hal_tim.o
    0x08005bec   0x08005bec   0x0000002c   Code   RO         1575    i.HAL_TIM_Base_Stop  stm32l4xx_hal_tim.o
    0x08005c18   0x08005c18   0x0000019e   Code   RO         1578    i.HAL_TIM_ConfigClockSource  stm32l4xx_hal_tim.o
    0x08005db6   0x08005db6   0x00000002   Code   RO         1598    i.HAL_TIM_IC_CaptureCallback  stm32l4xx_hal_tim.o
    0x08005db8   0x08005db8   0x0000018a   Code   RO         1611    i.HAL_TIM_IRQHandler  stm32l4xx_hal_tim.o
    0x08005f42   0x08005f42   0x00000002   PAD
    0x08005f44   0x08005f44   0x00000044   Code   RO         5773    i.HAL_TIM_MspPostInit  stm32l4xx_hal_msp.o
    0x08005f88   0x08005f88   0x00000002   Code   RO         1614    i.HAL_TIM_OC_DelayElapsedCallback  stm32l4xx_hal_tim.o
    0x08005f8a   0x08005f8a   0x00000002   PAD
    0x08005f8c   0x08005f8c   0x0000036c   Code   RO         1635    i.HAL_TIM_PWM_ConfigChannel  stm32l4xx_hal_tim.o
    0x080062f8   0x080062f8   0x00000036   Code   RO         1638    i.HAL_TIM_PWM_Init  stm32l4xx_hal_tim.o
    0x0800632e   0x0800632e   0x00000002   Code   RO         1640    i.HAL_TIM_PWM_MspInit  stm32l4xx_hal_tim.o
    0x08006330   0x08006330   0x00000002   Code   RO         1641    i.HAL_TIM_PWM_PulseFinishedCallback  stm32l4xx_hal_tim.o
    0x08006332   0x08006332   0x00000012   Code   RO         5179    i.HAL_TIM_PeriodElapsedCallback  main.o
    0x08006344   0x08006344   0x00000002   Code   RO         1652    i.HAL_TIM_TriggerCallback  stm32l4xx_hal_tim.o
    0x08006346   0x08006346   0x00000002   PAD
    0x08006348   0x08006348   0x00000098   Code   RO         5180    i.MX_ADC1_Init      main.o
    0x080063e0   0x080063e0   0x00000108   Code   RO         5182    i.MX_GPIO_Init      main.o
    0x080064e8   0x080064e8   0x000000a8   Code   RO         5184    i.MX_RTC_Init       main.o
    0x08006590   0x08006590   0x000000ac   Code   RO         5185    i.MX_TIM1_Init      main.o
    0x0800663c   0x0800663c   0x00000044   Code   RO         5271    i.MX_USB_DEVICE_Init  usb_device.o
    0x08006680   0x08006680   0x00000158   Code   RO         3186    i.RCCEx_PLLSAI1_Config  stm32l4xx_hal_rcc_ex.o
    0x080067d8   0x080067d8   0x0000001c   Code   RO         5674    i.RTC_Alarm_IRQHandler  stm32l4xx_it.o
    0x080067f4   0x080067f4   0x00000030   Code   RO         1233    i.RTC_ByteToBcd2    stm32l4xx_hal_rtc.o
    0x08006824   0x08006824   0x00000178   Code   RO         4999    i.StartDefaultTask  thread.o
    0x0800699c   0x0800699c   0x00000098   Code   RO         5187    i.SystemClock_Config  main.o
    0x08006a34   0x08006a34   0x00000048   Code   RO         4135    i.SystemInit        system_stm32l4xx_1.o
    0x08006a7c   0x08006a7c   0x00000010   Code   RO         5675    i.TIM1_BRK_TIM15_IRQHandler  stm32l4xx_it.o
    0x08006a8c   0x08006a8c   0x0000005c   Code   RO         5676    i.TIM1_UP_TIM16_IRQHandler  stm32l4xx_it.o
    0x08006ae8   0x08006ae8   0x00000044   Code   RO         5677    i.TIM2_IRQHandler   stm32l4xx_it.o
    0x08006b2c   0x08006b2c   0x00000018   Code   RO         5678    i.TIM6_DAC_IRQHandler  stm32l4xx_it.o
    0x08006b44   0x08006b44   0x00000010   Code   RO         5679    i.TIM7_IRQHandler   stm32l4xx_it.o
    0x08006b54   0x08006b54   0x00000074   Code   RO         1653    i.TIM_Base_SetConfig  stm32l4xx_hal_tim.o
    0x08006bc8   0x08006bc8   0x00000048   Code   RO         4446    i.USBD_CDC_DataIn   usbd_cdc.o
    0x08006c10   0x08006c10   0x00000030   Code   RO         4447    i.USBD_CDC_DataOut  usbd_cdc.o
    0x08006c40   0x08006c40   0x00000044   Code   RO         4448    i.USBD_CDC_DeInit   usbd_cdc.o
    0x08006c84   0x08006c84   0x00000026   Code   RO         4449    i.USBD_CDC_EP0_RxReady  usbd_cdc.o
    0x08006caa   0x08006caa   0x00000002   PAD
    0x08006cac   0x08006cac   0x0000000c   Code   RO         4450    i.USBD_CDC_GetDeviceQualifierDescriptor  usbd_cdc.o
    0x08006cb8   0x08006cb8   0x0000000c   Code   RO         4451    i.USBD_CDC_GetFSCfgDesc  usbd_cdc.o
    0x08006cc4   0x08006cc4   0x0000000c   Code   RO         4452    i.USBD_CDC_GetHSCfgDesc  usbd_cdc.o
    0x08006cd0   0x08006cd0   0x0000000c   Code   RO         4453    i.USBD_CDC_GetOtherSpeedCfgDesc  usbd_cdc.o
    0x08006cdc   0x08006cdc   0x000000aa   Code   RO         4454    i.USBD_CDC_Init     usbd_cdc.o
    0x08006d86   0x08006d86   0x00000030   Code   RO         4455    i.USBD_CDC_ReceivePacket  usbd_cdc.o
    0x08006db6   0x08006db6   0x00000010   Code   RO         4456    i.USBD_CDC_RegisterInterface  usbd_cdc.o
    0x08006dc6   0x08006dc6   0x0000000c   Code   RO         4457    i.USBD_CDC_SetRxBuffer  usbd_cdc.o
    0x08006dd2   0x08006dd2   0x00000010   Code   RO         4458    i.USBD_CDC_SetTxBuffer  usbd_cdc.o
    0x08006de2   0x08006de2   0x000000ba   Code   RO         4459    i.USBD_CDC_Setup    usbd_cdc.o
    0x08006e9c   0x08006e9c   0x0000003a   Code   RO         4460    i.USBD_CDC_TransmitPacket  usbd_cdc.o
    0x08006ed6   0x08006ed6   0x0000000e   Code   RO         4172    i.USBD_ClrClassConfig  usbd_core.o
    0x08006ee4   0x08006ee4   0x00000010   Code   RO         4386    i.USBD_CtlContinueRx  usbd_ioreq.o
    0x08006ef4   0x08006ef4   0x00000010   Code   RO         4387    i.USBD_CtlContinueSendData  usbd_ioreq.o
    0x08006f04   0x08006f04   0x00000016   Code   RO         4331    i.USBD_CtlError     usbd_ctlreq.o
    0x08006f1a   0x08006f1a   0x0000001e   Code   RO         4388    i.USBD_CtlPrepareRx  usbd_ioreq.o
    0x08006f38   0x08006f38   0x00000016   Code   RO         4389    i.USBD_CtlReceiveStatus  usbd_ioreq.o
    0x08006f4e   0x08006f4e   0x0000001a   Code   RO         4390    i.USBD_CtlSendData  usbd_ioreq.o
    0x08006f68   0x08006f68   0x00000016   Code   RO         4391    i.USBD_CtlSendStatus  usbd_ioreq.o
    0x08006f7e   0x08006f7e   0x00000002   PAD
    0x08006f80   0x08006f80   0x00000020   Code   RO         5537    i.USBD_FS_ConfigStrDescriptor  usbd_desc.o
    0x08006fa0   0x08006fa0   0x0000000c   Code   RO         5538    i.USBD_FS_DeviceDescriptor  usbd_desc.o
    0x08006fac   0x08006fac   0x00000024   Code   RO         5539    i.USBD_FS_InterfaceStrDescriptor  usbd_desc.o
    0x08006fd0   0x08006fd0   0x0000000c   Code   RO         5540    i.USBD_FS_LangIDStrDescriptor  usbd_desc.o
    0x08006fdc   0x08006fdc   0x00000028   Code   RO         5541    i.USBD_FS_ManufacturerStrDescriptor  usbd_desc.o
    0x08007004   0x08007004   0x0000002c   Code   RO         5542    i.USBD_FS_ProductStrDescriptor  usbd_desc.o
    0x08007030   0x08007030   0x00000024   Code   RO         5543    i.USBD_FS_SerialStrDescriptor  usbd_desc.o
    0x08007054   0x08007054   0x0000000c   Code   RO         5544    i.USBD_FS_USR_BOSDescriptor  usbd_desc.o
    0x08007060   0x08007060   0x00000068   Code   RO         4332    i.USBD_GetString    usbd_ctlreq.o
    0x080070c8   0x080070c8   0x00000030   Code   RO         4174    i.USBD_Init         usbd_core.o
    0x080070f8   0x080070f8   0x00000010   Code   RO         5333    i.USBD_LL_BatteryCharging  usbd_conf.o
    0x08007108   0x08007108   0x00000020   Code   RO         5334    i.USBD_LL_ClearStallEP  usbd_conf.o
    0x08007128   0x08007128   0x00000020   Code   RO         5335    i.USBD_LL_CloseEP   usbd_conf.o
    0x08007148   0x08007148   0x000000ce   Code   RO         4175    i.USBD_LL_DataInStage  usbd_core.o
    0x08007216   0x08007216   0x0000007e   Code   RO         4176    i.USBD_LL_DataOutStage  usbd_core.o
    0x08007294   0x08007294   0x00000008   Code   RO         5339    i.USBD_LL_GetRxDataSize  usbd_conf.o
    0x0800729c   0x0800729c   0x000000a8   Code   RO         5340    i.USBD_LL_Init      usbd_conf.o
    0x08007344   0x08007344   0x0000001c   Code   RO         5341    i.USBD_LL_IsStallEP  usbd_conf.o
    0x08007360   0x08007360   0x00000026   Code   RO         5342    i.USBD_LL_OpenEP    usbd_conf.o
    0x08007386   0x08007386   0x00000020   Code   RO         5343    i.USBD_LL_PrepareReceive  usbd_conf.o
    0x080073a6   0x080073a6   0x00000050   Code   RO         4181    i.USBD_LL_Reset     usbd_core.o
    0x080073f6   0x080073f6   0x0000000c   Code   RO         4182    i.USBD_LL_Resume    usbd_core.o
    0x08007402   0x08007402   0x0000001a   Code   RO         4183    i.USBD_LL_SOF       usbd_core.o
    0x0800741c   0x0800741c   0x00000006   Code   RO         4184    i.USBD_LL_SetSpeed  usbd_core.o
    0x08007422   0x08007422   0x00000020   Code   RO         5344    i.USBD_LL_SetUSBAddress  usbd_conf.o
    0x08007442   0x08007442   0x0000005e   Code   RO         4185    i.USBD_LL_SetupStage  usbd_core.o
    0x080074a0   0x080074a0   0x00000020   Code   RO         5345    i.USBD_LL_StallEP   usbd_conf.o
    0x080074c0   0x080074c0   0x00000020   Code   RO         5346    i.USBD_LL_Start     usbd_conf.o
    0x080074e0   0x080074e0   0x00000012   Code   RO         4186    i.USBD_LL_Suspend   usbd_core.o
    0x080074f2   0x080074f2   0x00000020   Code   RO         5348    i.USBD_LL_Transmit  usbd_conf.o
    0x08007512   0x08007512   0x00000028   Code   RO         4333    i.USBD_ParseSetupRequest  usbd_ctlreq.o
    0x0800753a   0x0800753a   0x00000010   Code   RO         4187    i.USBD_RegisterClass  usbd_core.o
    0x0800754a   0x0800754a   0x00000018   Code   RO         4189    i.USBD_SetClassConfig  usbd_core.o
    0x08007562   0x08007562   0x0000000a   Code   RO         4190    i.USBD_Start        usbd_core.o
    0x0800756c   0x0800756c   0x000002e0   Code   RO         4334    i.USBD_StdDevReq    usbd_ctlreq.o
    0x0800784c   0x0800784c   0x0000017e   Code   RO         4335    i.USBD_StdEPReq     usbd_ctlreq.o
    0x080079ca   0x080079ca   0x00000054   Code   RO         4336    i.USBD_StdItfReq    usbd_ctlreq.o
    0x08007a1e   0x08007a1e   0x00000002   Code   RO         5349    i.USBD_static_free  usbd_conf.o
    0x08007a20   0x08007a20   0x00000008   Code   RO         5350    i.USBD_static_malloc  usbd_conf.o
    0x08007a28   0x08007a28   0x000002d2   Code   RO          409    i.USB_ActivateEndpoint  stm32l4xx_ll_usb.o
    0x08007cfa   0x08007cfa   0x00000004   Code   RO          412    i.USB_CoreInit      stm32l4xx_ll_usb.o
    0x08007cfe   0x08007cfe   0x00000002   PAD
    0x08007d00   0x08007d00   0x0000016a   Code   RO          414    i.USB_DeactivateEndpoint  stm32l4xx_ll_usb.o
    0x08007e6a   0x08007e6a   0x00000010   Code   RO          415    i.USB_DevConnect    stm32l4xx_ll_usb.o
    0x08007e7a   0x08007e7a   0x00000010   Code   RO          416    i.USB_DevDisconnect  stm32l4xx_ll_usb.o
    0x08007e8a   0x08007e8a   0x00000026   Code   RO          417    i.USB_DevInit       stm32l4xx_ll_usb.o
    0x08007eb0   0x08007eb0   0x00000014   Code   RO          418    i.USB_DisableGlobalInt  stm32l4xx_ll_usb.o
    0x08007ec4   0x08007ec4   0x00000004   Code   RO          419    i.USB_EP0_OutStart  stm32l4xx_ll_usb.o
    0x08007ec8   0x08007ec8   0x0000008a   Code   RO          420    i.USB_EPClearStall  stm32l4xx_ll_usb.o
    0x08007f52   0x08007f52   0x00000034   Code   RO          421    i.USB_EPSetStall    stm32l4xx_ll_usb.o
    0x08007f86   0x08007f86   0x00000002   PAD
    0x08007f88   0x08007f88   0x00000262   Code   RO          422    i.USB_EPStartXfer   stm32l4xx_ll_usb.o
    0x080081ea   0x080081ea   0x00000012   Code   RO          423    i.USB_EnableGlobalInt  stm32l4xx_ll_usb.o
    0x080081fc   0x080081fc   0x00000010   Code   RO         5680    i.USB_IRQHandler    stm32l4xx_it.o
    0x0800820c   0x0800820c   0x00000006   Code   RO          430    i.USB_ReadInterrupts  stm32l4xx_ll_usb.o
    0x08008212   0x08008212   0x00000002   PAD
    0x08008214   0x08008214   0x0000003c   Code   RO          431    i.USB_ReadPMA       stm32l4xx_ll_usb.o
    0x08008250   0x08008250   0x00000004   Code   RO          433    i.USB_SetCurrentMode  stm32l4xx_ll_usb.o
    0x08008254   0x08008254   0x0000000e   Code   RO          434    i.USB_SetDevAddress  stm32l4xx_ll_usb.o
    0x08008262   0x08008262   0x00000002   Code   RO         5188    i._Error_Handler    main.o
    0x08008264   0x08008264   0x0000011c   Code   RO         4554    i._ZN13Communication5parseEv  communication.o
    0x08008380   0x08008380   0x0000002c   Code   RO         4555    i._ZN13Communication5rxUSBEj  communication.o
    0x080083ac   0x080083ac   0x00000024   Code   RO         5612    i._ZN35_INTERNAL_13_usbd_cdc_if_c_52eaf01611CDC_Init_FSEv  usbd_cdc_if.o
    0x080083d0   0x080083d0   0x00000004   Code   RO         5613    i._ZN35_INTERNAL_13_usbd_cdc_if_c_52eaf01613CDC_DeInit_FSEv  usbd_cdc_if.o
    0x080083d4   0x080083d4   0x00000004   Code   RO         5614    i._ZN35_INTERNAL_13_usbd_cdc_if_c_52eaf01614CDC_Control_FSEhPht  usbd_cdc_if.o
    0x080083d8   0x080083d8   0x0000003c   Code   RO         5615    i._ZN35_INTERNAL_13_usbd_cdc_if_c_52eaf01614CDC_Receive_FSEPhPj  usbd_cdc_if.o
    0x08008414   0x08008414   0x00000004   PAD
    0x08008418   0x08008418   0x000000c8   Code   RO         5115    i._ZN3PSK11SetParamFSKEfiifif  psk.o
    0x080084e0   0x080084e0   0x000000f4   Code   RO         5116    i._ZN3PSK14CorrellationV2Ev  psk.o
    0x080085d4   0x080085d4   0x0000013c   Code   RO         5117    i._ZN3PSK21AverageAndCorrelationEv  psk.o
    0x08008710   0x08008710   0x0000006c   Code   RO         5118    i._ZN3PSK8loadBPSPEPhji  psk.o
    0x0800877c   0x0800877c   0x00000070   Code   RO         5119    i._ZN3PSK8loadQPSPEPhji  psk.o
    0x080087ec   0x080087ec   0x000000e4   Code   RO         4811    i._ZN6SIGNAL10StartAudioEv  global.o
    0x080088d0   0x080088d0   0x00000038   Code   RO         4812    i._ZN6SIGNAL10emitSignalEv  global.o
    0x08008908   0x08008908   0x00000004   Code   RO         4813    i._ZN6SIGNAL10getdPSPOutEv  global.o
    0x0800890c   0x0800890c   0x00000006   Code   RO         4815    i._ZN6SIGNAL11getFindDataEv  global.o
    0x08008912   0x08008912   0x00000006   PAD
    0x08008918   0x08008918   0x000002d0   Code   RO         4816    i._ZN6SIGNAL11prepareDataEv  global.o
    0x08008be8   0x08008be8   0x000000fc   Code   RO         4817    i._ZN6SIGNAL11setFindDataER11data_signal  global.o
    0x08008ce4   0x08008ce4   0x00000034   Code   RO         4818    i._ZN6SIGNAL12changePSKbitEv  global.o
    0x08008d18   0x08008d18   0x0000000c   Code   RO         4819    i._ZN6SIGNAL12emitingAudioEv  global.o
    0x08008d24   0x08008d24   0x00000006   Code   RO         4822    i._ZN6SIGNAL13getSignalDataEv  global.o
    0x08008d2a   0x08008d2a   0x00000002   PAD
    0x08008d2c   0x08008d2c   0x00000132   Code   RO         4823    i._ZN6SIGNAL13loadFromFlashEv  global.o
    0x08008e5e   0x08008e5e   0x00000002   PAD
    0x08008e60   0x08008e60   0x00000024   Code   RO         4825    i._ZN6SIGNAL23loadFromFlashNextSignalEv  global.o
    0x08008e84   0x08008e84   0x00000050   Code   RO         4827    i._ZN6SIGNAL4bpskEv  global.o
    0x08008ed4   0x08008ed4   0x000000ba   Code   RO         4830    i._ZN6SIGNAL8calcNextEv  global.o
    0x08008f8e   0x08008f8e   0x00000002   PAD
    0x08008f90   0x08008f90   0x00000078   Code   RO         4832    i._ZN6SIGNAL9StopAudioEv  global.o
    0x08009008   0x08009008   0x0000009a   Code   RO         6746    i.__hardfp_roundf   m_wm.l(roundf.o)
    0x080090a2   0x080090a2   0x0000000e   Code   RO         6805    i.__scatterload_copy  mc_w.l(handlers.o)
    0x080090b0   0x080090b0   0x00000002   Code   RO         6806    i.__scatterload_null  mc_w.l(handlers.o)
    0x080090b2   0x080090b2   0x0000000e   Code   RO         6807    i.__scatterload_zeroinit  mc_w.l(handlers.o)
    0x080090c0   0x080090c0   0x00000014   Code   RO         4835    i.__sti___10_global_cpp_348e3710  global.o
    0x080090d4   0x080090d4   0x0000000c   Code   RO         4559    i.__sti___17_communication_cpp_comm  communication.o
    0x080090e0   0x080090e0   0x0000001c   Code   RO         5120    i.__sti___7_psk_cpp_0cc94480  psk.o
    0x080090fc   0x080090fc   0x000001c8   Code   RO         5000    i.eButtonThread     thread.o
    0x080092c4   0x080092c4   0x00000030   Code   RO         5001    i.eLedToggle        thread.o
    0x080092f4   0x080092f4   0x00000030   Code   RO         5002    i.eMode1            thread.o
    0x08009324   0x08009324   0x00000078   Code   RO         5003    i.eMode2            thread.o
    0x0800939c   0x0800939c   0x0000019c   Code   RO         5004    i.eModeRxTx         thread.o
    0x08009538   0x08009538   0x000001e8   Code   RO         5189    i.main              main.o
    0x08009720   0x08009720   0x00000002   Code   RO         5006    i.osRtxErrorNotify  thread.o
    0x08009722   0x08009722   0x00000002   PAD
    0x08009724   0x08009724   0x00000030   Code   RO         5007    i.osRtxIdleThread   thread.o
    0x08009754   0x08009754   0x00000040   Data   RO         4136    .constdata          system_stm32l4xx_1.o
    0x08009794   0x08009794   0x00000008   Data   RO         4137    .constdata          system_stm32l4xx_1.o
    0x0800979c   0x0800979c   0x00000024   Data   RO         5892    .constdata          rtx_lib.o
    0x080097c0   0x080097c0   0x00000024   Data   RO         5893    .constdata          rtx_lib.o
    0x080097e4   0x080097e4   0x00000018   Data   RO         5894    .constdata          rtx_lib.o
    0x080097fc   0x080097fc   0x00000004   Data   RO         5895    .constdata          rtx_lib.o
    0x08009800   0x08009800   0x00000804   Data   RO         6524    .constdata          arm_cortexM4lf_math.lib(arm_common_tables.o)
    0x0800a004   0x0800a004   0x00000068   Data   RO         5897    .rodata             rtx_lib.o
    0x0800a06c   0x0800a06c   0x0000000b   Data   RO         6198    .rodata.str1.4      RTX_CM4F.lib(rtx_kernel.o)
    0x0800a077   0x0800a077   0x00000001   PAD
    0x0800a078   0x0800a078   0x00000020   Data   RO         6803    Region$$Table       anon$$obj.o
    0x0800a098   0x0800a098   0x00000004   Data   RO         4569    .init_array         communication.o
    0x0800a09c   0x0800a098   0x00000004   Data   RO         4868    .init_array         global.o
    0x0800a0a0   0x0800a098   0x00000004   Data   RO         5131    .init_array         psk.o
    0x0800a0a4   0x0800a098   0x00000000   Data   RO         6760    .init_array         mc_w.l(cpp_init.o)


    Execution Region RW_IRAM1 (Exec base: 0x20000000, Load base: 0x0800a0a4, Size: 0x00006a08, Max: 0x00010000, ABSOLUTE, COMPRESSED[0x00000234])

    Exec Addr    Load Addr    Size         Type   Attr      Idx    E Section Name        Object

    0x20000000   COMPRESSED   0x00002710   Data   RW         5884    .bss.os             rtx_lib.o
    0x20002710   COMPRESSED   0x00000040   Data   RW         5885    .bss.os             rtx_lib.o
    0x20002750   COMPRESSED   0x00000034   Data   RW         5886    .bss.os.msgqueue.cb  rtx_lib.o
    0x20002784   COMPRESSED   0x00000050   Data   RW         5887    .bss.os.msgqueue.mem  rtx_lib.o
    0x200027d4   COMPRESSED   0x00000044   Data   RW         5888    .bss.os.thread.cb   rtx_lib.o
    0x20002818   COMPRESSED   0x00000044   Data   RW         5889    .bss.os.thread.cb   rtx_lib.o
    0x2000285c   COMPRESSED   0x00000004   PAD
    0x20002860   COMPRESSED   0x00000100   Data   RW         5890    .bss.os.thread.stack  rtx_lib.o
    0x20002960   COMPRESSED   0x00000100   Data   RW         5891    .bss.os.thread.stack  rtx_lib.o
    0x20002a60   COMPRESSED   0x00000004   Data   RW         2439    .data               stm32l4xx_hal.o
    0x20002a64   COMPRESSED   0x00000020   Data   RW         3346    .data               stm32l4xx_hal_flash.o
    0x20002a84   COMPRESSED   0x00000004   Data   RW         4138    .data               system_stm32l4xx_1.o
    0x20002a88   COMPRESSED   0x00000001   Data   RW         4337    .data               usbd_ctlreq.o
    0x20002a89   COMPRESSED   0x00000003   PAD
    0x20002a8c   COMPRESSED   0x000000d7   Data   RW         4461    .data               usbd_cdc.o
    0x20002b63   COMPRESSED   0x00000001   PAD
    0x20002b64   COMPRESSED   0x00000038   Data   RW         4462    .data               usbd_cdc.o
    0x20002b9c   COMPRESSED   0x00000004   Data   RW         4568    .data               communication.o
    0x20002ba0   COMPRESSED   0x00000004   Data   RW         4863    .data               global.o
    0x20002ba4   COMPRESSED   0x00000004   Data   RW         4864    .data               global.o
    0x20002ba8   COMPRESSED   0x000000ff   Data   RW         5128    .data               psk.o
    0x20002ca7   COMPRESSED   0x000000ff   Data   RW         5129    .data               psk.o
    0x20002da6   COMPRESSED   0x00000002   PAD
    0x20002da8   COMPRESSED   0x0000008c   Data   RW         5130    .data               psk.o
    0x20002e34   COMPRESSED   0x00000028   Data   RW         5191    .data               main.o
    0x20002e5c   COMPRESSED   0x00000020   Data   RW         5546    .data               usbd_desc.o
    0x20002e7c   COMPRESSED   0x00000024   Data   RW         5547    .data               usbd_desc.o
    0x20002ea0   COMPRESSED   0x00000010   Data   RW         5622    .data               usbd_cdc_if.o
    0x20002eb0   COMPRESSED   0x00000010   Data   RW         5690    .data               stm32l4xx_it.o
    0x20002ec0   COMPRESSED   0x000000a4   Data   RW         6199    .data.os            RTX_CM4F.lib(rtx_kernel.o)
    0x20002f64        -       0x000001ec   Zero   RW         4862    .bss                global.o
    0x20003150        -       0x000021b4   Zero   RW         5127    .bss                psk.o
    0x20005304        -       0x000001c0   Zero   RW         5190    .bss                main.o
    0x200054c4        -       0x0000029c   Zero   RW         5272    .bss                usb_device.o
    0x20005760        -       0x00000694   Zero   RW         5351    .bss                usbd_conf.o
    0x20005df4        -       0x00000200   Zero   RW         5545    .bss                usbd_desc.o
    0x20005ff4        -       0x000007d0   Zero   RW         5621    .bss                usbd_cdc_if.o
    0x200067c4        -       0x00000040   Zero   RW         5845    .bss                stm32l4xx_hal_timebase_tim.o
    0x20006804        -       0x00000001   Zero   RW         6735    .bss.PendST         RTX_CM4F.lib(os_systick.o)
    0x20006805   COMPRESSED   0x00000003   PAD
    0x20006808        -       0x00000200   Zero   RW         4124    STACK               startup_stm32l432xx.o



  Load Region LR$$.ARM.__AT_0x0803F800 (Base: 0x0803f800, Size: 0x00000000, Max: 0x00000800, ABSOLUTE)

    Execution Region ER$$.ARM.__AT_0x0803F800 (Exec base: 0x0803f800, Load base: 0x0803f800, Size: 0x00000800, Max: 0x00000800, ABSOLUTE, UNINIT)

    Exec Addr    Load Addr    Size         Type   Attr      Idx    E Section Name        Object

    0x0803f800        -       0x00000800   Zero   RW         4836    .ARM.__AT_0x0803F800  global.o


==============================================================================

Image component sizes


      Code (inc. data)   RO Data    RW Data    ZI Data      Debug   Object Name

       340         30          4          4          0     708230   communication.o
      2084        176          4          8       2540      39913   global.o
      1416        144          0         40        448      11219   main.o
      1008         72          4        650       8628       6328   psk.o
         0          0        204      10844          0      12071   rtx_lib.o
        36          8        396          0        512        788   startup_stm32l432xx.o
       112         20          0          4          0       4469   stm32l4xx_hal.o
      1270         30          0          0          0      56147   stm32l4xx_hal_adc.o
      1528         42          0          0          0      56932   stm32l4xx_hal_adc_ex.o
       286         26          0          0          0      31734   stm32l4xx_hal_cortex.o
       456          0          0          0          0       3517   stm32l4xx_hal_dac.o
         2          0          0          0          0        931   stm32l4xx_hal_dac_ex.o
       272         30          0          0          0       1227   stm32l4xx_hal_dma.o
       434         40          0         32          0       4110   stm32l4xx_hal_flash.o
       420         18          0          0          0       3163   stm32l4xx_hal_flash_ex.o
       540         26          0          0          0       3023   stm32l4xx_hal_gpio.o
        12          0          0          0          0        955   stm32l4xx_hal_iwdg.o
       568         28          0          0          0       4189   stm32l4xx_hal_msp.o
      1938          0          0          0          0     735002   stm32l4xx_hal_pcd.o
       126          0          0          0          0       2484   stm32l4xx_hal_pcd_ex.o
       140         22          0          0          0       1871   stm32l4xx_hal_pwr_ex.o
      2564        120          0          0          0       8432   stm32l4xx_hal_rcc.o
      1062         18          0          0          0       2864   stm32l4xx_hal_rcc_ex.o
      1556         20          0          0          0       7300   stm32l4xx_hal_rtc.o
        22          0          0          0          0       2523   stm32l4xx_hal_rtc_ex.o
      2062         34          0          0          0      13421   stm32l4xx_hal_tim.o
       230          0          0          0          0       3761   stm32l4xx_hal_tim_ex.o
       116         18          0          0         64       1356   stm32l4xx_hal_timebase_tim.o
       410         82          0         16          0       5173   stm32l4xx_it.o
      2084          0          0          0          0      15273   stm32l4xx_ll_usb.o
        72         14         72          4          0       1173   system_stm32l4xx_1.o
      1530        164          0          0          0      32379   thread.o
        68         18          0          0        668        708   usb_device.o
       780         16          0        271          0      13274   usbd_cdc.o
       148         30          0         16       2000       3280   usbd_cdc_if.o
       778         52          0          0       1684      14069   usbd_conf.o
       680          0          0          0          0      14087   usbd_core.o
      1368         20          0          1          0       7276   usbd_ctlreq.o
       224        120          0         68        512       5603   usbd_desc.o
       132          0          0          0          0       4404   usbd_ioreq.o

    ----------------------------------------------------------------------
     28936       1442        716      11968      17056    1844659   Object Totals
         0          0         32          0          0          0   (incl. Generated)
        62          4          0         10          0          0   (incl. Padding)

    ----------------------------------------------------------------------

      Code (inc. data)   RO Data    RW Data    ZI Data      Debug   Library Member Name

       208         12          0          0          0        540   irq_cm4f.o
       126         32          0          0          1       3578   os_systick.o
        56          4          0          0          0       3088   rtx_delay.o
       652         48         11        164          0      18714   rtx_kernel.o
       264          0          0          0          0       2707   rtx_memory.o
       244          0          0          0          0      15835   rtx_mempool.o
      1456         28          0          0          0      18606   rtx_msgqueue.o
        68          0          0          0          0      10258   rtx_mutex.o
       620         24          0          0          0      11844   rtx_semaphore.o
       372         24          0          0          0       5544   rtx_system.o
      2190        112          0          0          0      33996   rtx_thread.o
       236         20          0          0          0      10983   rtx_timer.o
       220          4          0          0          0       1097   arm_cmplx_dot_prod_f32.o
       252          6          0          0          0      14588   arm_cmplx_mag_f32.o
       240          0          0          0          0       1031   arm_cmplx_mult_cmplx_f32.o
         0          0       2052          0          0       4704   arm_common_tables.o
       260          4          0          0          0      17631   arm_dot_prod_f32.o
       300         18          0          0          0        974   arm_sin_cos_f32.o
       148         18          0          0          0        814   arm_sin_f32.o
       154          0          0          0          0        140   roundf.o
        86          0          0          0          0          0   __dczerorl2.o
        32         10          0          0          0         80   cpp_init.o
         0          0          0          0          0          0   entry.o
         0          0          0          0          0          0   entry10a.o
         0          0          0          0          0          0   entry11a.o
         8          4          0          0          0          0   entry2.o
         4          0          0          0          0          0   entry5.o
         0          0          0          0          0          0   entry7b.o
         4          0          0          0          0          0   entry8a.o
         0          0          0          0          0          0   entry8b.o
         8          4          0          0          0          0   entry9a.o
        30          0          0          0          0          0   handlers.o
        36          8          0          0          0         68   init.o
         0          0          0          0          0          0   iusefp.o
        30          0          0          0          0         68   llshl.o
        32          0          0          0          0         68   llushr.o
        36          0          0          0          0         68   memcpya.o
        36          0          0          0          0        108   memseta.o
        56          0          0          0          0         88   d2f.o
       222          0          0          0          0        100   ddiv.o
       186          0          0          0          0        176   depilogue.o
        50          0          0          0          0         76   dfixui.o
        26          0          0          0          0         76   dfltui.o
       234          0          0          0          0         96   dmul.o
        38          0          0          0          0         68   f2d.o
       110          0          0          0          0        168   fepilogue.o
        60          0          0          0          0         76   frnd.o

    ----------------------------------------------------------------------
      9408        380       2064        164          4     178056   Library Totals
        18          0          1          0          3          0   (incl. Padding)

    ----------------------------------------------------------------------

      Code (inc. data)   RO Data    RW Data    ZI Data      Debug   Library Name

      6492        304         11        164          1     135693   RTX_CM4F.lib
      1420         50       2052          0          0      40839   arm_cortexM4lf_math.lib
       154          0          0          0          0        140   m_wm.l
       342         26          0          0          0        460   mc_w.l
       982          0          0          0          0        924   mf_w.l

    ----------------------------------------------------------------------
      9408        380       2064        164          4     178056   Library Totals

    ----------------------------------------------------------------------

==============================================================================


      Code (inc. data)   RO Data    RW Data    ZI Data      Debug   

     38344       1822       2780      12132      17060    1997715   Grand Totals
     38344       1822       2780        564      17060    1997715   ELF Image Totals (compressed)
     38344       1822       2780        564          0          0   ROM Totals

==============================================================================

    Total RO  Size (Code + RO Data)                41124 (  40.16kB)
    Total RW  Size (RW Data + ZI Data)             29192 (  28.51kB)
    Total ROM Size (Code + RO Data + RW Data)      41688 (  40.71kB)

==============================================================================

