<!doctype html public "-//w3c//dtd html 4.0 transitional//en">
<html><head>
<title>Static Call Graph - [.\PAM\PAM.axf]</title></head>
<body><HR>
<H1>Static Call Graph for image .\PAM\PAM.axf</H1><HR>
<BR><P>#&#060CALLGRAPH&#062# ARM Linker, 6100100: Last Updated: Mon Oct 22 09:44:51 2018
<BR><P>
<H3>Maximum Stack Usage =        696 bytes + Unknown(Cycles, Untraceable Function Pointers)</H3><H3>
Call chain for Maximum Stack Depth:</H3>
main &rArr; setup &rArr; __aeabi_dmul &rArr; _double_epilogue &rArr; _double_round
<P>
<H3>
Mutually Recursive functions
</H3> <LI><a href="#[2]">NMI_Handler</a>&nbsp;&nbsp;&nbsp;&rArr;&nbsp;&nbsp;&nbsp;<a href="#[2]">NMI_Handler</a><BR>
 <LI><a href="#[3]">HardFault_Handler</a>&nbsp;&nbsp;&nbsp;&rArr;&nbsp;&nbsp;&nbsp;<a href="#[3]">HardFault_Handler</a><BR>
 <LI><a href="#[4]">MemManage_Handler</a>&nbsp;&nbsp;&nbsp;&rArr;&nbsp;&nbsp;&nbsp;<a href="#[4]">MemManage_Handler</a><BR>
 <LI><a href="#[5]">BusFault_Handler</a>&nbsp;&nbsp;&nbsp;&rArr;&nbsp;&nbsp;&nbsp;<a href="#[5]">BusFault_Handler</a><BR>
 <LI><a href="#[6]">UsageFault_Handler</a>&nbsp;&nbsp;&nbsp;&rArr;&nbsp;&nbsp;&nbsp;<a href="#[6]">UsageFault_Handler</a><BR>
 <LI><a href="#[7]">SVC_Handler</a>&nbsp;&nbsp;&nbsp;&rArr;&nbsp;&nbsp;&nbsp;<a href="#[7]">SVC_Handler</a><BR>
 <LI><a href="#[8]">DebugMon_Handler</a>&nbsp;&nbsp;&nbsp;&rArr;&nbsp;&nbsp;&nbsp;<a href="#[8]">DebugMon_Handler</a><BR>
 <LI><a href="#[9]">PendSV_Handler</a>&nbsp;&nbsp;&nbsp;&rArr;&nbsp;&nbsp;&nbsp;<a href="#[9]">PendSV_Handler</a><BR>
 <LI><a href="#[1f]">CAN1_RX0_IRQHandler</a>&nbsp;&nbsp;&nbsp;&rArr;&nbsp;&nbsp;&nbsp;<a href="#[1f]">CAN1_RX0_IRQHandler</a><BR>
</UL>
<P>
<H3>
Function Pointers
</H3><UL>
 <LI><a href="#[1d]">ADC1_IRQHandler</a> from lto-llvm-77ef65.o(.text) referenced from startup_stm32l432xx.o(RESET)
 <LI><a href="#[5]">BusFault_Handler</a> from startup_stm32l432xx.o(.text) referenced from startup_stm32l432xx.o(RESET)
 <LI><a href="#[1f]">CAN1_RX0_IRQHandler</a> from startup_stm32l432xx.o(.text) referenced from startup_stm32l432xx.o(RESET)
 <LI><a href="#[20]">CAN1_RX1_IRQHandler</a> from startup_stm32l432xx.o(.text) referenced from startup_stm32l432xx.o(RESET)
 <LI><a href="#[21]">CAN1_SCE_IRQHandler</a> from startup_stm32l432xx.o(.text) referenced from startup_stm32l432xx.o(RESET)
 <LI><a href="#[1e]">CAN1_TX_IRQHandler</a> from startup_stm32l432xx.o(.text) referenced from startup_stm32l432xx.o(RESET)
 <LI><a href="#[37]">COMP_IRQHandler</a> from startup_stm32l432xx.o(.text) referenced from startup_stm32l432xx.o(RESET)
 <LI><a href="#[46]">CRS_IRQHandler</a> from startup_stm32l432xx.o(.text) referenced from startup_stm32l432xx.o(RESET)
 <LI><a href="#[16]">DMA1_Channel1_IRQHandler</a> from startup_stm32l432xx.o(.text) referenced from startup_stm32l432xx.o(RESET)
 <LI><a href="#[17]">DMA1_Channel2_IRQHandler</a> from startup_stm32l432xx.o(.text) referenced from startup_stm32l432xx.o(RESET)
 <LI><a href="#[18]">DMA1_Channel3_IRQHandler</a> from startup_stm32l432xx.o(.text) referenced from startup_stm32l432xx.o(RESET)
 <LI><a href="#[19]">DMA1_Channel4_IRQHandler</a> from startup_stm32l432xx.o(.text) referenced from startup_stm32l432xx.o(RESET)
 <LI><a href="#[1a]">DMA1_Channel5_IRQHandler</a> from startup_stm32l432xx.o(.text) referenced from startup_stm32l432xx.o(RESET)
 <LI><a href="#[1b]">DMA1_Channel6_IRQHandler</a> from startup_stm32l432xx.o(.text) referenced from startup_stm32l432xx.o(RESET)
 <LI><a href="#[1c]">DMA1_Channel7_IRQHandler</a> from startup_stm32l432xx.o(.text) referenced from startup_stm32l432xx.o(RESET)
 <LI><a href="#[32]">DMA2_Channel1_IRQHandler</a> from startup_stm32l432xx.o(.text) referenced from startup_stm32l432xx.o(RESET)
 <LI><a href="#[33]">DMA2_Channel2_IRQHandler</a> from startup_stm32l432xx.o(.text) referenced from startup_stm32l432xx.o(RESET)
 <LI><a href="#[34]">DMA2_Channel3_IRQHandler</a> from startup_stm32l432xx.o(.text) referenced from startup_stm32l432xx.o(RESET)
 <LI><a href="#[35]">DMA2_Channel4_IRQHandler</a> from startup_stm32l432xx.o(.text) referenced from startup_stm32l432xx.o(RESET)
 <LI><a href="#[36]">DMA2_Channel5_IRQHandler</a> from startup_stm32l432xx.o(.text) referenced from startup_stm32l432xx.o(RESET)
 <LI><a href="#[3b]">DMA2_Channel6_IRQHandler</a> from startup_stm32l432xx.o(.text) referenced from startup_stm32l432xx.o(RESET)
 <LI><a href="#[3c]">DMA2_Channel7_IRQHandler</a> from startup_stm32l432xx.o(.text) referenced from startup_stm32l432xx.o(RESET)
 <LI><a href="#[8]">DebugMon_Handler</a> from startup_stm32l432xx.o(.text) referenced from startup_stm32l432xx.o(RESET)
 <LI><a href="#[11]">EXTI0_IRQHandler</a> from startup_stm32l432xx.o(.text) referenced from startup_stm32l432xx.o(RESET)
 <LI><a href="#[2d]">EXTI15_10_IRQHandler</a> from startup_stm32l432xx.o(.text) referenced from startup_stm32l432xx.o(RESET)
 <LI><a href="#[12]">EXTI1_IRQHandler</a> from startup_stm32l432xx.o(.text) referenced from startup_stm32l432xx.o(RESET)
 <LI><a href="#[13]">EXTI2_IRQHandler</a> from startup_stm32l432xx.o(.text) referenced from startup_stm32l432xx.o(RESET)
 <LI><a href="#[14]">EXTI3_IRQHandler</a> from startup_stm32l432xx.o(.text) referenced from startup_stm32l432xx.o(RESET)
 <LI><a href="#[15]">EXTI4_IRQHandler</a> from startup_stm32l432xx.o(.text) referenced from startup_stm32l432xx.o(RESET)
 <LI><a href="#[22]">EXTI9_5_IRQHandler</a> from lto-llvm-77ef65.o(.text) referenced from startup_stm32l432xx.o(RESET)
 <LI><a href="#[f]">FLASH_IRQHandler</a> from startup_stm32l432xx.o(.text) referenced from startup_stm32l432xx.o(RESET)
 <LI><a href="#[45]">FPU_IRQHandler</a> from startup_stm32l432xx.o(.text) referenced from startup_stm32l432xx.o(RESET)
 <LI><a href="#[3]">HardFault_Handler</a> from startup_stm32l432xx.o(.text) referenced from startup_stm32l432xx.o(RESET)
 <LI><a href="#[29]">I2C1_ER_IRQHandler</a> from startup_stm32l432xx.o(.text) referenced from startup_stm32l432xx.o(RESET)
 <LI><a href="#[28]">I2C1_EV_IRQHandler</a> from startup_stm32l432xx.o(.text) referenced from startup_stm32l432xx.o(RESET)
 <LI><a href="#[40]">I2C3_ER_IRQHandler</a> from startup_stm32l432xx.o(.text) referenced from startup_stm32l432xx.o(RESET)
 <LI><a href="#[3f]">I2C3_EV_IRQHandler</a> from startup_stm32l432xx.o(.text) referenced from startup_stm32l432xx.o(RESET)
 <LI><a href="#[38]">LPTIM1_IRQHandler</a> from startup_stm32l432xx.o(.text) referenced from startup_stm32l432xx.o(RESET)
 <LI><a href="#[39]">LPTIM2_IRQHandler</a> from startup_stm32l432xx.o(.text) referenced from startup_stm32l432xx.o(RESET)
 <LI><a href="#[3d]">LPUART1_IRQHandler</a> from startup_stm32l432xx.o(.text) referenced from startup_stm32l432xx.o(RESET)
 <LI><a href="#[4]">MemManage_Handler</a> from startup_stm32l432xx.o(.text) referenced from startup_stm32l432xx.o(RESET)
 <LI><a href="#[2]">NMI_Handler</a> from startup_stm32l432xx.o(.text) referenced from startup_stm32l432xx.o(RESET)
 <LI><a href="#[c]">PVD_PVM_IRQHandler</a> from startup_stm32l432xx.o(.text) referenced from startup_stm32l432xx.o(RESET)
 <LI><a href="#[9]">PendSV_Handler</a> from startup_stm32l432xx.o(.text) referenced from startup_stm32l432xx.o(RESET)
 <LI><a href="#[3e]">QUADSPI_IRQHandler</a> from startup_stm32l432xx.o(.text) referenced from startup_stm32l432xx.o(RESET)
 <LI><a href="#[10]">RCC_IRQHandler</a> from startup_stm32l432xx.o(.text) referenced from startup_stm32l432xx.o(RESET)
 <LI><a href="#[44]">RNG_IRQHandler</a> from startup_stm32l432xx.o(.text) referenced from startup_stm32l432xx.o(RESET)
 <LI><a href="#[2e]">RTC_Alarm_IRQHandler</a> from lto-llvm-77ef65.o(.text) referenced from startup_stm32l432xx.o(RESET)
 <LI><a href="#[e]">RTC_WKUP_IRQHandler</a> from startup_stm32l432xx.o(.text) referenced from startup_stm32l432xx.o(RESET)
 <LI><a href="#[1]">Reset_Handler</a> from startup_stm32l432xx.o(.text) referenced from startup_stm32l432xx.o(RESET)
 <LI><a href="#[41]">SAI1_IRQHandler</a> from startup_stm32l432xx.o(.text) referenced from startup_stm32l432xx.o(RESET)
 <LI><a href="#[2a]">SPI1_IRQHandler</a> from startup_stm32l432xx.o(.text) referenced from startup_stm32l432xx.o(RESET)
 <LI><a href="#[2f]">SPI3_IRQHandler</a> from startup_stm32l432xx.o(.text) referenced from startup_stm32l432xx.o(RESET)
 <LI><a href="#[7]">SVC_Handler</a> from startup_stm32l432xx.o(.text) referenced from startup_stm32l432xx.o(RESET)
 <LI><a href="#[42]">SWPMI1_IRQHandler</a> from startup_stm32l432xx.o(.text) referenced from startup_stm32l432xx.o(RESET)
 <LI><a href="#[a]">SysTick_Handler</a> from lto-llvm-77ef65.o(.text) referenced from startup_stm32l432xx.o(RESET)
 <LI><a href="#[48]">SystemInit</a> from lto-llvm-77ef65.o(.text) referenced from startup_stm32l432xx.o(.text)
 <LI><a href="#[d]">TAMP_STAMP_IRQHandler</a> from startup_stm32l432xx.o(.text) referenced from startup_stm32l432xx.o(RESET)
 <LI><a href="#[23]">TIM1_BRK_TIM15_IRQHandler</a> from lto-llvm-77ef65.o(.text) referenced from startup_stm32l432xx.o(RESET)
 <LI><a href="#[26]">TIM1_CC_IRQHandler</a> from startup_stm32l432xx.o(.text) referenced from startup_stm32l432xx.o(RESET)
 <LI><a href="#[25]">TIM1_TRG_COM_IRQHandler</a> from startup_stm32l432xx.o(.text) referenced from startup_stm32l432xx.o(RESET)
 <LI><a href="#[24]">TIM1_UP_TIM16_IRQHandler</a> from lto-llvm-77ef65.o(.text) referenced from startup_stm32l432xx.o(RESET)
 <LI><a href="#[27]">TIM2_IRQHandler</a> from lto-llvm-77ef65.o(.text) referenced from startup_stm32l432xx.o(RESET)
 <LI><a href="#[30]">TIM6_DAC_IRQHandler</a> from lto-llvm-77ef65.o(.text) referenced from startup_stm32l432xx.o(RESET)
 <LI><a href="#[31]">TIM7_IRQHandler</a> from startup_stm32l432xx.o(.text) referenced from startup_stm32l432xx.o(RESET)
 <LI><a href="#[43]">TSC_IRQHandler</a> from startup_stm32l432xx.o(.text) referenced from startup_stm32l432xx.o(RESET)
 <LI><a href="#[2b]">USART1_IRQHandler</a> from startup_stm32l432xx.o(.text) referenced from startup_stm32l432xx.o(RESET)
 <LI><a href="#[2c]">USART2_IRQHandler</a> from startup_stm32l432xx.o(.text) referenced from startup_stm32l432xx.o(RESET)
 <LI><a href="#[3a]">USB_IRQHandler</a> from startup_stm32l432xx.o(.text) referenced from startup_stm32l432xx.o(RESET)
 <LI><a href="#[6]">UsageFault_Handler</a> from startup_stm32l432xx.o(.text) referenced from startup_stm32l432xx.o(RESET)
 <LI><a href="#[b]">WWDG_IRQHandler</a> from startup_stm32l432xx.o(.text) referenced from startup_stm32l432xx.o(RESET)
 <LI><a href="#[49]">__main</a> from entry.o(.ARM.Collect$$$$00000000) referenced from startup_stm32l432xx.o(.text)
 <LI><a href="#[47]">main</a> from lto-llvm-77ef65.o(.text) referenced from entry9a.o(.ARM.Collect$$$$0000000B)
</UL>
<P>
<H3>
Global Symbols
</H3>
<P><STRONG><a name="[49]"></a>__main</STRONG> (Thumb, 0 bytes, Stack size unknown bytes, entry.o(.ARM.Collect$$$$00000000))
<BR>[Address Reference Count : 1]<UL><LI> startup_stm32l432xx.o(.text)
</UL>
<P><STRONG><a name="[7a]"></a>_main_stk</STRONG> (Thumb, 0 bytes, Stack size unknown bytes, entry2.o(.ARM.Collect$$$$00000001))

<P><STRONG><a name="[4a]"></a>_main_scatterload</STRONG> (Thumb, 0 bytes, Stack size unknown bytes, entry5.o(.ARM.Collect$$$$00000004))
<BR><BR>[Calls]<UL><LI><a href="#[4b]">&gt;&gt;</a>&nbsp;&nbsp;&nbsp;__scatterload
</UL>

<P><STRONG><a name="[4e]"></a>__main_after_scatterload</STRONG> (Thumb, 0 bytes, Stack size unknown bytes, entry5.o(.ARM.Collect$$$$00000004))
<BR><BR>[Called By]<UL><LI><a href="#[4b]">&gt;&gt;</a>&nbsp;&nbsp;&nbsp;__scatterload
</UL>

<P><STRONG><a name="[7b]"></a>_main_clock</STRONG> (Thumb, 0 bytes, Stack size unknown bytes, entry7b.o(.ARM.Collect$$$$00000008))

<P><STRONG><a name="[7c]"></a>_main_cpp_init</STRONG> (Thumb, 0 bytes, Stack size unknown bytes, entry8b.o(.ARM.Collect$$$$0000000A))

<P><STRONG><a name="[7d]"></a>_main_init</STRONG> (Thumb, 0 bytes, Stack size unknown bytes, entry9a.o(.ARM.Collect$$$$0000000B))

<P><STRONG><a name="[7e]"></a>__rt_final_cpp</STRONG> (Thumb, 0 bytes, Stack size unknown bytes, entry10a.o(.ARM.Collect$$$$0000000D))

<P><STRONG><a name="[7f]"></a>__rt_final_exit</STRONG> (Thumb, 0 bytes, Stack size unknown bytes, entry11a.o(.ARM.Collect$$$$0000000F))

<P><STRONG><a name="[1]"></a>Reset_Handler</STRONG> (Thumb, 8 bytes, Stack size 0 bytes, startup_stm32l432xx.o(.text))
<BR>[Address Reference Count : 1]<UL><LI> startup_stm32l432xx.o(RESET)
</UL>
<P><STRONG><a name="[2]"></a>NMI_Handler</STRONG> (Thumb, 2 bytes, Stack size 0 bytes, startup_stm32l432xx.o(.text))
<BR><BR>[Calls]<UL><LI><a href="#[2]">&gt;&gt;</a>&nbsp;&nbsp;&nbsp;NMI_Handler
</UL>
<BR>[Called By]<UL><LI><a href="#[2]">&gt;&gt;</a>&nbsp;&nbsp;&nbsp;NMI_Handler
</UL>
<BR>[Address Reference Count : 1]<UL><LI> startup_stm32l432xx.o(RESET)
</UL>
<P><STRONG><a name="[3]"></a>HardFault_Handler</STRONG> (Thumb, 2 bytes, Stack size 0 bytes, startup_stm32l432xx.o(.text))
<BR><BR>[Calls]<UL><LI><a href="#[3]">&gt;&gt;</a>&nbsp;&nbsp;&nbsp;HardFault_Handler
</UL>
<BR>[Called By]<UL><LI><a href="#[3]">&gt;&gt;</a>&nbsp;&nbsp;&nbsp;HardFault_Handler
</UL>
<BR>[Address Reference Count : 1]<UL><LI> startup_stm32l432xx.o(RESET)
</UL>
<P><STRONG><a name="[4]"></a>MemManage_Handler</STRONG> (Thumb, 2 bytes, Stack size 0 bytes, startup_stm32l432xx.o(.text))
<BR><BR>[Calls]<UL><LI><a href="#[4]">&gt;&gt;</a>&nbsp;&nbsp;&nbsp;MemManage_Handler
</UL>
<BR>[Called By]<UL><LI><a href="#[4]">&gt;&gt;</a>&nbsp;&nbsp;&nbsp;MemManage_Handler
</UL>
<BR>[Address Reference Count : 1]<UL><LI> startup_stm32l432xx.o(RESET)
</UL>
<P><STRONG><a name="[5]"></a>BusFault_Handler</STRONG> (Thumb, 2 bytes, Stack size 0 bytes, startup_stm32l432xx.o(.text))
<BR><BR>[Calls]<UL><LI><a href="#[5]">&gt;&gt;</a>&nbsp;&nbsp;&nbsp;BusFault_Handler
</UL>
<BR>[Called By]<UL><LI><a href="#[5]">&gt;&gt;</a>&nbsp;&nbsp;&nbsp;BusFault_Handler
</UL>
<BR>[Address Reference Count : 1]<UL><LI> startup_stm32l432xx.o(RESET)
</UL>
<P><STRONG><a name="[6]"></a>UsageFault_Handler</STRONG> (Thumb, 2 bytes, Stack size 0 bytes, startup_stm32l432xx.o(.text))
<BR><BR>[Calls]<UL><LI><a href="#[6]">&gt;&gt;</a>&nbsp;&nbsp;&nbsp;UsageFault_Handler
</UL>
<BR>[Called By]<UL><LI><a href="#[6]">&gt;&gt;</a>&nbsp;&nbsp;&nbsp;UsageFault_Handler
</UL>
<BR>[Address Reference Count : 1]<UL><LI> startup_stm32l432xx.o(RESET)
</UL>
<P><STRONG><a name="[7]"></a>SVC_Handler</STRONG> (Thumb, 2 bytes, Stack size 0 bytes, startup_stm32l432xx.o(.text))
<BR><BR>[Calls]<UL><LI><a href="#[7]">&gt;&gt;</a>&nbsp;&nbsp;&nbsp;SVC_Handler
</UL>
<BR>[Called By]<UL><LI><a href="#[7]">&gt;&gt;</a>&nbsp;&nbsp;&nbsp;SVC_Handler
</UL>
<BR>[Address Reference Count : 1]<UL><LI> startup_stm32l432xx.o(RESET)
</UL>
<P><STRONG><a name="[8]"></a>DebugMon_Handler</STRONG> (Thumb, 2 bytes, Stack size 0 bytes, startup_stm32l432xx.o(.text))
<BR><BR>[Calls]<UL><LI><a href="#[8]">&gt;&gt;</a>&nbsp;&nbsp;&nbsp;DebugMon_Handler
</UL>
<BR>[Called By]<UL><LI><a href="#[8]">&gt;&gt;</a>&nbsp;&nbsp;&nbsp;DebugMon_Handler
</UL>
<BR>[Address Reference Count : 1]<UL><LI> startup_stm32l432xx.o(RESET)
</UL>
<P><STRONG><a name="[9]"></a>PendSV_Handler</STRONG> (Thumb, 2 bytes, Stack size 0 bytes, startup_stm32l432xx.o(.text))
<BR><BR>[Calls]<UL><LI><a href="#[9]">&gt;&gt;</a>&nbsp;&nbsp;&nbsp;PendSV_Handler
</UL>
<BR>[Called By]<UL><LI><a href="#[9]">&gt;&gt;</a>&nbsp;&nbsp;&nbsp;PendSV_Handler
</UL>
<BR>[Address Reference Count : 1]<UL><LI> startup_stm32l432xx.o(RESET)
</UL>
<P><STRONG><a name="[1f]"></a>CAN1_RX0_IRQHandler</STRONG> (Thumb, 0 bytes, Stack size 0 bytes, startup_stm32l432xx.o(.text))
<BR><BR>[Calls]<UL><LI><a href="#[1f]">&gt;&gt;</a>&nbsp;&nbsp;&nbsp;CAN1_RX0_IRQHandler
</UL>
<BR>[Called By]<UL><LI><a href="#[1f]">&gt;&gt;</a>&nbsp;&nbsp;&nbsp;CAN1_RX0_IRQHandler
</UL>
<BR>[Address Reference Count : 1]<UL><LI> startup_stm32l432xx.o(RESET)
</UL>
<P><STRONG><a name="[20]"></a>CAN1_RX1_IRQHandler</STRONG> (Thumb, 0 bytes, Stack size 0 bytes, startup_stm32l432xx.o(.text))
<BR>[Address Reference Count : 1]<UL><LI> startup_stm32l432xx.o(RESET)
</UL>
<P><STRONG><a name="[21]"></a>CAN1_SCE_IRQHandler</STRONG> (Thumb, 0 bytes, Stack size 0 bytes, startup_stm32l432xx.o(.text))
<BR>[Address Reference Count : 1]<UL><LI> startup_stm32l432xx.o(RESET)
</UL>
<P><STRONG><a name="[1e]"></a>CAN1_TX_IRQHandler</STRONG> (Thumb, 0 bytes, Stack size 0 bytes, startup_stm32l432xx.o(.text))
<BR>[Address Reference Count : 1]<UL><LI> startup_stm32l432xx.o(RESET)
</UL>
<P><STRONG><a name="[37]"></a>COMP_IRQHandler</STRONG> (Thumb, 0 bytes, Stack size 0 bytes, startup_stm32l432xx.o(.text))
<BR>[Address Reference Count : 1]<UL><LI> startup_stm32l432xx.o(RESET)
</UL>
<P><STRONG><a name="[46]"></a>CRS_IRQHandler</STRONG> (Thumb, 0 bytes, Stack size 0 bytes, startup_stm32l432xx.o(.text))
<BR>[Address Reference Count : 1]<UL><LI> startup_stm32l432xx.o(RESET)
</UL>
<P><STRONG><a name="[16]"></a>DMA1_Channel1_IRQHandler</STRONG> (Thumb, 0 bytes, Stack size 0 bytes, startup_stm32l432xx.o(.text))
<BR>[Address Reference Count : 1]<UL><LI> startup_stm32l432xx.o(RESET)
</UL>
<P><STRONG><a name="[17]"></a>DMA1_Channel2_IRQHandler</STRONG> (Thumb, 0 bytes, Stack size 0 bytes, startup_stm32l432xx.o(.text))
<BR>[Address Reference Count : 1]<UL><LI> startup_stm32l432xx.o(RESET)
</UL>
<P><STRONG><a name="[18]"></a>DMA1_Channel3_IRQHandler</STRONG> (Thumb, 0 bytes, Stack size 0 bytes, startup_stm32l432xx.o(.text))
<BR>[Address Reference Count : 1]<UL><LI> startup_stm32l432xx.o(RESET)
</UL>
<P><STRONG><a name="[19]"></a>DMA1_Channel4_IRQHandler</STRONG> (Thumb, 0 bytes, Stack size 0 bytes, startup_stm32l432xx.o(.text))
<BR>[Address Reference Count : 1]<UL><LI> startup_stm32l432xx.o(RESET)
</UL>
<P><STRONG><a name="[1a]"></a>DMA1_Channel5_IRQHandler</STRONG> (Thumb, 0 bytes, Stack size 0 bytes, startup_stm32l432xx.o(.text))
<BR>[Address Reference Count : 1]<UL><LI> startup_stm32l432xx.o(RESET)
</UL>
<P><STRONG><a name="[1b]"></a>DMA1_Channel6_IRQHandler</STRONG> (Thumb, 0 bytes, Stack size 0 bytes, startup_stm32l432xx.o(.text))
<BR>[Address Reference Count : 1]<UL><LI> startup_stm32l432xx.o(RESET)
</UL>
<P><STRONG><a name="[1c]"></a>DMA1_Channel7_IRQHandler</STRONG> (Thumb, 0 bytes, Stack size 0 bytes, startup_stm32l432xx.o(.text))
<BR>[Address Reference Count : 1]<UL><LI> startup_stm32l432xx.o(RESET)
</UL>
<P><STRONG><a name="[32]"></a>DMA2_Channel1_IRQHandler</STRONG> (Thumb, 0 bytes, Stack size 0 bytes, startup_stm32l432xx.o(.text))
<BR>[Address Reference Count : 1]<UL><LI> startup_stm32l432xx.o(RESET)
</UL>
<P><STRONG><a name="[33]"></a>DMA2_Channel2_IRQHandler</STRONG> (Thumb, 0 bytes, Stack size 0 bytes, startup_stm32l432xx.o(.text))
<BR>[Address Reference Count : 1]<UL><LI> startup_stm32l432xx.o(RESET)
</UL>
<P><STRONG><a name="[34]"></a>DMA2_Channel3_IRQHandler</STRONG> (Thumb, 0 bytes, Stack size 0 bytes, startup_stm32l432xx.o(.text))
<BR>[Address Reference Count : 1]<UL><LI> startup_stm32l432xx.o(RESET)
</UL>
<P><STRONG><a name="[35]"></a>DMA2_Channel4_IRQHandler</STRONG> (Thumb, 0 bytes, Stack size 0 bytes, startup_stm32l432xx.o(.text))
<BR>[Address Reference Count : 1]<UL><LI> startup_stm32l432xx.o(RESET)
</UL>
<P><STRONG><a name="[36]"></a>DMA2_Channel5_IRQHandler</STRONG> (Thumb, 0 bytes, Stack size 0 bytes, startup_stm32l432xx.o(.text))
<BR>[Address Reference Count : 1]<UL><LI> startup_stm32l432xx.o(RESET)
</UL>
<P><STRONG><a name="[3b]"></a>DMA2_Channel6_IRQHandler</STRONG> (Thumb, 0 bytes, Stack size 0 bytes, startup_stm32l432xx.o(.text))
<BR>[Address Reference Count : 1]<UL><LI> startup_stm32l432xx.o(RESET)
</UL>
<P><STRONG><a name="[3c]"></a>DMA2_Channel7_IRQHandler</STRONG> (Thumb, 0 bytes, Stack size 0 bytes, startup_stm32l432xx.o(.text))
<BR>[Address Reference Count : 1]<UL><LI> startup_stm32l432xx.o(RESET)
</UL>
<P><STRONG><a name="[11]"></a>EXTI0_IRQHandler</STRONG> (Thumb, 0 bytes, Stack size 0 bytes, startup_stm32l432xx.o(.text))
<BR>[Address Reference Count : 1]<UL><LI> startup_stm32l432xx.o(RESET)
</UL>
<P><STRONG><a name="[2d]"></a>EXTI15_10_IRQHandler</STRONG> (Thumb, 0 bytes, Stack size 0 bytes, startup_stm32l432xx.o(.text))
<BR>[Address Reference Count : 1]<UL><LI> startup_stm32l432xx.o(RESET)
</UL>
<P><STRONG><a name="[12]"></a>EXTI1_IRQHandler</STRONG> (Thumb, 0 bytes, Stack size 0 bytes, startup_stm32l432xx.o(.text))
<BR>[Address Reference Count : 1]<UL><LI> startup_stm32l432xx.o(RESET)
</UL>
<P><STRONG><a name="[13]"></a>EXTI2_IRQHandler</STRONG> (Thumb, 0 bytes, Stack size 0 bytes, startup_stm32l432xx.o(.text))
<BR>[Address Reference Count : 1]<UL><LI> startup_stm32l432xx.o(RESET)
</UL>
<P><STRONG><a name="[14]"></a>EXTI3_IRQHandler</STRONG> (Thumb, 0 bytes, Stack size 0 bytes, startup_stm32l432xx.o(.text))
<BR>[Address Reference Count : 1]<UL><LI> startup_stm32l432xx.o(RESET)
</UL>
<P><STRONG><a name="[15]"></a>EXTI4_IRQHandler</STRONG> (Thumb, 0 bytes, Stack size 0 bytes, startup_stm32l432xx.o(.text))
<BR>[Address Reference Count : 1]<UL><LI> startup_stm32l432xx.o(RESET)
</UL>
<P><STRONG><a name="[f]"></a>FLASH_IRQHandler</STRONG> (Thumb, 0 bytes, Stack size 0 bytes, startup_stm32l432xx.o(.text))
<BR>[Address Reference Count : 1]<UL><LI> startup_stm32l432xx.o(RESET)
</UL>
<P><STRONG><a name="[45]"></a>FPU_IRQHandler</STRONG> (Thumb, 0 bytes, Stack size 0 bytes, startup_stm32l432xx.o(.text))
<BR>[Address Reference Count : 1]<UL><LI> startup_stm32l432xx.o(RESET)
</UL>
<P><STRONG><a name="[29]"></a>I2C1_ER_IRQHandler</STRONG> (Thumb, 0 bytes, Stack size 0 bytes, startup_stm32l432xx.o(.text))
<BR>[Address Reference Count : 1]<UL><LI> startup_stm32l432xx.o(RESET)
</UL>
<P><STRONG><a name="[28]"></a>I2C1_EV_IRQHandler</STRONG> (Thumb, 0 bytes, Stack size 0 bytes, startup_stm32l432xx.o(.text))
<BR>[Address Reference Count : 1]<UL><LI> startup_stm32l432xx.o(RESET)
</UL>
<P><STRONG><a name="[40]"></a>I2C3_ER_IRQHandler</STRONG> (Thumb, 0 bytes, Stack size 0 bytes, startup_stm32l432xx.o(.text))
<BR>[Address Reference Count : 1]<UL><LI> startup_stm32l432xx.o(RESET)
</UL>
<P><STRONG><a name="[3f]"></a>I2C3_EV_IRQHandler</STRONG> (Thumb, 0 bytes, Stack size 0 bytes, startup_stm32l432xx.o(.text))
<BR>[Address Reference Count : 1]<UL><LI> startup_stm32l432xx.o(RESET)
</UL>
<P><STRONG><a name="[38]"></a>LPTIM1_IRQHandler</STRONG> (Thumb, 0 bytes, Stack size 0 bytes, startup_stm32l432xx.o(.text))
<BR>[Address Reference Count : 1]<UL><LI> startup_stm32l432xx.o(RESET)
</UL>
<P><STRONG><a name="[39]"></a>LPTIM2_IRQHandler</STRONG> (Thumb, 0 bytes, Stack size 0 bytes, startup_stm32l432xx.o(.text))
<BR>[Address Reference Count : 1]<UL><LI> startup_stm32l432xx.o(RESET)
</UL>
<P><STRONG><a name="[3d]"></a>LPUART1_IRQHandler</STRONG> (Thumb, 0 bytes, Stack size 0 bytes, startup_stm32l432xx.o(.text))
<BR>[Address Reference Count : 1]<UL><LI> startup_stm32l432xx.o(RESET)
</UL>
<P><STRONG><a name="[c]"></a>PVD_PVM_IRQHandler</STRONG> (Thumb, 0 bytes, Stack size 0 bytes, startup_stm32l432xx.o(.text))
<BR>[Address Reference Count : 1]<UL><LI> startup_stm32l432xx.o(RESET)
</UL>
<P><STRONG><a name="[3e]"></a>QUADSPI_IRQHandler</STRONG> (Thumb, 0 bytes, Stack size 0 bytes, startup_stm32l432xx.o(.text))
<BR>[Address Reference Count : 1]<UL><LI> startup_stm32l432xx.o(RESET)
</UL>
<P><STRONG><a name="[10]"></a>RCC_IRQHandler</STRONG> (Thumb, 0 bytes, Stack size 0 bytes, startup_stm32l432xx.o(.text))
<BR>[Address Reference Count : 1]<UL><LI> startup_stm32l432xx.o(RESET)
</UL>
<P><STRONG><a name="[44]"></a>RNG_IRQHandler</STRONG> (Thumb, 0 bytes, Stack size 0 bytes, startup_stm32l432xx.o(.text))
<BR>[Address Reference Count : 1]<UL><LI> startup_stm32l432xx.o(RESET)
</UL>
<P><STRONG><a name="[e]"></a>RTC_WKUP_IRQHandler</STRONG> (Thumb, 0 bytes, Stack size 0 bytes, startup_stm32l432xx.o(.text))
<BR>[Address Reference Count : 1]<UL><LI> startup_stm32l432xx.o(RESET)
</UL>
<P><STRONG><a name="[41]"></a>SAI1_IRQHandler</STRONG> (Thumb, 0 bytes, Stack size 0 bytes, startup_stm32l432xx.o(.text))
<BR>[Address Reference Count : 1]<UL><LI> startup_stm32l432xx.o(RESET)
</UL>
<P><STRONG><a name="[2a]"></a>SPI1_IRQHandler</STRONG> (Thumb, 0 bytes, Stack size 0 bytes, startup_stm32l432xx.o(.text))
<BR>[Address Reference Count : 1]<UL><LI> startup_stm32l432xx.o(RESET)
</UL>
<P><STRONG><a name="[2f]"></a>SPI3_IRQHandler</STRONG> (Thumb, 0 bytes, Stack size 0 bytes, startup_stm32l432xx.o(.text))
<BR>[Address Reference Count : 1]<UL><LI> startup_stm32l432xx.o(RESET)
</UL>
<P><STRONG><a name="[42]"></a>SWPMI1_IRQHandler</STRONG> (Thumb, 0 bytes, Stack size 0 bytes, startup_stm32l432xx.o(.text))
<BR>[Address Reference Count : 1]<UL><LI> startup_stm32l432xx.o(RESET)
</UL>
<P><STRONG><a name="[d]"></a>TAMP_STAMP_IRQHandler</STRONG> (Thumb, 0 bytes, Stack size 0 bytes, startup_stm32l432xx.o(.text))
<BR>[Address Reference Count : 1]<UL><LI> startup_stm32l432xx.o(RESET)
</UL>
<P><STRONG><a name="[26]"></a>TIM1_CC_IRQHandler</STRONG> (Thumb, 0 bytes, Stack size 0 bytes, startup_stm32l432xx.o(.text))
<BR>[Address Reference Count : 1]<UL><LI> startup_stm32l432xx.o(RESET)
</UL>
<P><STRONG><a name="[25]"></a>TIM1_TRG_COM_IRQHandler</STRONG> (Thumb, 0 bytes, Stack size 0 bytes, startup_stm32l432xx.o(.text))
<BR>[Address Reference Count : 1]<UL><LI> startup_stm32l432xx.o(RESET)
</UL>
<P><STRONG><a name="[31]"></a>TIM7_IRQHandler</STRONG> (Thumb, 0 bytes, Stack size 0 bytes, startup_stm32l432xx.o(.text))
<BR>[Address Reference Count : 1]<UL><LI> startup_stm32l432xx.o(RESET)
</UL>
<P><STRONG><a name="[43]"></a>TSC_IRQHandler</STRONG> (Thumb, 0 bytes, Stack size 0 bytes, startup_stm32l432xx.o(.text))
<BR>[Address Reference Count : 1]<UL><LI> startup_stm32l432xx.o(RESET)
</UL>
<P><STRONG><a name="[2b]"></a>USART1_IRQHandler</STRONG> (Thumb, 0 bytes, Stack size 0 bytes, startup_stm32l432xx.o(.text))
<BR>[Address Reference Count : 1]<UL><LI> startup_stm32l432xx.o(RESET)
</UL>
<P><STRONG><a name="[2c]"></a>USART2_IRQHandler</STRONG> (Thumb, 0 bytes, Stack size 0 bytes, startup_stm32l432xx.o(.text))
<BR>[Address Reference Count : 1]<UL><LI> startup_stm32l432xx.o(RESET)
</UL>
<P><STRONG><a name="[3a]"></a>USB_IRQHandler</STRONG> (Thumb, 0 bytes, Stack size 0 bytes, startup_stm32l432xx.o(.text))
<BR>[Address Reference Count : 1]<UL><LI> startup_stm32l432xx.o(RESET)
</UL>
<P><STRONG><a name="[b]"></a>WWDG_IRQHandler</STRONG> (Thumb, 0 bytes, Stack size 0 bytes, startup_stm32l432xx.o(.text))
<BR>[Address Reference Count : 1]<UL><LI> startup_stm32l432xx.o(RESET)
</UL>
<P><STRONG><a name="[71]"></a>arm_dot_prod_f32</STRONG> (Thumb, 256 bytes, Stack size 12 bytes, arm_dot_prod_f32.o(.text))
<BR><BR>[Stack]<UL><LI>Max Depth = 12<LI>Call Chain = arm_dot_prod_f32
</UL>
<BR>[Called By]<UL><LI><a href="#[1d]">&gt;&gt;</a>&nbsp;&nbsp;&nbsp;ADC1_IRQHandler
</UL>

<P><STRONG><a name="[70]"></a>arm_cos_f32</STRONG> (Thumb, 108 bytes, Stack size 0 bytes, arm_cos_f32.o(.text))
<BR><BR>[Called By]<UL><LI><a href="#[1d]">&gt;&gt;</a>&nbsp;&nbsp;&nbsp;ADC1_IRQHandler
</UL>

<P><STRONG><a name="[56]"></a>arm_sin_f32</STRONG> (Thumb, 130 bytes, Stack size 0 bytes, arm_sin_f32.o(.text))
<BR><BR>[Called By]<UL><LI><a href="#[1d]">&gt;&gt;</a>&nbsp;&nbsp;&nbsp;ADC1_IRQHandler
<LI><a href="#[52]">&gt;&gt;</a>&nbsp;&nbsp;&nbsp;setup
</UL>

<P><STRONG><a name="[5f]"></a>arm_cmplx_dot_prod_f32</STRONG> (Thumb, 216 bytes, Stack size 4 bytes, arm_cmplx_dot_prod_f32.o(.text))
<BR><BR>[Stack]<UL><LI>Max Depth = 4<LI>Call Chain = arm_cmplx_dot_prod_f32
</UL>
<BR>[Called By]<UL><LI><a href="#[5e]">&gt;&gt;</a>&nbsp;&nbsp;&nbsp;loop
</UL>

<P><STRONG><a name="[60]"></a>arm_cmplx_mag_f32</STRONG> (Thumb, 246 bytes, Stack size 0 bytes, arm_cmplx_mag_f32.o(.text))
<BR><BR>[Called By]<UL><LI><a href="#[1d]">&gt;&gt;</a>&nbsp;&nbsp;&nbsp;ADC1_IRQHandler
<LI><a href="#[5e]">&gt;&gt;</a>&nbsp;&nbsp;&nbsp;loop
</UL>

<P><STRONG><a name="[72]"></a>arm_cmplx_mult_cmplx_f32</STRONG> (Thumb, 240 bytes, Stack size 0 bytes, arm_cmplx_mult_cmplx_f32.o(.text))
<BR><BR>[Called By]<UL><LI><a href="#[1d]">&gt;&gt;</a>&nbsp;&nbsp;&nbsp;ADC1_IRQHandler
</UL>

<P><STRONG><a name="[80]"></a>__I$use$fp</STRONG> (Thumb, 0 bytes, Stack size 8 bytes, iusefp.o(.text), UNUSED)

<P><STRONG><a name="[4c]"></a>_frnd</STRONG> (Thumb, 60 bytes, Stack size 8 bytes, frnd.o(.text))
<BR><BR>[Stack]<UL><LI>Max Depth = 8<LI>Call Chain = _frnd
</UL>
<BR>[Calls]<UL><LI><a href="#[4d]">&gt;&gt;</a>&nbsp;&nbsp;&nbsp;_float_round
</UL>
<BR>[Called By]<UL><LI><a href="#[5b]">&gt;&gt;</a>&nbsp;&nbsp;&nbsp;__hardfp_roundf
</UL>

<P><STRONG><a name="[4b]"></a>__scatterload</STRONG> (Thumb, 28 bytes, Stack size 0 bytes, init.o(.text))
<BR><BR>[Calls]<UL><LI><a href="#[4e]">&gt;&gt;</a>&nbsp;&nbsp;&nbsp;__main_after_scatterload
</UL>
<BR>[Called By]<UL><LI><a href="#[4a]">&gt;&gt;</a>&nbsp;&nbsp;&nbsp;_main_scatterload
</UL>

<P><STRONG><a name="[81]"></a>__scatterload_rt2</STRONG> (Thumb, 0 bytes, Stack size 0 bytes, init.o(.text), UNUSED)

<P><STRONG><a name="[4d]"></a>_float_round</STRONG> (Thumb, 18 bytes, Stack size 0 bytes, fepilogue.o(.text))
<BR><BR>[Called By]<UL><LI><a href="#[4c]">&gt;&gt;</a>&nbsp;&nbsp;&nbsp;_frnd
<LI><a href="#[5d]">&gt;&gt;</a>&nbsp;&nbsp;&nbsp;__aeabi_d2f
</UL>

<P><STRONG><a name="[82]"></a>_float_epilogue</STRONG> (Thumb, 92 bytes, Stack size 4 bytes, fepilogue.o(.text), UNUSED)

<P><STRONG><a name="[47]"></a>main</STRONG> (Thumb, 848 bytes, Stack size 144 bytes, lto-llvm-77ef65.o(.text))
<BR><BR>[Stack]<UL><LI>Max Depth = 696<LI>Call Chain = main &rArr; setup &rArr; __aeabi_dmul &rArr; _double_epilogue &rArr; _double_round
</UL>
<BR>[Calls]<UL><LI><a href="#[52]">&gt;&gt;</a>&nbsp;&nbsp;&nbsp;setup
<LI><a href="#[5e]">&gt;&gt;</a>&nbsp;&nbsp;&nbsp;loop
<LI><a href="#[62]">&gt;&gt;</a>&nbsp;&nbsp;&nbsp;SystemClock_Config
<LI><a href="#[67]">&gt;&gt;</a>&nbsp;&nbsp;&nbsp;HAL_TIM_PWM_Init
<LI><a href="#[69]">&gt;&gt;</a>&nbsp;&nbsp;&nbsp;HAL_TIM_PWM_ConfigChannel
<LI><a href="#[6b]">&gt;&gt;</a>&nbsp;&nbsp;&nbsp;HAL_TIM_MspPostInit
<LI><a href="#[66]">&gt;&gt;</a>&nbsp;&nbsp;&nbsp;HAL_TIM_ConfigClockSource
<LI><a href="#[65]">&gt;&gt;</a>&nbsp;&nbsp;&nbsp;HAL_TIM_Base_Init
<LI><a href="#[68]">&gt;&gt;</a>&nbsp;&nbsp;&nbsp;HAL_TIMEx_MasterConfigSynchronization
<LI><a href="#[6a]">&gt;&gt;</a>&nbsp;&nbsp;&nbsp;HAL_TIMEx_ConfigBreakDeadTime
<LI><a href="#[63]">&gt;&gt;</a>&nbsp;&nbsp;&nbsp;HAL_NVIC_SetPriority
<LI><a href="#[61]">&gt;&gt;</a>&nbsp;&nbsp;&nbsp;HAL_Init
<LI><a href="#[51]">&gt;&gt;</a>&nbsp;&nbsp;&nbsp;HAL_GPIO_Init
<LI><a href="#[64]">&gt;&gt;</a>&nbsp;&nbsp;&nbsp;HAL_DMA_Init
<LI><a href="#[6c]">&gt;&gt;</a>&nbsp;&nbsp;&nbsp;HAL_ADC_Init
<LI><a href="#[6d]">&gt;&gt;</a>&nbsp;&nbsp;&nbsp;HAL_ADCEx_InjectedConfigChannel
</UL>
<BR>[Address Reference Count : 1]<UL><LI> entry9a.o(.ARM.Collect$$$$0000000B)
</UL>
<P><STRONG><a name="[a]"></a>SysTick_Handler</STRONG> (Thumb, 236 bytes, Stack size 40 bytes, lto-llvm-77ef65.o(.text))
<BR><BR>[Stack]<UL><LI>Max Depth = 84<LI>Call Chain = SysTick_Handler &rArr; HAL_GPIO_Init
</UL>
<BR>[Calls]<UL><LI><a href="#[51]">&gt;&gt;</a>&nbsp;&nbsp;&nbsp;HAL_GPIO_Init
</UL>
<BR>[Address Reference Count : 1]<UL><LI> startup_stm32l432xx.o(RESET)
</UL>
<P><STRONG><a name="[22]"></a>EXTI9_5_IRQHandler</STRONG> (Thumb, 1992 bytes, Stack size 208 bytes, lto-llvm-77ef65.o(.text))
<BR><BR>[Stack]<UL><LI>Max Depth = 240<LI>Call Chain = EXTI9_5_IRQHandler &rArr; HAL_RCC_OscConfig
</UL>
<BR>[Calls]<UL><LI><a href="#[53]">&gt;&gt;</a>&nbsp;&nbsp;&nbsp;HAL_RCC_OscConfig
<LI><a href="#[54]">&gt;&gt;</a>&nbsp;&nbsp;&nbsp;HAL_RCC_ClockConfig
<LI><a href="#[55]">&gt;&gt;</a>&nbsp;&nbsp;&nbsp;HAL_RCCEx_PeriphCLKConfig
<LI><a href="#[6e]">&gt;&gt;</a>&nbsp;&nbsp;&nbsp;HAL_NVIC_SystemReset
</UL>
<BR>[Address Reference Count : 1]<UL><LI> startup_stm32l432xx.o(RESET)
</UL>
<P><STRONG><a name="[23]"></a>TIM1_BRK_TIM15_IRQHandler</STRONG> (Thumb, 12 bytes, Stack size 0 bytes, lto-llvm-77ef65.o(.text))
<BR><BR>[Calls]<UL><LI><a href="#[6f]">&gt;&gt;</a>&nbsp;&nbsp;&nbsp;HAL_TIM_IRQHandler
</UL>
<BR>[Address Reference Count : 1]<UL><LI> startup_stm32l432xx.o(RESET)
</UL>
<P><STRONG><a name="[2e]"></a>RTC_Alarm_IRQHandler</STRONG> (Thumb, 126 bytes, Stack size 0 bytes, lto-llvm-77ef65.o(.text))
<BR>[Address Reference Count : 1]<UL><LI> startup_stm32l432xx.o(RESET)
</UL>
<P><STRONG><a name="[30]"></a>TIM6_DAC_IRQHandler</STRONG> (Thumb, 12 bytes, Stack size 0 bytes, lto-llvm-77ef65.o(.text))
<BR><BR>[Calls]<UL><LI><a href="#[6f]">&gt;&gt;</a>&nbsp;&nbsp;&nbsp;HAL_TIM_IRQHandler
</UL>
<BR>[Address Reference Count : 1]<UL><LI> startup_stm32l432xx.o(RESET)
</UL>
<P><STRONG><a name="[1d]"></a>ADC1_IRQHandler</STRONG> (Thumb, 436 bytes, Stack size 24 bytes, lto-llvm-77ef65.o(.text))
<BR><BR>[Stack]<UL><LI>Max Depth = 36<LI>Call Chain = ADC1_IRQHandler &rArr; arm_dot_prod_f32
</UL>
<BR>[Calls]<UL><LI><a href="#[70]">&gt;&gt;</a>&nbsp;&nbsp;&nbsp;arm_cos_f32
<LI><a href="#[71]">&gt;&gt;</a>&nbsp;&nbsp;&nbsp;arm_dot_prod_f32
<LI><a href="#[60]">&gt;&gt;</a>&nbsp;&nbsp;&nbsp;arm_cmplx_mag_f32
<LI><a href="#[72]">&gt;&gt;</a>&nbsp;&nbsp;&nbsp;arm_cmplx_mult_cmplx_f32
<LI><a href="#[56]">&gt;&gt;</a>&nbsp;&nbsp;&nbsp;arm_sin_f32
</UL>
<BR>[Address Reference Count : 1]<UL><LI> startup_stm32l432xx.o(RESET)
</UL>
<P><STRONG><a name="[24]"></a>TIM1_UP_TIM16_IRQHandler</STRONG> (Thumb, 76 bytes, Stack size 8 bytes, lto-llvm-77ef65.o(.text))
<BR><BR>[Stack]<UL><LI>Max Depth = 132<LI>Call Chain = TIM1_UP_TIM16_IRQHandler &rArr; SIGNAL::calcNext() &rArr; SIGNAL::bpsk() &rArr; HAL_GPIO_Init
</UL>
<BR>[Calls]<UL><LI><a href="#[4f]">&gt;&gt;</a>&nbsp;&nbsp;&nbsp;SIGNAL::calcNext()
</UL>
<BR>[Address Reference Count : 1]<UL><LI> startup_stm32l432xx.o(RESET)
</UL>
<P><STRONG><a name="[27]"></a>TIM2_IRQHandler</STRONG> (Thumb, 204 bytes, Stack size 40 bytes, lto-llvm-77ef65.o(.text))
<BR><BR>[Stack]<UL><LI>Max Depth = 84<LI>Call Chain = TIM2_IRQHandler &rArr; HAL_GPIO_Init
</UL>
<BR>[Calls]<UL><LI><a href="#[51]">&gt;&gt;</a>&nbsp;&nbsp;&nbsp;HAL_GPIO_Init
</UL>
<BR>[Address Reference Count : 1]<UL><LI> startup_stm32l432xx.o(RESET)
</UL>
<P><STRONG><a name="[48]"></a>SystemInit</STRONG> (Thumb, 82 bytes, Stack size 0 bytes, lto-llvm-77ef65.o(.text))
<BR>[Address Reference Count : 1]<UL><LI> startup_stm32l432xx.o(.text)
</UL>
<P><STRONG><a name="[83]"></a>__aeabi_memcpy</STRONG> (Thumb, 36 bytes, Stack size 0 bytes, memcpya.o(.text), UNUSED)

<P><STRONG><a name="[5a]"></a>__aeabi_memcpy4</STRONG> (Thumb, 0 bytes, Stack size 0 bytes, memcpya.o(.text))
<BR><BR>[Called By]<UL><LI><a href="#[52]">&gt;&gt;</a>&nbsp;&nbsp;&nbsp;setup
</UL>

<P><STRONG><a name="[84]"></a>__aeabi_memcpy8</STRONG> (Thumb, 0 bytes, Stack size 0 bytes, memcpya.o(.text), UNUSED)

<P><STRONG><a name="[58]"></a>__aeabi_dmul</STRONG> (Thumb, 228 bytes, Stack size 48 bytes, dmul.o(.text))
<BR><BR>[Stack]<UL><LI>Max Depth = 88<LI>Call Chain = __aeabi_dmul &rArr; _double_epilogue &rArr; _double_round
</UL>
<BR>[Calls]<UL><LI><a href="#[76]">&gt;&gt;</a>&nbsp;&nbsp;&nbsp;_double_epilogue
</UL>
<BR>[Called By]<UL><LI><a href="#[52]">&gt;&gt;</a>&nbsp;&nbsp;&nbsp;setup
</UL>

<P><STRONG><a name="[5c]"></a>__aeabi_ddiv</STRONG> (Thumb, 222 bytes, Stack size 32 bytes, ddiv.o(.text))
<BR><BR>[Stack]<UL><LI>Max Depth = 40<LI>Call Chain = __aeabi_ddiv &rArr; _double_round
</UL>
<BR>[Calls]<UL><LI><a href="#[77]">&gt;&gt;</a>&nbsp;&nbsp;&nbsp;_double_round
</UL>
<BR>[Called By]<UL><LI><a href="#[52]">&gt;&gt;</a>&nbsp;&nbsp;&nbsp;setup
</UL>

<P><STRONG><a name="[59]"></a>__aeabi_d2uiz</STRONG> (Thumb, 50 bytes, Stack size 8 bytes, dfixui.o(.text))
<BR><BR>[Stack]<UL><LI>Max Depth = 8<LI>Call Chain = __aeabi_d2uiz
</UL>
<BR>[Calls]<UL><LI><a href="#[78]">&gt;&gt;</a>&nbsp;&nbsp;&nbsp;__aeabi_llsr
</UL>
<BR>[Called By]<UL><LI><a href="#[52]">&gt;&gt;</a>&nbsp;&nbsp;&nbsp;setup
</UL>

<P><STRONG><a name="[57]"></a>__aeabi_f2d</STRONG> (Thumb, 38 bytes, Stack size 0 bytes, f2d.o(.text))
<BR><BR>[Called By]<UL><LI><a href="#[52]">&gt;&gt;</a>&nbsp;&nbsp;&nbsp;setup
</UL>

<P><STRONG><a name="[5d]"></a>__aeabi_d2f</STRONG> (Thumb, 56 bytes, Stack size 8 bytes, d2f.o(.text))
<BR><BR>[Stack]<UL><LI>Max Depth = 8<LI>Call Chain = __aeabi_d2f
</UL>
<BR>[Calls]<UL><LI><a href="#[4d]">&gt;&gt;</a>&nbsp;&nbsp;&nbsp;_float_round
</UL>
<BR>[Called By]<UL><LI><a href="#[52]">&gt;&gt;</a>&nbsp;&nbsp;&nbsp;setup
</UL>

<P><STRONG><a name="[78]"></a>__aeabi_llsr</STRONG> (Thumb, 32 bytes, Stack size 0 bytes, llushr.o(.text))
<BR><BR>[Called By]<UL><LI><a href="#[76]">&gt;&gt;</a>&nbsp;&nbsp;&nbsp;_double_epilogue
<LI><a href="#[59]">&gt;&gt;</a>&nbsp;&nbsp;&nbsp;__aeabi_d2uiz
</UL>

<P><STRONG><a name="[85]"></a>_ll_ushift_r</STRONG> (Thumb, 0 bytes, Stack size 0 bytes, llushr.o(.text), UNUSED)

<P><STRONG><a name="[77]"></a>_double_round</STRONG> (Thumb, 30 bytes, Stack size 8 bytes, depilogue.o(.text))
<BR><BR>[Stack]<UL><LI>Max Depth = 8<LI>Call Chain = _double_round
</UL>
<BR>[Called By]<UL><LI><a href="#[76]">&gt;&gt;</a>&nbsp;&nbsp;&nbsp;_double_epilogue
<LI><a href="#[5c]">&gt;&gt;</a>&nbsp;&nbsp;&nbsp;__aeabi_ddiv
</UL>

<P><STRONG><a name="[76]"></a>_double_epilogue</STRONG> (Thumb, 156 bytes, Stack size 32 bytes, depilogue.o(.text))
<BR><BR>[Stack]<UL><LI>Max Depth = 40<LI>Call Chain = _double_epilogue &rArr; _double_round
</UL>
<BR>[Calls]<UL><LI><a href="#[79]">&gt;&gt;</a>&nbsp;&nbsp;&nbsp;__aeabi_llsl
<LI><a href="#[78]">&gt;&gt;</a>&nbsp;&nbsp;&nbsp;__aeabi_llsr
<LI><a href="#[77]">&gt;&gt;</a>&nbsp;&nbsp;&nbsp;_double_round
</UL>
<BR>[Called By]<UL><LI><a href="#[58]">&gt;&gt;</a>&nbsp;&nbsp;&nbsp;__aeabi_dmul
</UL>

<P><STRONG><a name="[79]"></a>__aeabi_llsl</STRONG> (Thumb, 30 bytes, Stack size 0 bytes, llshl.o(.text))
<BR><BR>[Called By]<UL><LI><a href="#[76]">&gt;&gt;</a>&nbsp;&nbsp;&nbsp;_double_epilogue
</UL>

<P><STRONG><a name="[86]"></a>_ll_shift_l</STRONG> (Thumb, 0 bytes, Stack size 0 bytes, llshl.o(.text), UNUSED)

<P><STRONG><a name="[87]"></a>__decompress</STRONG> (Thumb, 0 bytes, Stack size unknown bytes, __dczerorl.o(.text), UNUSED)

<P><STRONG><a name="[88]"></a>__decompress0</STRONG> (Thumb, 58 bytes, Stack size unknown bytes, __dczerorl.o(.text), UNUSED)

<P><STRONG><a name="[5b]"></a>__hardfp_roundf</STRONG> (Thumb, 154 bytes, Stack size 16 bytes, roundf.o(i.__hardfp_roundf))
<BR><BR>[Stack]<UL><LI>Max Depth = 24<LI>Call Chain = __hardfp_roundf &rArr; _frnd
</UL>
<BR>[Calls]<UL><LI><a href="#[4c]">&gt;&gt;</a>&nbsp;&nbsp;&nbsp;_frnd
</UL>
<BR>[Called By]<UL><LI><a href="#[52]">&gt;&gt;</a>&nbsp;&nbsp;&nbsp;setup
</UL>

<P><STRONG><a name="[89]"></a>__scatterload_copy</STRONG> (Thumb, 14 bytes, Stack size unknown bytes, handlers.o(i.__scatterload_copy), UNUSED)

<P><STRONG><a name="[8a]"></a>__scatterload_null</STRONG> (Thumb, 2 bytes, Stack size unknown bytes, handlers.o(i.__scatterload_null), UNUSED)

<P><STRONG><a name="[8b]"></a>__scatterload_zeroinit</STRONG> (Thumb, 14 bytes, Stack size unknown bytes, handlers.o(i.__scatterload_zeroinit), UNUSED)
<P>
<H3>
Local Symbols
</H3>
<P><STRONG><a name="[6d]"></a>HAL_ADCEx_InjectedConfigChannel</STRONG> (Thumb, 922 bytes, Stack size 16 bytes, lto-llvm-77ef65.o(.text))
<BR><BR>[Stack]<UL><LI>Max Depth = 16<LI>Call Chain = HAL_ADCEx_InjectedConfigChannel
</UL>
<BR>[Called By]<UL><LI><a href="#[47]">&gt;&gt;</a>&nbsp;&nbsp;&nbsp;main
</UL>

<P><STRONG><a name="[6c]"></a>HAL_ADC_Init</STRONG> (Thumb, 554 bytes, Stack size 32 bytes, lto-llvm-77ef65.o(.text))
<BR><BR>[Stack]<UL><LI>Max Depth = 76<LI>Call Chain = HAL_ADC_Init &rArr; HAL_GPIO_Init
</UL>
<BR>[Calls]<UL><LI><a href="#[51]">&gt;&gt;</a>&nbsp;&nbsp;&nbsp;HAL_GPIO_Init
</UL>
<BR>[Called By]<UL><LI><a href="#[47]">&gt;&gt;</a>&nbsp;&nbsp;&nbsp;main
</UL>

<P><STRONG><a name="[64]"></a>HAL_DMA_Init</STRONG> (Thumb, 218 bytes, Stack size 36 bytes, lto-llvm-77ef65.o(.text))
<BR><BR>[Stack]<UL><LI>Max Depth = 36<LI>Call Chain = HAL_DMA_Init
</UL>
<BR>[Called By]<UL><LI><a href="#[47]">&gt;&gt;</a>&nbsp;&nbsp;&nbsp;main
</UL>

<P><STRONG><a name="[51]"></a>HAL_GPIO_Init</STRONG> (Thumb, 436 bytes, Stack size 44 bytes, lto-llvm-77ef65.o(.text))
<BR><BR>[Stack]<UL><LI>Max Depth = 44<LI>Call Chain = HAL_GPIO_Init
</UL>
<BR>[Called By]<UL><LI><a href="#[47]">&gt;&gt;</a>&nbsp;&nbsp;&nbsp;main
<LI><a href="#[27]">&gt;&gt;</a>&nbsp;&nbsp;&nbsp;TIM2_IRQHandler
<LI><a href="#[a]">&gt;&gt;</a>&nbsp;&nbsp;&nbsp;SysTick_Handler
<LI><a href="#[52]">&gt;&gt;</a>&nbsp;&nbsp;&nbsp;setup
<LI><a href="#[5e]">&gt;&gt;</a>&nbsp;&nbsp;&nbsp;loop
<LI><a href="#[4f]">&gt;&gt;</a>&nbsp;&nbsp;&nbsp;SIGNAL::calcNext()
<LI><a href="#[50]">&gt;&gt;</a>&nbsp;&nbsp;&nbsp;SIGNAL::bpsk()
<LI><a href="#[6b]">&gt;&gt;</a>&nbsp;&nbsp;&nbsp;HAL_TIM_MspPostInit
<LI><a href="#[6c]">&gt;&gt;</a>&nbsp;&nbsp;&nbsp;HAL_ADC_Init
</UL>

<P><STRONG><a name="[61]"></a>HAL_Init</STRONG> (Thumb, 346 bytes, Stack size 24 bytes, lto-llvm-77ef65.o(.text))
<BR><BR>[Stack]<UL><LI>Max Depth = 24<LI>Call Chain = HAL_Init
</UL>
<BR>[Called By]<UL><LI><a href="#[47]">&gt;&gt;</a>&nbsp;&nbsp;&nbsp;main
</UL>

<P><STRONG><a name="[63]"></a>HAL_NVIC_SetPriority</STRONG> (Thumb, 92 bytes, Stack size 8 bytes, lto-llvm-77ef65.o(.text))
<BR><BR>[Stack]<UL><LI>Max Depth = 8<LI>Call Chain = HAL_NVIC_SetPriority
</UL>
<BR>[Called By]<UL><LI><a href="#[47]">&gt;&gt;</a>&nbsp;&nbsp;&nbsp;main
</UL>

<P><STRONG><a name="[6e]"></a>HAL_NVIC_SystemReset</STRONG> (Thumb, 4 bytes, Stack size 0 bytes, lto-llvm-77ef65.o(.text))
<BR><BR>[Calls]<UL><LI><a href="#[73]">&gt;&gt;</a>&nbsp;&nbsp;&nbsp;__NVIC_SystemReset
</UL>
<BR>[Called By]<UL><LI><a href="#[22]">&gt;&gt;</a>&nbsp;&nbsp;&nbsp;EXTI9_5_IRQHandler
</UL>

<P><STRONG><a name="[55]"></a>HAL_RCCEx_PeriphCLKConfig</STRONG> (Thumb, 752 bytes, Stack size 24 bytes, lto-llvm-77ef65.o(.text))
<BR><BR>[Stack]<UL><LI>Max Depth = 32<LI>Call Chain = HAL_RCCEx_PeriphCLKConfig &rArr; RCCEx_PLLSAI1_Config
</UL>
<BR>[Calls]<UL><LI><a href="#[75]">&gt;&gt;</a>&nbsp;&nbsp;&nbsp;RCCEx_PLLSAI1_Config
</UL>
<BR>[Called By]<UL><LI><a href="#[22]">&gt;&gt;</a>&nbsp;&nbsp;&nbsp;EXTI9_5_IRQHandler
<LI><a href="#[52]">&gt;&gt;</a>&nbsp;&nbsp;&nbsp;setup
<LI><a href="#[62]">&gt;&gt;</a>&nbsp;&nbsp;&nbsp;SystemClock_Config
</UL>

<P><STRONG><a name="[54]"></a>HAL_RCC_ClockConfig</STRONG> (Thumb, 882 bytes, Stack size 8 bytes, lto-llvm-77ef65.o(.text))
<BR><BR>[Stack]<UL><LI>Max Depth = 8<LI>Call Chain = HAL_RCC_ClockConfig
</UL>
<BR>[Calls]<UL><LI><a href="#[74]">&gt;&gt;</a>&nbsp;&nbsp;&nbsp;HAL_RCC_GetSysClockFreq
</UL>
<BR>[Called By]<UL><LI><a href="#[22]">&gt;&gt;</a>&nbsp;&nbsp;&nbsp;EXTI9_5_IRQHandler
<LI><a href="#[52]">&gt;&gt;</a>&nbsp;&nbsp;&nbsp;setup
<LI><a href="#[62]">&gt;&gt;</a>&nbsp;&nbsp;&nbsp;SystemClock_Config
</UL>

<P><STRONG><a name="[74]"></a>HAL_RCC_GetSysClockFreq</STRONG> (Thumb, 252 bytes, Stack size 0 bytes, lto-llvm-77ef65.o(.text))
<BR><BR>[Called By]<UL><LI><a href="#[53]">&gt;&gt;</a>&nbsp;&nbsp;&nbsp;HAL_RCC_OscConfig
<LI><a href="#[54]">&gt;&gt;</a>&nbsp;&nbsp;&nbsp;HAL_RCC_ClockConfig
</UL>

<P><STRONG><a name="[53]"></a>HAL_RCC_OscConfig</STRONG> (Thumb, 2550 bytes, Stack size 32 bytes, lto-llvm-77ef65.o(.text))
<BR><BR>[Stack]<UL><LI>Max Depth = 32<LI>Call Chain = HAL_RCC_OscConfig
</UL>
<BR>[Calls]<UL><LI><a href="#[74]">&gt;&gt;</a>&nbsp;&nbsp;&nbsp;HAL_RCC_GetSysClockFreq
</UL>
<BR>[Called By]<UL><LI><a href="#[22]">&gt;&gt;</a>&nbsp;&nbsp;&nbsp;EXTI9_5_IRQHandler
<LI><a href="#[52]">&gt;&gt;</a>&nbsp;&nbsp;&nbsp;setup
<LI><a href="#[62]">&gt;&gt;</a>&nbsp;&nbsp;&nbsp;SystemClock_Config
</UL>

<P><STRONG><a name="[6a]"></a>HAL_TIMEx_ConfigBreakDeadTime</STRONG> (Thumb, 148 bytes, Stack size 8 bytes, lto-llvm-77ef65.o(.text))
<BR><BR>[Stack]<UL><LI>Max Depth = 8<LI>Call Chain = HAL_TIMEx_ConfigBreakDeadTime
</UL>
<BR>[Called By]<UL><LI><a href="#[47]">&gt;&gt;</a>&nbsp;&nbsp;&nbsp;main
</UL>

<P><STRONG><a name="[68]"></a>HAL_TIMEx_MasterConfigSynchronization</STRONG> (Thumb, 94 bytes, Stack size 16 bytes, lto-llvm-77ef65.o(.text))
<BR><BR>[Stack]<UL><LI>Max Depth = 16<LI>Call Chain = HAL_TIMEx_MasterConfigSynchronization
</UL>
<BR>[Called By]<UL><LI><a href="#[47]">&gt;&gt;</a>&nbsp;&nbsp;&nbsp;main
</UL>

<P><STRONG><a name="[65]"></a>HAL_TIM_Base_Init</STRONG> (Thumb, 390 bytes, Stack size 24 bytes, lto-llvm-77ef65.o(.text))
<BR><BR>[Stack]<UL><LI>Max Depth = 24<LI>Call Chain = HAL_TIM_Base_Init
</UL>
<BR>[Called By]<UL><LI><a href="#[47]">&gt;&gt;</a>&nbsp;&nbsp;&nbsp;main
</UL>

<P><STRONG><a name="[66]"></a>HAL_TIM_ConfigClockSource</STRONG> (Thumb, 404 bytes, Stack size 8 bytes, lto-llvm-77ef65.o(.text))
<BR><BR>[Stack]<UL><LI>Max Depth = 8<LI>Call Chain = HAL_TIM_ConfigClockSource
</UL>
<BR>[Called By]<UL><LI><a href="#[47]">&gt;&gt;</a>&nbsp;&nbsp;&nbsp;main
</UL>

<P><STRONG><a name="[6f]"></a>HAL_TIM_IRQHandler</STRONG> (Thumb, 206 bytes, Stack size 0 bytes, lto-llvm-77ef65.o(.text))
<BR><BR>[Called By]<UL><LI><a href="#[30]">&gt;&gt;</a>&nbsp;&nbsp;&nbsp;TIM6_DAC_IRQHandler
<LI><a href="#[23]">&gt;&gt;</a>&nbsp;&nbsp;&nbsp;TIM1_BRK_TIM15_IRQHandler
</UL>

<P><STRONG><a name="[6b]"></a>HAL_TIM_MspPostInit</STRONG> (Thumb, 102 bytes, Stack size 48 bytes, lto-llvm-77ef65.o(.text))
<BR><BR>[Stack]<UL><LI>Max Depth = 92<LI>Call Chain = HAL_TIM_MspPostInit &rArr; HAL_GPIO_Init
</UL>
<BR>[Calls]<UL><LI><a href="#[51]">&gt;&gt;</a>&nbsp;&nbsp;&nbsp;HAL_GPIO_Init
</UL>
<BR>[Called By]<UL><LI><a href="#[47]">&gt;&gt;</a>&nbsp;&nbsp;&nbsp;main
</UL>

<P><STRONG><a name="[69]"></a>HAL_TIM_PWM_ConfigChannel</STRONG> (Thumb, 192 bytes, Stack size 20 bytes, lto-llvm-77ef65.o(.text))
<BR><BR>[Stack]<UL><LI>Max Depth = 20<LI>Call Chain = HAL_TIM_PWM_ConfigChannel
</UL>
<BR>[Called By]<UL><LI><a href="#[47]">&gt;&gt;</a>&nbsp;&nbsp;&nbsp;main
</UL>

<P><STRONG><a name="[67]"></a>HAL_TIM_PWM_Init</STRONG> (Thumb, 198 bytes, Stack size 16 bytes, lto-llvm-77ef65.o(.text))
<BR><BR>[Stack]<UL><LI>Max Depth = 16<LI>Call Chain = HAL_TIM_PWM_Init
</UL>
<BR>[Called By]<UL><LI><a href="#[47]">&gt;&gt;</a>&nbsp;&nbsp;&nbsp;main
</UL>

<P><STRONG><a name="[75]"></a>RCCEx_PLLSAI1_Config</STRONG> (Thumb, 504 bytes, Stack size 8 bytes, lto-llvm-77ef65.o(.text))
<BR><BR>[Stack]<UL><LI>Max Depth = 8<LI>Call Chain = RCCEx_PLLSAI1_Config
</UL>
<BR>[Called By]<UL><LI><a href="#[55]">&gt;&gt;</a>&nbsp;&nbsp;&nbsp;HAL_RCCEx_PeriphCLKConfig
</UL>

<P><STRONG><a name="[62]"></a>SystemClock_Config</STRONG> (Thumb, 372 bytes, Stack size 192 bytes, lto-llvm-77ef65.o(.text))
<BR><BR>[Stack]<UL><LI>Max Depth = 224<LI>Call Chain = SystemClock_Config &rArr; HAL_RCC_OscConfig
</UL>
<BR>[Calls]<UL><LI><a href="#[53]">&gt;&gt;</a>&nbsp;&nbsp;&nbsp;HAL_RCC_OscConfig
<LI><a href="#[54]">&gt;&gt;</a>&nbsp;&nbsp;&nbsp;HAL_RCC_ClockConfig
<LI><a href="#[55]">&gt;&gt;</a>&nbsp;&nbsp;&nbsp;HAL_RCCEx_PeriphCLKConfig
</UL>
<BR>[Called By]<UL><LI><a href="#[47]">&gt;&gt;</a>&nbsp;&nbsp;&nbsp;main
</UL>

<P><STRONG><a name="[50]"></a>SIGNAL::bpsk()</STRONG> (Thumb, 192 bytes, Stack size 40 bytes, lto-llvm-77ef65.o(.text))
<BR><BR>[Stack]<UL><LI>Max Depth = 84<LI>Call Chain = SIGNAL::bpsk() &rArr; HAL_GPIO_Init
</UL>
<BR>[Calls]<UL><LI><a href="#[51]">&gt;&gt;</a>&nbsp;&nbsp;&nbsp;HAL_GPIO_Init
</UL>
<BR>[Called By]<UL><LI><a href="#[4f]">&gt;&gt;</a>&nbsp;&nbsp;&nbsp;SIGNAL::calcNext()
</UL>

<P><STRONG><a name="[4f]"></a>SIGNAL::calcNext()</STRONG> (Thumb, 278 bytes, Stack size 40 bytes, lto-llvm-77ef65.o(.text))
<BR><BR>[Stack]<UL><LI>Max Depth = 124<LI>Call Chain = SIGNAL::calcNext() &rArr; SIGNAL::bpsk() &rArr; HAL_GPIO_Init
</UL>
<BR>[Calls]<UL><LI><a href="#[50]">&gt;&gt;</a>&nbsp;&nbsp;&nbsp;SIGNAL::bpsk()
<LI><a href="#[51]">&gt;&gt;</a>&nbsp;&nbsp;&nbsp;HAL_GPIO_Init
</UL>
<BR>[Called By]<UL><LI><a href="#[24]">&gt;&gt;</a>&nbsp;&nbsp;&nbsp;TIM1_UP_TIM16_IRQHandler
<LI><a href="#[5e]">&gt;&gt;</a>&nbsp;&nbsp;&nbsp;loop
</UL>

<P><STRONG><a name="[73]"></a>__NVIC_SystemReset</STRONG> (Thumb, 36 bytes, Stack size 0 bytes, lto-llvm-77ef65.o(.text))
<BR><BR>[Called By]<UL><LI><a href="#[6e]">&gt;&gt;</a>&nbsp;&nbsp;&nbsp;HAL_NVIC_SystemReset
</UL>

<P><STRONG><a name="[5e]"></a>loop</STRONG> (Thumb, 1560 bytes, Stack size 112 bytes, lto-llvm-77ef65.o(.text))
<BR><BR>[Stack]<UL><LI>Max Depth = 236<LI>Call Chain = loop &rArr; SIGNAL::calcNext() &rArr; SIGNAL::bpsk() &rArr; HAL_GPIO_Init
</UL>
<BR>[Calls]<UL><LI><a href="#[5f]">&gt;&gt;</a>&nbsp;&nbsp;&nbsp;arm_cmplx_dot_prod_f32
<LI><a href="#[60]">&gt;&gt;</a>&nbsp;&nbsp;&nbsp;arm_cmplx_mag_f32
<LI><a href="#[4f]">&gt;&gt;</a>&nbsp;&nbsp;&nbsp;SIGNAL::calcNext()
<LI><a href="#[51]">&gt;&gt;</a>&nbsp;&nbsp;&nbsp;HAL_GPIO_Init
</UL>
<BR>[Called By]<UL><LI><a href="#[47]">&gt;&gt;</a>&nbsp;&nbsp;&nbsp;main
</UL>

<P><STRONG><a name="[52]"></a>setup</STRONG> (Thumb, 2628 bytes, Stack size 464 bytes, lto-llvm-77ef65.o(.text))
<BR><BR>[Stack]<UL><LI>Max Depth = 552<LI>Call Chain = setup &rArr; __aeabi_dmul &rArr; _double_epilogue &rArr; _double_round
</UL>
<BR>[Calls]<UL><LI><a href="#[5b]">&gt;&gt;</a>&nbsp;&nbsp;&nbsp;__hardfp_roundf
<LI><a href="#[56]">&gt;&gt;</a>&nbsp;&nbsp;&nbsp;arm_sin_f32
<LI><a href="#[5a]">&gt;&gt;</a>&nbsp;&nbsp;&nbsp;__aeabi_memcpy4
<LI><a href="#[57]">&gt;&gt;</a>&nbsp;&nbsp;&nbsp;__aeabi_f2d
<LI><a href="#[58]">&gt;&gt;</a>&nbsp;&nbsp;&nbsp;__aeabi_dmul
<LI><a href="#[5c]">&gt;&gt;</a>&nbsp;&nbsp;&nbsp;__aeabi_ddiv
<LI><a href="#[59]">&gt;&gt;</a>&nbsp;&nbsp;&nbsp;__aeabi_d2uiz
<LI><a href="#[5d]">&gt;&gt;</a>&nbsp;&nbsp;&nbsp;__aeabi_d2f
<LI><a href="#[53]">&gt;&gt;</a>&nbsp;&nbsp;&nbsp;HAL_RCC_OscConfig
<LI><a href="#[54]">&gt;&gt;</a>&nbsp;&nbsp;&nbsp;HAL_RCC_ClockConfig
<LI><a href="#[55]">&gt;&gt;</a>&nbsp;&nbsp;&nbsp;HAL_RCCEx_PeriphCLKConfig
<LI><a href="#[51]">&gt;&gt;</a>&nbsp;&nbsp;&nbsp;HAL_GPIO_Init
</UL>
<BR>[Called By]<UL><LI><a href="#[47]">&gt;&gt;</a>&nbsp;&nbsp;&nbsp;main
</UL>
<P>
<H3>
Undefined Global Symbols
</H3><HR></body></html>
