Component: ARM Compiler 6.9 Tool: armlink [5ced1b00]

==============================================================================

Section Cross References

    startup_stm32l432xx.o(RESET) refers to startup_stm32l432xx.o(STACK) for __initial_sp
    startup_stm32l432xx.o(RESET) refers to startup_stm32l432xx.o(.text) for Reset_Handler
    startup_stm32l432xx.o(RESET) refers to lto-llvm-76e41b.o(.text) for SysTick_Handler
    startup_stm32l432xx.o(.text) refers to lto-llvm-76e41b.o(.text) for SystemInit
    startup_stm32l432xx.o(.text) refers to entry.o(.ARM.Collect$$$$00000000) for __main
    arm_cos_f32.o(.text) refers to arm_common_tables.o(.constdata) for sinTable_f32
    arm_sin_f32.o(.text) refers to arm_common_tables.o(.constdata) for sinTable_f32
    roundf.o(i.__hardfp_roundf) refers (Special) to iusefp.o(.text) for __I$use$fp
    roundf.o(i.__hardfp_roundf) refers to frnd.o(.text) for _frnd
    roundf.o(i.roundf) refers (Special) to iusefp.o(.text) for __I$use$fp
    roundf.o(i.roundf) refers to roundf.o(i.__hardfp_roundf) for __hardfp_roundf
    entry.o(.ARM.Collect$$$$00000000) refers (Special) to entry10a.o(.ARM.Collect$$$$0000000D) for __rt_final_cpp
    entry.o(.ARM.Collect$$$$00000000) refers (Special) to entry11a.o(.ARM.Collect$$$$0000000F) for __rt_final_exit
    entry.o(.ARM.Collect$$$$00000000) refers (Special) to entry7b.o(.ARM.Collect$$$$00000008) for _main_clock
    entry.o(.ARM.Collect$$$$00000000) refers (Special) to entry8b.o(.ARM.Collect$$$$0000000A) for _main_cpp_init
    entry.o(.ARM.Collect$$$$00000000) refers (Special) to entry9a.o(.ARM.Collect$$$$0000000B) for _main_init
    entry.o(.ARM.Collect$$$$00000000) refers (Special) to entry5.o(.ARM.Collect$$$$00000004) for _main_scatterload
    entry.o(.ARM.Collect$$$$00000000) refers (Special) to entry2.o(.ARM.Collect$$$$00000001) for _main_stk
    entry2.o(.ARM.Collect$$$$00000001) refers to entry2.o(.ARM.Collect$$$$00002712) for __lit__00000000
    entry2.o(.ARM.Collect$$$$00002712) refers to startup_stm32l432xx.o(STACK) for __initial_sp
    entry2.o(__vectab_stack_and_reset_area) refers to startup_stm32l432xx.o(STACK) for __initial_sp
    entry2.o(__vectab_stack_and_reset_area) refers to entry.o(.ARM.Collect$$$$00000000) for __main
    entry5.o(.ARM.Collect$$$$00000004) refers to init.o(.text) for __scatterload
    entry9a.o(.ARM.Collect$$$$0000000B) refers to lto-llvm-76e41b.o(.text) for main
    entry9b.o(.ARM.Collect$$$$0000000C) refers to lto-llvm-76e41b.o(.text) for main
    frnd.o(.text) refers (Special) to iusefp.o(.text) for __I$use$fp
    frnd.o(.text) refers to fepilogue.o(.text) for _float_round
    init.o(.text) refers to entry5.o(.ARM.Collect$$$$00000004) for __main_after_scatterload
    fepilogue.o(.text) refers (Special) to iusefp.o(.text) for __I$use$fp
    lto-llvm-76e41b.o(.text) refers to lto-llvm-76e41b.o(.data) for currSignal
    lto-llvm-76e41b.o(.text) refers to lto-llvm-76e41b.o(.rodata.cst8) for APBPrescTable
    lto-llvm-76e41b.o(.text) refers to arm_sin_f32.o(.text) for arm_sin_f32
    lto-llvm-76e41b.o(.text) refers to f2d.o(.text) for __aeabi_f2d
    lto-llvm-76e41b.o(.text) refers to dmul.o(.text) for __aeabi_dmul
    lto-llvm-76e41b.o(.text) refers to dfixui.o(.text) for __aeabi_d2uiz
    lto-llvm-76e41b.o(.text) refers to lto-llvm-76e41b.o(.rodata) for psp_codInput
    lto-llvm-76e41b.o(.text) refers to memcpya.o(.text) for __aeabi_memcpy4
    lto-llvm-76e41b.o(.text) refers to roundf.o(i.__hardfp_roundf) for __hardfp_roundf
    lto-llvm-76e41b.o(.text) refers to ddiv.o(.text) for __aeabi_ddiv
    lto-llvm-76e41b.o(.text) refers to d2f.o(.text) for __aeabi_d2f
    lto-llvm-76e41b.o(.text) refers to lto-llvm-76e41b.o(.bss) for hadc1
    lto-llvm-76e41b.o(.text) refers to arm_cmplx_dot_prod_f32.o(.text) for arm_cmplx_dot_prod_f32
    lto-llvm-76e41b.o(.text) refers to arm_cmplx_mag_f32.o(.text) for arm_cmplx_mag_f32
    lto-llvm-76e41b.o(.text) refers to arm_cos_f32.o(.text) for arm_cos_f32
    lto-llvm-76e41b.o(.text) refers to arm_dot_prod_f32.o(.text) for arm_dot_prod_f32
    lto-llvm-76e41b.o(.text) refers to arm_cmplx_mult_cmplx_f32.o(.text) for arm_cmplx_mult_cmplx_f32
    lto-llvm-76e41b.o(.text) refers to lto-llvm-76e41b.o(.rodata.cst16) for AHBPrescTable
    lto-llvm-76e41b.o(.ARM.exidx) refers to lto-llvm-76e41b.o(.text) for [Anonymous Symbol]
    lto-llvm-76e41b.o(.ARM.exidx) refers to Unwind-EHABI.cpp.o(.text.__aeabi_unwind_cpp_pr1) for __aeabi_unwind_cpp_pr1
    lto-llvm-76e41b.o(.ARM.exidx) refers to lto-llvm-76e41b.o(.ARM.extab) for [Anonymous Symbol]
    lto-llvm-76e41b.o(.ARM.exidx) refers to Unwind-EHABI.cpp.o(.text.__aeabi_unwind_cpp_pr0) for __aeabi_unwind_cpp_pr0
    Unwind-EHABI.cpp.o(.ARM.exidx.text.decode_eht_entry) refers to Unwind-EHABI.cpp.o(.text.__aeabi_unwind_cpp_pr0) for __aeabi_unwind_cpp_pr0
    Unwind-EHABI.cpp.o(.ARM.exidx.text.decode_eht_entry) refers to Unwind-EHABI.cpp.o(.text.decode_eht_entry) for [Anonymous Symbol]
    Unwind-EHABI.cpp.o(.text._Unwind_VRS_Interpret) refers to Unwind-EHABI.cpp.o(.text._Unwind_VRS_Pop) for _Unwind_VRS_Pop
    Unwind-EHABI.cpp.o(.text._Unwind_VRS_Interpret) refers to libunwind.cpp.o(.text.unw_get_reg) for unw_get_reg
    Unwind-EHABI.cpp.o(.text._Unwind_VRS_Interpret) refers to libunwind.cpp.o(.text.unw_set_reg) for unw_set_reg
    Unwind-EHABI.cpp.o(.ARM.exidx.text._Unwind_VRS_Interpret) refers to Unwind-EHABI.cpp.o(.text.__aeabi_unwind_cpp_pr0) for __aeabi_unwind_cpp_pr0
    Unwind-EHABI.cpp.o(.ARM.exidx.text._Unwind_VRS_Interpret) refers to Unwind-EHABI.cpp.o(.text._Unwind_VRS_Interpret) for [Anonymous Symbol]
    Unwind-EHABI.cpp.o(.text._Unwind_VRS_Get) refers to libunwind.cpp.o(.text.unw_get_reg) for unw_get_reg
    Unwind-EHABI.cpp.o(.text._Unwind_VRS_Get) refers to libunwind.cpp.o(.text.unw_save_vfp_as_X) for unw_save_vfp_as_X
    Unwind-EHABI.cpp.o(.text._Unwind_VRS_Get) refers to libunwind.cpp.o(.text.unw_get_fpreg) for unw_get_fpreg
    Unwind-EHABI.cpp.o(.ARM.exidx.text._Unwind_VRS_Get) refers to Unwind-EHABI.cpp.o(.text.__aeabi_unwind_cpp_pr0) for __aeabi_unwind_cpp_pr0
    Unwind-EHABI.cpp.o(.ARM.exidx.text._Unwind_VRS_Get) refers to Unwind-EHABI.cpp.o(.text._Unwind_VRS_Get) for [Anonymous Symbol]
    Unwind-EHABI.cpp.o(.text._Unwind_VRS_Set) refers to libunwind.cpp.o(.text.unw_set_reg) for unw_set_reg
    Unwind-EHABI.cpp.o(.text._Unwind_VRS_Set) refers to libunwind.cpp.o(.text.unw_save_vfp_as_X) for unw_save_vfp_as_X
    Unwind-EHABI.cpp.o(.text._Unwind_VRS_Set) refers to libunwind.cpp.o(.text.unw_set_fpreg) for unw_set_fpreg
    Unwind-EHABI.cpp.o(.ARM.exidx.text._Unwind_VRS_Set) refers to Unwind-EHABI.cpp.o(.text.__aeabi_unwind_cpp_pr0) for __aeabi_unwind_cpp_pr0
    Unwind-EHABI.cpp.o(.ARM.exidx.text._Unwind_VRS_Set) refers to Unwind-EHABI.cpp.o(.text._Unwind_VRS_Set) for [Anonymous Symbol]
    Unwind-EHABI.cpp.o(.text._Unwind_VRS_Pop) refers to libunwind.cpp.o(.text.unw_get_reg) for unw_get_reg
    Unwind-EHABI.cpp.o(.text._Unwind_VRS_Pop) refers to Unwind-EHABI.cpp.o(.text._Unwind_VRS_Set) for _Unwind_VRS_Set
    Unwind-EHABI.cpp.o(.text._Unwind_VRS_Pop) refers to libunwind.cpp.o(.text.unw_set_reg) for unw_set_reg
    Unwind-EHABI.cpp.o(.ARM.exidx.text._Unwind_VRS_Pop) refers to Unwind-EHABI.cpp.o(.text.__aeabi_unwind_cpp_pr0) for __aeabi_unwind_cpp_pr0
    Unwind-EHABI.cpp.o(.ARM.exidx.text._Unwind_VRS_Pop) refers to Unwind-EHABI.cpp.o(.text._Unwind_VRS_Pop) for [Anonymous Symbol]
    Unwind-EHABI.cpp.o(.text.__aeabi_unwind_cpp_pr0) refers to Unwind-EHABI.cpp.o(.text._ZN12_GLOBAL__N_1L14unwindOneFrameEjP21_Unwind_Control_BlockP15_Unwind_Context) for _ZN12_GLOBAL__N_1L14unwindOneFrameEjP21_Unwind_Control_BlockP15_Unwind_Context
    Unwind-EHABI.cpp.o(.ARM.exidx.text.__aeabi_unwind_cpp_pr0) refers to Unwind-EHABI.cpp.o(.text.__aeabi_unwind_cpp_pr0) for __aeabi_unwind_cpp_pr0
    Unwind-EHABI.cpp.o(.text._ZN12_GLOBAL__N_1L14unwindOneFrameEjP21_Unwind_Control_BlockP15_Unwind_Context) refers to libunwind.cpp.o(.text.unw_get_proc_info) for unw_get_proc_info
    Unwind-EHABI.cpp.o(.text._ZN12_GLOBAL__N_1L14unwindOneFrameEjP21_Unwind_Control_BlockP15_Unwind_Context) refers to libunwind.cpp.o(.text.unw_step) for unw_step
    Unwind-EHABI.cpp.o(.ARM.exidx.text._ZN12_GLOBAL__N_1L14unwindOneFrameEjP21_Unwind_Control_BlockP15_Unwind_Context) refers to Unwind-EHABI.cpp.o(.text.__aeabi_unwind_cpp_pr0) for __aeabi_unwind_cpp_pr0
    Unwind-EHABI.cpp.o(.ARM.exidx.text._ZN12_GLOBAL__N_1L14unwindOneFrameEjP21_Unwind_Control_BlockP15_Unwind_Context) refers to Unwind-EHABI.cpp.o(.text._ZN12_GLOBAL__N_1L14unwindOneFrameEjP21_Unwind_Control_BlockP15_Unwind_Context) for [Anonymous Symbol]
    Unwind-EHABI.cpp.o(.text.__aeabi_unwind_cpp_pr1) refers to Unwind-EHABI.cpp.o(.text._ZN12_GLOBAL__N_1L14unwindOneFrameEjP21_Unwind_Control_BlockP15_Unwind_Context) for _ZN12_GLOBAL__N_1L14unwindOneFrameEjP21_Unwind_Control_BlockP15_Unwind_Context
    Unwind-EHABI.cpp.o(.ARM.exidx.text.__aeabi_unwind_cpp_pr1) refers to Unwind-EHABI.cpp.o(.text.__aeabi_unwind_cpp_pr0) for __aeabi_unwind_cpp_pr0
    Unwind-EHABI.cpp.o(.ARM.exidx.text.__aeabi_unwind_cpp_pr1) refers to Unwind-EHABI.cpp.o(.text.__aeabi_unwind_cpp_pr1) for [Anonymous Symbol]
    Unwind-EHABI.cpp.o(.text.__aeabi_unwind_cpp_pr2) refers to Unwind-EHABI.cpp.o(.text._ZN12_GLOBAL__N_1L14unwindOneFrameEjP21_Unwind_Control_BlockP15_Unwind_Context) for _ZN12_GLOBAL__N_1L14unwindOneFrameEjP21_Unwind_Control_BlockP15_Unwind_Context
    Unwind-EHABI.cpp.o(.ARM.exidx.text.__aeabi_unwind_cpp_pr2) refers to Unwind-EHABI.cpp.o(.text.__aeabi_unwind_cpp_pr0) for __aeabi_unwind_cpp_pr0
    Unwind-EHABI.cpp.o(.ARM.exidx.text.__aeabi_unwind_cpp_pr2) refers to Unwind-EHABI.cpp.o(.text.__aeabi_unwind_cpp_pr2) for [Anonymous Symbol]
    Unwind-EHABI.cpp.o(.text._Unwind_RaiseException) refers to UnwindRegistersSave.S.o(.text) for unw_getcontext
    Unwind-EHABI.cpp.o(.text._Unwind_RaiseException) refers to libunwind.cpp.o(.text.unw_init_local) for unw_init_local
    Unwind-EHABI.cpp.o(.text._Unwind_RaiseException) refers to libunwind.cpp.o(.text.unw_get_proc_info) for unw_get_proc_info
    Unwind-EHABI.cpp.o(.text._Unwind_RaiseException) refers to Unwind-EHABI.cpp.o(.text._ZL13unwind_phase2P13unw_context_tP12unw_cursor_tP21_Unwind_Control_Blockb) for _ZL13unwind_phase2P13unw_context_tP12unw_cursor_tP21_Unwind_Control_Blockb
    Unwind-EHABI.cpp.o(.ARM.exidx.text._Unwind_RaiseException) refers to Unwind-EHABI.cpp.o(.text.__aeabi_unwind_cpp_pr0) for __aeabi_unwind_cpp_pr0
    Unwind-EHABI.cpp.o(.ARM.exidx.text._Unwind_RaiseException) refers to Unwind-EHABI.cpp.o(.text._Unwind_RaiseException) for [Anonymous Symbol]
    Unwind-EHABI.cpp.o(.text._ZL13unwind_phase2P13unw_context_tP12unw_cursor_tP21_Unwind_Control_Blockb) refers to libunwind.cpp.o(.text.unw_init_local) for unw_init_local
    Unwind-EHABI.cpp.o(.text._ZL13unwind_phase2P13unw_context_tP12unw_cursor_tP21_Unwind_Control_Blockb) refers to libunwind.cpp.o(.text.unw_set_reg) for unw_set_reg
    Unwind-EHABI.cpp.o(.text._ZL13unwind_phase2P13unw_context_tP12unw_cursor_tP21_Unwind_Control_Blockb) refers to libunwind.cpp.o(.text.unw_get_reg) for unw_get_reg
    Unwind-EHABI.cpp.o(.text._ZL13unwind_phase2P13unw_context_tP12unw_cursor_tP21_Unwind_Control_Blockb) refers to libunwind.cpp.o(.text.unw_get_proc_info) for unw_get_proc_info
    Unwind-EHABI.cpp.o(.text._ZL13unwind_phase2P13unw_context_tP12unw_cursor_tP21_Unwind_Control_Blockb) refers to libunwind.cpp.o(.text.unw_resume) for unw_resume
    Unwind-EHABI.cpp.o(.ARM.exidx.text._ZL13unwind_phase2P13unw_context_tP12unw_cursor_tP21_Unwind_Control_Blockb) refers to Unwind-EHABI.cpp.o(.text.__aeabi_unwind_cpp_pr0) for __aeabi_unwind_cpp_pr0
    Unwind-EHABI.cpp.o(.ARM.exidx.text._ZL13unwind_phase2P13unw_context_tP12unw_cursor_tP21_Unwind_Control_Blockb) refers to Unwind-EHABI.cpp.o(.text._ZL13unwind_phase2P13unw_context_tP12unw_cursor_tP21_Unwind_Control_Blockb) for [Anonymous Symbol]
    Unwind-EHABI.cpp.o(.ARM.exidx.text._Unwind_Complete) refers to Unwind-EHABI.cpp.o(.text.__aeabi_unwind_cpp_pr0) for __aeabi_unwind_cpp_pr0
    Unwind-EHABI.cpp.o(.ARM.exidx.text._Unwind_Complete) refers to Unwind-EHABI.cpp.o(.text._Unwind_Complete) for [Anonymous Symbol]
    Unwind-EHABI.cpp.o(.text._Unwind_Resume) refers to UnwindRegistersSave.S.o(.text) for unw_getcontext
    Unwind-EHABI.cpp.o(.text._Unwind_Resume) refers to Unwind-EHABI.cpp.o(.text._ZL13unwind_phase2P13unw_context_tP12unw_cursor_tP21_Unwind_Control_Blockb) for _ZL13unwind_phase2P13unw_context_tP12unw_cursor_tP21_Unwind_Control_Blockb
    Unwind-EHABI.cpp.o(.ARM.exidx.text._Unwind_Resume) refers to Unwind-EHABI.cpp.o(.text.__aeabi_unwind_cpp_pr1) for __aeabi_unwind_cpp_pr1
    Unwind-EHABI.cpp.o(.ARM.exidx.text._Unwind_Resume) refers to Unwind-EHABI.cpp.o(.text._Unwind_Resume) for [Anonymous Symbol]
    Unwind-EHABI.cpp.o(.ARM.exidx.text._Unwind_Resume) refers to Unwind-EHABI.cpp.o(.ARM.extab.text._Unwind_Resume) for [Anonymous Symbol]
    Unwind-EHABI.cpp.o(.text._Unwind_GetLanguageSpecificData) refers to libunwind.cpp.o(.text.unw_get_proc_info) for unw_get_proc_info
    Unwind-EHABI.cpp.o(.ARM.exidx.text._Unwind_GetLanguageSpecificData) refers to Unwind-EHABI.cpp.o(.text.__aeabi_unwind_cpp_pr0) for __aeabi_unwind_cpp_pr0
    Unwind-EHABI.cpp.o(.ARM.exidx.text._Unwind_GetLanguageSpecificData) refers to Unwind-EHABI.cpp.o(.text._Unwind_GetLanguageSpecificData) for [Anonymous Symbol]
    Unwind-EHABI.cpp.o(.text._Unwind_GetRegionStart) refers to libunwind.cpp.o(.text.unw_get_proc_info) for unw_get_proc_info
    Unwind-EHABI.cpp.o(.ARM.exidx.text._Unwind_GetRegionStart) refers to Unwind-EHABI.cpp.o(.text.__aeabi_unwind_cpp_pr0) for __aeabi_unwind_cpp_pr0
    Unwind-EHABI.cpp.o(.ARM.exidx.text._Unwind_GetRegionStart) refers to Unwind-EHABI.cpp.o(.text._Unwind_GetRegionStart) for [Anonymous Symbol]
    Unwind-EHABI.cpp.o(.ARM.exidx.text._Unwind_DeleteException) refers to Unwind-EHABI.cpp.o(.text.__aeabi_unwind_cpp_pr0) for __aeabi_unwind_cpp_pr0
    Unwind-EHABI.cpp.o(.ARM.exidx.text._Unwind_DeleteException) refers to Unwind-EHABI.cpp.o(.text._Unwind_DeleteException) for [Anonymous Symbol]
    Unwind-EHABI.cpp.o(.text.__gnu_unwind_frame) refers to libunwind.cpp.o(.text.unw_step) for unw_step
    Unwind-EHABI.cpp.o(.ARM.exidx.text.__gnu_unwind_frame) refers to Unwind-EHABI.cpp.o(.text.__aeabi_unwind_cpp_pr0) for __aeabi_unwind_cpp_pr0
    Unwind-EHABI.cpp.o(.ARM.exidx.text.__gnu_unwind_frame) refers to Unwind-EHABI.cpp.o(.text.__gnu_unwind_frame) for [Anonymous Symbol]
    dmul.o(.text) refers (Special) to iusefp.o(.text) for __I$use$fp
    dmul.o(.text) refers to depilogue.o(.text) for _double_epilogue
    ddiv.o(.text) refers (Special) to iusefp.o(.text) for __I$use$fp
    ddiv.o(.text) refers to depilogue.o(.text) for _double_round
    dfixui.o(.text) refers (Special) to iusefp.o(.text) for __I$use$fp
    dfixui.o(.text) refers to llushr.o(.text) for __aeabi_llsr
    f2d.o(.text) refers (Special) to iusefp.o(.text) for __I$use$fp
    d2f.o(.text) refers (Special) to iusefp.o(.text) for __I$use$fp
    d2f.o(.text) refers to fepilogue.o(.text) for _float_round
    libunwind.cpp.o(.text.unw_init_local) refers to libunwind.cpp.o(.bss._ZN9libunwind17LocalAddressSpace17sThisAddressSpaceE) for libunwind::LocalAddressSpace::sThisAddressSpace
    libunwind.cpp.o(.text.unw_init_local) refers to libunwind.cpp.o(.rodata._ZTVN9libunwind12UnwindCursorINS_17LocalAddressSpaceENS_13Registers_armEEE) for vtable for libunwind::UnwindCursor<libunwind::LocalAddressSpace, libunwind::Registers_arm>
    libunwind.cpp.o(.text.unw_init_local) refers to memcpya.o(.text) for __aeabi_memcpy
    libunwind.cpp.o(.text.unw_init_local) refers to memseta.o(.text) for __aeabi_memclr8
    libunwind.cpp.o(.text.unw_init_local) refers to libunwind.cpp.o(.text._ZN9libunwind12UnwindCursorINS_17LocalAddressSpaceENS_13Registers_armEE24setInfoBasedOnIPRegisterEb) for libunwind::UnwindCursor<libunwind::LocalAddressSpace, libunwind::Registers_arm>::setInfoBasedOnIPRegister(bool)
    libunwind.cpp.o(.ARM.exidx.text.unw_init_local) refers to Unwind-EHABI.cpp.o(.text.__aeabi_unwind_cpp_pr0) for __aeabi_unwind_cpp_pr0
    libunwind.cpp.o(.ARM.exidx.text.unw_init_local) refers to libunwind.cpp.o(.text.unw_init_local) for [Anonymous Symbol]
    libunwind.cpp.o(.ARM.exidx.text.unw_get_reg) refers to Unwind-EHABI.cpp.o(.text.__aeabi_unwind_cpp_pr0) for __aeabi_unwind_cpp_pr0
    libunwind.cpp.o(.ARM.exidx.text.unw_get_reg) refers to libunwind.cpp.o(.text.unw_get_reg) for [Anonymous Symbol]
    libunwind.cpp.o(.ARM.exidx.text.unw_set_reg) refers to Unwind-EHABI.cpp.o(.text.__aeabi_unwind_cpp_pr0) for __aeabi_unwind_cpp_pr0
    libunwind.cpp.o(.ARM.exidx.text.unw_set_reg) refers to libunwind.cpp.o(.text.unw_set_reg) for [Anonymous Symbol]
    libunwind.cpp.o(.ARM.exidx.text.unw_get_fpreg) refers to Unwind-EHABI.cpp.o(.text.__aeabi_unwind_cpp_pr0) for __aeabi_unwind_cpp_pr0
    libunwind.cpp.o(.ARM.exidx.text.unw_get_fpreg) refers to libunwind.cpp.o(.text.unw_get_fpreg) for [Anonymous Symbol]
    libunwind.cpp.o(.ARM.exidx.text.unw_set_fpreg) refers to Unwind-EHABI.cpp.o(.text.__aeabi_unwind_cpp_pr0) for __aeabi_unwind_cpp_pr0
    libunwind.cpp.o(.ARM.exidx.text.unw_set_fpreg) refers to libunwind.cpp.o(.text.unw_set_fpreg) for [Anonymous Symbol]
    libunwind.cpp.o(.ARM.exidx.text.unw_step) refers to Unwind-EHABI.cpp.o(.text.__aeabi_unwind_cpp_pr0) for __aeabi_unwind_cpp_pr0
    libunwind.cpp.o(.ARM.exidx.text.unw_step) refers to libunwind.cpp.o(.text.unw_step) for [Anonymous Symbol]
    libunwind.cpp.o(.ARM.exidx.text.unw_get_proc_info) refers to Unwind-EHABI.cpp.o(.text.__aeabi_unwind_cpp_pr0) for __aeabi_unwind_cpp_pr0
    libunwind.cpp.o(.ARM.exidx.text.unw_get_proc_info) refers to libunwind.cpp.o(.text.unw_get_proc_info) for [Anonymous Symbol]
    libunwind.cpp.o(.ARM.exidx.text.unw_resume) refers to Unwind-EHABI.cpp.o(.text.__aeabi_unwind_cpp_pr0) for __aeabi_unwind_cpp_pr0
    libunwind.cpp.o(.ARM.exidx.text.unw_resume) refers to libunwind.cpp.o(.text.unw_resume) for [Anonymous Symbol]
    libunwind.cpp.o(.ARM.exidx.text.unw_get_proc_name) refers to Unwind-EHABI.cpp.o(.text.__aeabi_unwind_cpp_pr0) for __aeabi_unwind_cpp_pr0
    libunwind.cpp.o(.ARM.exidx.text.unw_get_proc_name) refers to libunwind.cpp.o(.text.unw_get_proc_name) for [Anonymous Symbol]
    libunwind.cpp.o(.ARM.exidx.text.unw_is_fpreg) refers to Unwind-EHABI.cpp.o(.text.__aeabi_unwind_cpp_pr0) for __aeabi_unwind_cpp_pr0
    libunwind.cpp.o(.ARM.exidx.text.unw_is_fpreg) refers to libunwind.cpp.o(.text.unw_is_fpreg) for [Anonymous Symbol]
    libunwind.cpp.o(.ARM.exidx.text.unw_regname) refers to Unwind-EHABI.cpp.o(.text.__aeabi_unwind_cpp_pr0) for __aeabi_unwind_cpp_pr0
    libunwind.cpp.o(.ARM.exidx.text.unw_regname) refers to libunwind.cpp.o(.text.unw_regname) for [Anonymous Symbol]
    libunwind.cpp.o(.ARM.exidx.text.unw_is_signal_frame) refers to Unwind-EHABI.cpp.o(.text.__aeabi_unwind_cpp_pr0) for __aeabi_unwind_cpp_pr0
    libunwind.cpp.o(.ARM.exidx.text.unw_is_signal_frame) refers to libunwind.cpp.o(.text.unw_is_signal_frame) for [Anonymous Symbol]
    libunwind.cpp.o(.ARM.exidx.text.unw_save_vfp_as_X) refers to Unwind-EHABI.cpp.o(.text.__aeabi_unwind_cpp_pr0) for __aeabi_unwind_cpp_pr0
    libunwind.cpp.o(.ARM.exidx.text.unw_save_vfp_as_X) refers to libunwind.cpp.o(.text.unw_save_vfp_as_X) for [Anonymous Symbol]
    libunwind.cpp.o(.data.unw_local_addr_space) refers to libunwind.cpp.o(.bss._ZN9libunwind17LocalAddressSpace17sThisAddressSpaceE) for libunwind::LocalAddressSpace::sThisAddressSpace
    depilogue.o(.text) refers (Special) to iusefp.o(.text) for __I$use$fp
    depilogue.o(.text) refers to llshl.o(.text) for __aeabi_llsl
    depilogue.o(.text) refers to llushr.o(.text) for __aeabi_llsr
    libunwind.cpp.o(.ARM.exidx.text._ZN9libunwind20AbstractUnwindCursorD2Ev) refers to Unwind-EHABI.cpp.o(.text.__aeabi_unwind_cpp_pr0) for __aeabi_unwind_cpp_pr0
    libunwind.cpp.o(.ARM.exidx.text._ZN9libunwind20AbstractUnwindCursorD2Ev) refers to libunwind.cpp.o(.text._ZN9libunwind20AbstractUnwindCursorD2Ev) for [Anonymous Symbol]
    libunwind.cpp.o(.ARM.exidx.text._ZN9libunwind12UnwindCursorINS_17LocalAddressSpaceENS_13Registers_armEED0Ev) refers to Unwind-EHABI.cpp.o(.text.__aeabi_unwind_cpp_pr0) for __aeabi_unwind_cpp_pr0
    libunwind.cpp.o(.ARM.exidx.text._ZN9libunwind12UnwindCursorINS_17LocalAddressSpaceENS_13Registers_armEED0Ev) refers to libunwind.cpp.o(.text._ZN9libunwind12UnwindCursorINS_17LocalAddressSpaceENS_13Registers_armEED0Ev) for [Anonymous Symbol]
    libunwind.cpp.o(.ARM.exidx.text._ZN9libunwind12UnwindCursorINS_17LocalAddressSpaceENS_13Registers_armEE8validRegEi) refers to Unwind-EHABI.cpp.o(.text.__aeabi_unwind_cpp_pr0) for __aeabi_unwind_cpp_pr0
    libunwind.cpp.o(.ARM.exidx.text._ZN9libunwind12UnwindCursorINS_17LocalAddressSpaceENS_13Registers_armEE8validRegEi) refers to libunwind.cpp.o(.text._ZN9libunwind12UnwindCursorINS_17LocalAddressSpaceENS_13Registers_armEE8validRegEi) for [Anonymous Symbol]
    libunwind.cpp.o(.ARM.exidx.text._ZN9libunwind12UnwindCursorINS_17LocalAddressSpaceENS_13Registers_armEE6getRegEi) refers to Unwind-EHABI.cpp.o(.text.__aeabi_unwind_cpp_pr0) for __aeabi_unwind_cpp_pr0
    libunwind.cpp.o(.ARM.exidx.text._ZN9libunwind12UnwindCursorINS_17LocalAddressSpaceENS_13Registers_armEE6getRegEi) refers to libunwind.cpp.o(.text._ZN9libunwind12UnwindCursorINS_17LocalAddressSpaceENS_13Registers_armEE6getRegEi) for [Anonymous Symbol]
    libunwind.cpp.o(.ARM.exidx.text._ZN9libunwind12UnwindCursorINS_17LocalAddressSpaceENS_13Registers_armEE6setRegEij) refers to Unwind-EHABI.cpp.o(.text.__aeabi_unwind_cpp_pr0) for __aeabi_unwind_cpp_pr0
    libunwind.cpp.o(.ARM.exidx.text._ZN9libunwind12UnwindCursorINS_17LocalAddressSpaceENS_13Registers_armEE6setRegEij) refers to libunwind.cpp.o(.text._ZN9libunwind12UnwindCursorINS_17LocalAddressSpaceENS_13Registers_armEE6setRegEij) for [Anonymous Symbol]
    libunwind.cpp.o(.ARM.exidx.text._ZN9libunwind12UnwindCursorINS_17LocalAddressSpaceENS_13Registers_armEE13validFloatRegEi) refers to Unwind-EHABI.cpp.o(.text.__aeabi_unwind_cpp_pr0) for __aeabi_unwind_cpp_pr0
    libunwind.cpp.o(.ARM.exidx.text._ZN9libunwind12UnwindCursorINS_17LocalAddressSpaceENS_13Registers_armEE13validFloatRegEi) refers to libunwind.cpp.o(.text._ZN9libunwind12UnwindCursorINS_17LocalAddressSpaceENS_13Registers_armEE13validFloatRegEi) for [Anonymous Symbol]
    libunwind.cpp.o(.text._ZN9libunwind12UnwindCursorINS_17LocalAddressSpaceENS_13Registers_armEE11getFloatRegEi) refers to UnwindRegistersSave.S.o(.text) for libunwind::Registers_arm::saveVFPWithFSTMX(unsigned long long*)
    libunwind.cpp.o(.ARM.exidx.text._ZN9libunwind12UnwindCursorINS_17LocalAddressSpaceENS_13Registers_armEE11getFloatRegEi) refers to Unwind-EHABI.cpp.o(.text.__aeabi_unwind_cpp_pr0) for __aeabi_unwind_cpp_pr0
    libunwind.cpp.o(.ARM.exidx.text._ZN9libunwind12UnwindCursorINS_17LocalAddressSpaceENS_13Registers_armEE11getFloatRegEi) refers to libunwind.cpp.o(.text._ZN9libunwind12UnwindCursorINS_17LocalAddressSpaceENS_13Registers_armEE11getFloatRegEi) for [Anonymous Symbol]
    libunwind.cpp.o(.text._ZN9libunwind12UnwindCursorINS_17LocalAddressSpaceENS_13Registers_armEE11setFloatRegEiy) refers to UnwindRegistersSave.S.o(.text) for libunwind::Registers_arm::saveVFPWithFSTMX(unsigned long long*)
    libunwind.cpp.o(.ARM.exidx.text._ZN9libunwind12UnwindCursorINS_17LocalAddressSpaceENS_13Registers_armEE11setFloatRegEiy) refers to Unwind-EHABI.cpp.o(.text.__aeabi_unwind_cpp_pr0) for __aeabi_unwind_cpp_pr0
    libunwind.cpp.o(.ARM.exidx.text._ZN9libunwind12UnwindCursorINS_17LocalAddressSpaceENS_13Registers_armEE11setFloatRegEiy) refers to libunwind.cpp.o(.text._ZN9libunwind12UnwindCursorINS_17LocalAddressSpaceENS_13Registers_armEE11setFloatRegEiy) for [Anonymous Symbol]
    libunwind.cpp.o(.text._ZN9libunwind12UnwindCursorINS_17LocalAddressSpaceENS_13Registers_armEE4stepEv) refers to libunwind.cpp.o(.text._ZN9libunwind12UnwindCursorINS_17LocalAddressSpaceENS_13Registers_armEE13stepWithEHABIEv) for libunwind::UnwindCursor<libunwind::LocalAddressSpace, libunwind::Registers_arm>::stepWithEHABI()
    libunwind.cpp.o(.ARM.exidx.text._ZN9libunwind12UnwindCursorINS_17LocalAddressSpaceENS_13Registers_armEE4stepEv) refers to Unwind-EHABI.cpp.o(.text.__aeabi_unwind_cpp_pr0) for __aeabi_unwind_cpp_pr0
    libunwind.cpp.o(.ARM.exidx.text._ZN9libunwind12UnwindCursorINS_17LocalAddressSpaceENS_13Registers_armEE4stepEv) refers to libunwind.cpp.o(.text._ZN9libunwind12UnwindCursorINS_17LocalAddressSpaceENS_13Registers_armEE4stepEv) for [Anonymous Symbol]
    libunwind.cpp.o(.ARM.exidx.text._ZN9libunwind12UnwindCursorINS_17LocalAddressSpaceENS_13Registers_armEE7getInfoEP15unw_proc_info_t) refers to Unwind-EHABI.cpp.o(.text.__aeabi_unwind_cpp_pr0) for __aeabi_unwind_cpp_pr0
    libunwind.cpp.o(.ARM.exidx.text._ZN9libunwind12UnwindCursorINS_17LocalAddressSpaceENS_13Registers_armEE7getInfoEP15unw_proc_info_t) refers to libunwind.cpp.o(.text._ZN9libunwind12UnwindCursorINS_17LocalAddressSpaceENS_13Registers_armEE7getInfoEP15unw_proc_info_t) for [Anonymous Symbol]
    libunwind.cpp.o(.text._ZN9libunwind12UnwindCursorINS_17LocalAddressSpaceENS_13Registers_armEE6jumptoEv) refers to libunwind.cpp.o(.text._ZN9libunwind13Registers_arm26restoreSavedFloatRegistersEv) for libunwind::Registers_arm::restoreSavedFloatRegisters()
    libunwind.cpp.o(.text._ZN9libunwind12UnwindCursorINS_17LocalAddressSpaceENS_13Registers_armEE6jumptoEv) refers to UnwindRegistersRestore.S.o(.text) for libunwind::Registers_arm::restoreCoreAndJumpTo()
    libunwind.cpp.o(.ARM.exidx.text._ZN9libunwind12UnwindCursorINS_17LocalAddressSpaceENS_13Registers_armEE6jumptoEv) refers to Unwind-EHABI.cpp.o(.text.__aeabi_unwind_cpp_pr0) for __aeabi_unwind_cpp_pr0
    libunwind.cpp.o(.ARM.exidx.text._ZN9libunwind12UnwindCursorINS_17LocalAddressSpaceENS_13Registers_armEE6jumptoEv) refers to libunwind.cpp.o(.text._ZN9libunwind12UnwindCursorINS_17LocalAddressSpaceENS_13Registers_armEE6jumptoEv) for [Anonymous Symbol]
    libunwind.cpp.o(.ARM.exidx.text._ZN9libunwind12UnwindCursorINS_17LocalAddressSpaceENS_13Registers_armEE13isSignalFrameEv) refers to Unwind-EHABI.cpp.o(.text.__aeabi_unwind_cpp_pr0) for __aeabi_unwind_cpp_pr0
    libunwind.cpp.o(.ARM.exidx.text._ZN9libunwind12UnwindCursorINS_17LocalAddressSpaceENS_13Registers_armEE13isSignalFrameEv) refers to libunwind.cpp.o(.text._ZN9libunwind12UnwindCursorINS_17LocalAddressSpaceENS_13Registers_armEE13isSignalFrameEv) for [Anonymous Symbol]
    libunwind.cpp.o(.ARM.exidx.text._ZN9libunwind12UnwindCursorINS_17LocalAddressSpaceENS_13Registers_armEE15getFunctionNameEPcjPj) refers to Unwind-EHABI.cpp.o(.text.__aeabi_unwind_cpp_pr0) for __aeabi_unwind_cpp_pr0
    libunwind.cpp.o(.ARM.exidx.text._ZN9libunwind12UnwindCursorINS_17LocalAddressSpaceENS_13Registers_armEE15getFunctionNameEPcjPj) refers to libunwind.cpp.o(.text._ZN9libunwind12UnwindCursorINS_17LocalAddressSpaceENS_13Registers_armEE15getFunctionNameEPcjPj) for [Anonymous Symbol]
    libunwind.cpp.o(.text._ZN9libunwind12UnwindCursorINS_17LocalAddressSpaceENS_13Registers_armEE24setInfoBasedOnIPRegisterEb) refers to libunwind.cpp.o(.text._ZN9libunwind12UnwindCursorINS_17LocalAddressSpaceENS_13Registers_armEE23getInfoFromEHABISectionEjRKNS_18UnwindInfoSectionsE) for libunwind::UnwindCursor<libunwind::LocalAddressSpace, libunwind::Registers_arm>::getInfoFromEHABISection(unsigned, const libunwind::UnwindInfoSections&)
    libunwind.cpp.o(.ARM.exidx.text._ZN9libunwind12UnwindCursorINS_17LocalAddressSpaceENS_13Registers_armEE24setInfoBasedOnIPRegisterEb) refers to Unwind-EHABI.cpp.o(.text.__aeabi_unwind_cpp_pr0) for __aeabi_unwind_cpp_pr0
    libunwind.cpp.o(.ARM.exidx.text._ZN9libunwind12UnwindCursorINS_17LocalAddressSpaceENS_13Registers_armEE24setInfoBasedOnIPRegisterEb) refers to libunwind.cpp.o(.text._ZN9libunwind12UnwindCursorINS_17LocalAddressSpaceENS_13Registers_armEE24setInfoBasedOnIPRegisterEb) for [Anonymous Symbol]
    libunwind.cpp.o(.text._ZN9libunwind12UnwindCursorINS_17LocalAddressSpaceENS_13Registers_armEE15getRegisterNameEi) refers to libunwind.cpp.o(.text._ZN9libunwind13Registers_arm15getRegisterNameEi) for libunwind::Registers_arm::getRegisterName(int)
    libunwind.cpp.o(.ARM.exidx.text._ZN9libunwind12UnwindCursorINS_17LocalAddressSpaceENS_13Registers_armEE15getRegisterNameEi) refers to Unwind-EHABI.cpp.o(.text.__aeabi_unwind_cpp_pr0) for __aeabi_unwind_cpp_pr0
    libunwind.cpp.o(.ARM.exidx.text._ZN9libunwind12UnwindCursorINS_17LocalAddressSpaceENS_13Registers_armEE15getRegisterNameEi) refers to libunwind.cpp.o(.text._ZN9libunwind12UnwindCursorINS_17LocalAddressSpaceENS_13Registers_armEE15getRegisterNameEi) for [Anonymous Symbol]
    libunwind.cpp.o(.ARM.exidx.text._ZN9libunwind12UnwindCursorINS_17LocalAddressSpaceENS_13Registers_armEE10saveVFPAsXEv) refers to Unwind-EHABI.cpp.o(.text.__aeabi_unwind_cpp_pr0) for __aeabi_unwind_cpp_pr0
    libunwind.cpp.o(.ARM.exidx.text._ZN9libunwind12UnwindCursorINS_17LocalAddressSpaceENS_13Registers_armEE10saveVFPAsXEv) refers to libunwind.cpp.o(.text._ZN9libunwind12UnwindCursorINS_17LocalAddressSpaceENS_13Registers_armEE10saveVFPAsXEv) for [Anonymous Symbol]
    libunwind.cpp.o(.text._ZN9libunwind12UnwindCursorINS_17LocalAddressSpaceENS_13Registers_armEE13stepWithEHABIEv) refers to Unwind-EHABI.cpp.o(.text.decode_eht_entry) for decode_eht_entry
    libunwind.cpp.o(.text._ZN9libunwind12UnwindCursorINS_17LocalAddressSpaceENS_13Registers_armEE13stepWithEHABIEv) refers to Unwind-EHABI.cpp.o(.text._Unwind_VRS_Interpret) for _Unwind_VRS_Interpret
    libunwind.cpp.o(.ARM.exidx.text._ZN9libunwind12UnwindCursorINS_17LocalAddressSpaceENS_13Registers_armEE13stepWithEHABIEv) refers to Unwind-EHABI.cpp.o(.text.__aeabi_unwind_cpp_pr0) for __aeabi_unwind_cpp_pr0
    libunwind.cpp.o(.ARM.exidx.text._ZN9libunwind12UnwindCursorINS_17LocalAddressSpaceENS_13Registers_armEE13stepWithEHABIEv) refers to libunwind.cpp.o(.text._ZN9libunwind12UnwindCursorINS_17LocalAddressSpaceENS_13Registers_armEE13stepWithEHABIEv) for [Anonymous Symbol]
    libunwind.cpp.o(.text._ZN9libunwind13Registers_arm26restoreSavedFloatRegistersEv) refers to UnwindRegistersRestore.S.o(.text) for libunwind::Registers_arm::restoreVFPWithFLDMX(unsigned long long*)
    libunwind.cpp.o(.ARM.exidx.text._ZN9libunwind13Registers_arm26restoreSavedFloatRegistersEv) refers to Unwind-EHABI.cpp.o(.text.__aeabi_unwind_cpp_pr0) for __aeabi_unwind_cpp_pr0
    libunwind.cpp.o(.ARM.exidx.text._ZN9libunwind13Registers_arm26restoreSavedFloatRegistersEv) refers to libunwind.cpp.o(.text._ZN9libunwind13Registers_arm26restoreSavedFloatRegistersEv) for [Anonymous Symbol]
    libunwind.cpp.o(.text._ZN9libunwind12UnwindCursorINS_17LocalAddressSpaceENS_13Registers_armEE23getInfoFromEHABISectionEjRKNS_18UnwindInfoSectionsE) refers to libunwind.cpp.o(.text._ZNSt3__113__upper_boundIRNS_6__lessIjjEEN9libunwind20EHABISectionIteratorINS4_17LocalAddressSpaceEEEjEET0_S8_S8_RKT1_T_) for T2 std::__1::__upper_bound<std::__1::__less<unsigned, unsigned>&, libunwind::EHABISectionIterator<libunwind::LocalAddressSpace>, unsigned>(T2, T2, const T3&, T1)
    libunwind.cpp.o(.text._ZN9libunwind12UnwindCursorINS_17LocalAddressSpaceENS_13Registers_armEE23getInfoFromEHABISectionEjRKNS_18UnwindInfoSectionsE) refers to Unwind-EHABI.cpp.o(.text.__aeabi_unwind_cpp_pr0) for __aeabi_unwind_cpp_pr0
    libunwind.cpp.o(.text._ZN9libunwind12UnwindCursorINS_17LocalAddressSpaceENS_13Registers_armEE23getInfoFromEHABISectionEjRKNS_18UnwindInfoSectionsE) refers to Unwind-EHABI.cpp.o(.text.__aeabi_unwind_cpp_pr1) for __aeabi_unwind_cpp_pr1
    libunwind.cpp.o(.text._ZN9libunwind12UnwindCursorINS_17LocalAddressSpaceENS_13Registers_armEE23getInfoFromEHABISectionEjRKNS_18UnwindInfoSectionsE) refers to Unwind-EHABI.cpp.o(.text.__aeabi_unwind_cpp_pr2) for __aeabi_unwind_cpp_pr2
    libunwind.cpp.o(.ARM.exidx.text._ZN9libunwind12UnwindCursorINS_17LocalAddressSpaceENS_13Registers_armEE23getInfoFromEHABISectionEjRKNS_18UnwindInfoSectionsE) refers to Unwind-EHABI.cpp.o(.text.__aeabi_unwind_cpp_pr0) for __aeabi_unwind_cpp_pr0
    libunwind.cpp.o(.ARM.exidx.text._ZN9libunwind12UnwindCursorINS_17LocalAddressSpaceENS_13Registers_armEE23getInfoFromEHABISectionEjRKNS_18UnwindInfoSectionsE) refers to libunwind.cpp.o(.text._ZN9libunwind12UnwindCursorINS_17LocalAddressSpaceENS_13Registers_armEE23getInfoFromEHABISectionEjRKNS_18UnwindInfoSectionsE) for [Anonymous Symbol]
    libunwind.cpp.o(.ARM.exidx.text._ZNSt3__113__upper_boundIRNS_6__lessIjjEEN9libunwind20EHABISectionIteratorINS4_17LocalAddressSpaceEEEjEET0_S8_S8_RKT1_T_) refers to Unwind-EHABI.cpp.o(.text.__aeabi_unwind_cpp_pr0) for __aeabi_unwind_cpp_pr0
    libunwind.cpp.o(.ARM.exidx.text._ZNSt3__113__upper_boundIRNS_6__lessIjjEEN9libunwind20EHABISectionIteratorINS4_17LocalAddressSpaceEEEjEET0_S8_S8_RKT1_T_) refers to libunwind.cpp.o(.text._ZNSt3__113__upper_boundIRNS_6__lessIjjEEN9libunwind20EHABISectionIteratorINS4_17LocalAddressSpaceEEEjEET0_S8_S8_RKT1_T_) for [Anonymous Symbol]
    libunwind.cpp.o(.text._ZN9libunwind13Registers_arm15getRegisterNameEi) refers to libunwind.cpp.o(.rodata.str1.1) for .L.str
    libunwind.cpp.o(.ARM.exidx.text._ZN9libunwind13Registers_arm15getRegisterNameEi) refers to Unwind-EHABI.cpp.o(.text.__aeabi_unwind_cpp_pr0) for __aeabi_unwind_cpp_pr0
    libunwind.cpp.o(.ARM.exidx.text._ZN9libunwind13Registers_arm15getRegisterNameEi) refers to libunwind.cpp.o(.text._ZN9libunwind13Registers_arm15getRegisterNameEi) for [Anonymous Symbol]
    libunwind.cpp.o(.rodata._ZTVN9libunwind12UnwindCursorINS_17LocalAddressSpaceENS_13Registers_armEEE) refers to libunwind.cpp.o(.text._ZN9libunwind20AbstractUnwindCursorD2Ev) for libunwind::AbstractUnwindCursor::~AbstractUnwindCursor__sub_object()
    libunwind.cpp.o(.rodata._ZTVN9libunwind12UnwindCursorINS_17LocalAddressSpaceENS_13Registers_armEEE) refers to libunwind.cpp.o(.text._ZN9libunwind12UnwindCursorINS_17LocalAddressSpaceENS_13Registers_armEED0Ev) for libunwind::UnwindCursor<libunwind::LocalAddressSpace, libunwind::Registers_arm>::~UnwindCursor__deallocating()
    libunwind.cpp.o(.rodata._ZTVN9libunwind12UnwindCursorINS_17LocalAddressSpaceENS_13Registers_armEEE) refers to libunwind.cpp.o(.text._ZN9libunwind12UnwindCursorINS_17LocalAddressSpaceENS_13Registers_armEE8validRegEi) for libunwind::UnwindCursor<libunwind::LocalAddressSpace, libunwind::Registers_arm>::validReg(int)
    libunwind.cpp.o(.rodata._ZTVN9libunwind12UnwindCursorINS_17LocalAddressSpaceENS_13Registers_armEEE) refers to libunwind.cpp.o(.text._ZN9libunwind12UnwindCursorINS_17LocalAddressSpaceENS_13Registers_armEE6getRegEi) for libunwind::UnwindCursor<libunwind::LocalAddressSpace, libunwind::Registers_arm>::getReg(int)
    libunwind.cpp.o(.rodata._ZTVN9libunwind12UnwindCursorINS_17LocalAddressSpaceENS_13Registers_armEEE) refers to libunwind.cpp.o(.text._ZN9libunwind12UnwindCursorINS_17LocalAddressSpaceENS_13Registers_armEE6setRegEij) for libunwind::UnwindCursor<libunwind::LocalAddressSpace, libunwind::Registers_arm>::setReg(int, unsigned)
    libunwind.cpp.o(.rodata._ZTVN9libunwind12UnwindCursorINS_17LocalAddressSpaceENS_13Registers_armEEE) refers to libunwind.cpp.o(.text._ZN9libunwind12UnwindCursorINS_17LocalAddressSpaceENS_13Registers_armEE13validFloatRegEi) for libunwind::UnwindCursor<libunwind::LocalAddressSpace, libunwind::Registers_arm>::validFloatReg(int)
    libunwind.cpp.o(.rodata._ZTVN9libunwind12UnwindCursorINS_17LocalAddressSpaceENS_13Registers_armEEE) refers to libunwind.cpp.o(.text._ZN9libunwind12UnwindCursorINS_17LocalAddressSpaceENS_13Registers_armEE11getFloatRegEi) for libunwind::UnwindCursor<libunwind::LocalAddressSpace, libunwind::Registers_arm>::getFloatReg(int)
    libunwind.cpp.o(.rodata._ZTVN9libunwind12UnwindCursorINS_17LocalAddressSpaceENS_13Registers_armEEE) refers to libunwind.cpp.o(.text._ZN9libunwind12UnwindCursorINS_17LocalAddressSpaceENS_13Registers_armEE11setFloatRegEiy) for libunwind::UnwindCursor<libunwind::LocalAddressSpace, libunwind::Registers_arm>::setFloatReg(int, unsigned long long)
    libunwind.cpp.o(.rodata._ZTVN9libunwind12UnwindCursorINS_17LocalAddressSpaceENS_13Registers_armEEE) refers to libunwind.cpp.o(.text._ZN9libunwind12UnwindCursorINS_17LocalAddressSpaceENS_13Registers_armEE4stepEv) for libunwind::UnwindCursor<libunwind::LocalAddressSpace, libunwind::Registers_arm>::step()
    libunwind.cpp.o(.rodata._ZTVN9libunwind12UnwindCursorINS_17LocalAddressSpaceENS_13Registers_armEEE) refers to libunwind.cpp.o(.text._ZN9libunwind12UnwindCursorINS_17LocalAddressSpaceENS_13Registers_armEE7getInfoEP15unw_proc_info_t) for libunwind::UnwindCursor<libunwind::LocalAddressSpace, libunwind::Registers_arm>::getInfo(unw_proc_info_t*)
    libunwind.cpp.o(.rodata._ZTVN9libunwind12UnwindCursorINS_17LocalAddressSpaceENS_13Registers_armEEE) refers to libunwind.cpp.o(.text._ZN9libunwind12UnwindCursorINS_17LocalAddressSpaceENS_13Registers_armEE6jumptoEv) for libunwind::UnwindCursor<libunwind::LocalAddressSpace, libunwind::Registers_arm>::jumpto()
    libunwind.cpp.o(.rodata._ZTVN9libunwind12UnwindCursorINS_17LocalAddressSpaceENS_13Registers_armEEE) refers to libunwind.cpp.o(.text._ZN9libunwind12UnwindCursorINS_17LocalAddressSpaceENS_13Registers_armEE13isSignalFrameEv) for libunwind::UnwindCursor<libunwind::LocalAddressSpace, libunwind::Registers_arm>::isSignalFrame()
    libunwind.cpp.o(.rodata._ZTVN9libunwind12UnwindCursorINS_17LocalAddressSpaceENS_13Registers_armEEE) refers to libunwind.cpp.o(.text._ZN9libunwind12UnwindCursorINS_17LocalAddressSpaceENS_13Registers_armEE15getFunctionNameEPcjPj) for libunwind::UnwindCursor<libunwind::LocalAddressSpace, libunwind::Registers_arm>::getFunctionName(char*, unsigned, unsigned*)
    libunwind.cpp.o(.rodata._ZTVN9libunwind12UnwindCursorINS_17LocalAddressSpaceENS_13Registers_armEEE) refers to libunwind.cpp.o(.text._ZN9libunwind12UnwindCursorINS_17LocalAddressSpaceENS_13Registers_armEE24setInfoBasedOnIPRegisterEb) for libunwind::UnwindCursor<libunwind::LocalAddressSpace, libunwind::Registers_arm>::setInfoBasedOnIPRegister(bool)
    libunwind.cpp.o(.rodata._ZTVN9libunwind12UnwindCursorINS_17LocalAddressSpaceENS_13Registers_armEEE) refers to libunwind.cpp.o(.text._ZN9libunwind12UnwindCursorINS_17LocalAddressSpaceENS_13Registers_armEE15getRegisterNameEi) for libunwind::UnwindCursor<libunwind::LocalAddressSpace, libunwind::Registers_arm>::getRegisterName(int)
    libunwind.cpp.o(.rodata._ZTVN9libunwind12UnwindCursorINS_17LocalAddressSpaceENS_13Registers_armEEE) refers to libunwind.cpp.o(.text._ZN9libunwind12UnwindCursorINS_17LocalAddressSpaceENS_13Registers_armEE10saveVFPAsXEv) for libunwind::UnwindCursor<libunwind::LocalAddressSpace, libunwind::Registers_arm>::saveVFPAsX()


==============================================================================

Removing Unused input sections from the image.

    Removing startup_stm32l432xx.o(HEAP), (512 bytes).
    Removing arm_dot_prod_f32.o(.rev16_text), (4 bytes).
    Removing arm_dot_prod_f32.o(.revsh_text), (4 bytes).
    Removing arm_dot_prod_f32.o(.rrx_text), (6 bytes).
    Removing arm_cos_f32.o(.rev16_text), (4 bytes).
    Removing arm_cos_f32.o(.revsh_text), (4 bytes).
    Removing arm_cos_f32.o(.rrx_text), (6 bytes).
    Removing arm_sin_f32.o(.rev16_text), (4 bytes).
    Removing arm_sin_f32.o(.revsh_text), (4 bytes).
    Removing arm_sin_f32.o(.rrx_text), (6 bytes).
    Removing arm_cmplx_dot_prod_f32.o(.rev16_text), (4 bytes).
    Removing arm_cmplx_dot_prod_f32.o(.revsh_text), (4 bytes).
    Removing arm_cmplx_dot_prod_f32.o(.rrx_text), (6 bytes).
    Removing arm_cmplx_mag_f32.o(.rev16_text), (4 bytes).
    Removing arm_cmplx_mag_f32.o(.revsh_text), (4 bytes).
    Removing arm_cmplx_mag_f32.o(.rrx_text), (6 bytes).
    Removing arm_cmplx_mult_cmplx_f32.o(.rev16_text), (4 bytes).
    Removing arm_cmplx_mult_cmplx_f32.o(.revsh_text), (4 bytes).
    Removing arm_cmplx_mult_cmplx_f32.o(.rrx_text), (6 bytes).
    Removing arm_common_tables.o(.rev16_text), (4 bytes).
    Removing arm_common_tables.o(.revsh_text), (4 bytes).
    Removing arm_common_tables.o(.rrx_text), (6 bytes).
    Removing arm_common_tables.o(.constdata), (2048 bytes).
    Removing arm_common_tables.o(.constdata), (128 bytes).
    Removing arm_common_tables.o(.constdata), (256 bytes).
    Removing arm_common_tables.o(.constdata), (512 bytes).
    Removing arm_common_tables.o(.constdata), (1024 bytes).
    Removing arm_common_tables.o(.constdata), (2048 bytes).
    Removing arm_common_tables.o(.constdata), (4096 bytes).
    Removing arm_common_tables.o(.constdata), (8192 bytes).
    Removing arm_common_tables.o(.constdata), (16384 bytes).
    Removing arm_common_tables.o(.constdata), (32768 bytes).
    Removing arm_common_tables.o(.constdata), (96 bytes).
    Removing arm_common_tables.o(.constdata), (192 bytes).
    Removing arm_common_tables.o(.constdata), (384 bytes).
    Removing arm_common_tables.o(.constdata), (768 bytes).
    Removing arm_common_tables.o(.constdata), (1536 bytes).
    Removing arm_common_tables.o(.constdata), (3072 bytes).
    Removing arm_common_tables.o(.constdata), (6144 bytes).
    Removing arm_common_tables.o(.constdata), (12288 bytes).
    Removing arm_common_tables.o(.constdata), (24576 bytes).
    Removing arm_common_tables.o(.constdata), (48 bytes).
    Removing arm_common_tables.o(.constdata), (96 bytes).
    Removing arm_common_tables.o(.constdata), (192 bytes).
    Removing arm_common_tables.o(.constdata), (384 bytes).
    Removing arm_common_tables.o(.constdata), (768 bytes).
    Removing arm_common_tables.o(.constdata), (1536 bytes).
    Removing arm_common_tables.o(.constdata), (3072 bytes).
    Removing arm_common_tables.o(.constdata), (6144 bytes).
    Removing arm_common_tables.o(.constdata), (12288 bytes).
    Removing arm_common_tables.o(.constdata), (128 bytes).
    Removing arm_common_tables.o(.constdata), (256 bytes).
    Removing arm_common_tables.o(.constdata), (40 bytes).
    Removing arm_common_tables.o(.constdata), (96 bytes).
    Removing arm_common_tables.o(.constdata), (112 bytes).
    Removing arm_common_tables.o(.constdata), (416 bytes).
    Removing arm_common_tables.o(.constdata), (880 bytes).
    Removing arm_common_tables.o(.constdata), (896 bytes).
    Removing arm_common_tables.o(.constdata), (3600 bytes).
    Removing arm_common_tables.o(.constdata), (7616 bytes).
    Removing arm_common_tables.o(.constdata), (8064 bytes).
    Removing arm_common_tables.o(.constdata), (24 bytes).
    Removing arm_common_tables.o(.constdata), (48 bytes).
    Removing arm_common_tables.o(.constdata), (112 bytes).
    Removing arm_common_tables.o(.constdata), (224 bytes).
    Removing arm_common_tables.o(.constdata), (480 bytes).
    Removing arm_common_tables.o(.constdata), (960 bytes).
    Removing arm_common_tables.o(.constdata), (1984 bytes).
    Removing arm_common_tables.o(.constdata), (3968 bytes).
    Removing arm_common_tables.o(.constdata), (8064 bytes).
    Removing arm_common_tables.o(.constdata), (128 bytes).
    Removing arm_common_tables.o(.constdata), (256 bytes).
    Removing arm_common_tables.o(.constdata), (512 bytes).
    Removing arm_common_tables.o(.constdata), (1024 bytes).
    Removing arm_common_tables.o(.constdata), (2048 bytes).
    Removing arm_common_tables.o(.constdata), (4096 bytes).
    Removing arm_common_tables.o(.constdata), (8192 bytes).
    Removing arm_common_tables.o(.constdata), (16384 bytes).
    Removing arm_common_tables.o(.constdata), (2052 bytes).
    Removing arm_common_tables.o(.constdata), (1026 bytes).
    Removing lto-llvm-76e41b.o(.ARM.exidx), (296 bytes).
    Removing lto-llvm-76e41b.o(.ARM.extab), (12 bytes).
    Removing lto-llvm-76e41b.o(.ARM.use_no_argv), (4 bytes).
    Removing Unwind-EHABI.cpp.o(.text), (0 bytes).
    Removing Unwind-EHABI.cpp.o(.text.decode_eht_entry), (82 bytes).
    Removing Unwind-EHABI.cpp.o(.ARM.exidx.text.decode_eht_entry), (8 bytes).
    Removing Unwind-EHABI.cpp.o(.text._Unwind_VRS_Interpret), (574 bytes).
    Removing Unwind-EHABI.cpp.o(.ARM.exidx.text._Unwind_VRS_Interpret), (8 bytes).
    Removing Unwind-EHABI.cpp.o(.text._Unwind_VRS_Get), (88 bytes).
    Removing Unwind-EHABI.cpp.o(.ARM.exidx.text._Unwind_VRS_Get), (8 bytes).
    Removing Unwind-EHABI.cpp.o(.text._Unwind_VRS_Set), (90 bytes).
    Removing Unwind-EHABI.cpp.o(.ARM.exidx.text._Unwind_VRS_Set), (8 bytes).
    Removing Unwind-EHABI.cpp.o(.text._Unwind_VRS_Pop), (230 bytes).
    Removing Unwind-EHABI.cpp.o(.ARM.exidx.text._Unwind_VRS_Pop), (8 bytes).
    Removing Unwind-EHABI.cpp.o(.text.__aeabi_unwind_cpp_pr0), (8 bytes).
    Removing Unwind-EHABI.cpp.o(.ARM.exidx.text.__aeabi_unwind_cpp_pr0), (8 bytes).
    Removing Unwind-EHABI.cpp.o(.text._ZN12_GLOBAL__N_1L14unwindOneFrameEjP21_Unwind_Control_BlockP15_Unwind_Context), (56 bytes).
    Removing Unwind-EHABI.cpp.o(.ARM.exidx.text._ZN12_GLOBAL__N_1L14unwindOneFrameEjP21_Unwind_Control_BlockP15_Unwind_Context), (8 bytes).
    Removing Unwind-EHABI.cpp.o(.text.__aeabi_unwind_cpp_pr1), (8 bytes).
    Removing Unwind-EHABI.cpp.o(.ARM.exidx.text.__aeabi_unwind_cpp_pr1), (8 bytes).
    Removing Unwind-EHABI.cpp.o(.text.__aeabi_unwind_cpp_pr2), (8 bytes).
    Removing Unwind-EHABI.cpp.o(.ARM.exidx.text.__aeabi_unwind_cpp_pr2), (8 bytes).
    Removing Unwind-EHABI.cpp.o(.text._Unwind_RaiseException), (124 bytes).
    Removing Unwind-EHABI.cpp.o(.ARM.exidx.text._Unwind_RaiseException), (8 bytes).
    Removing Unwind-EHABI.cpp.o(.text._ZL13unwind_phase2P13unw_context_tP12unw_cursor_tP21_Unwind_Control_Blockb), (168 bytes).
    Removing Unwind-EHABI.cpp.o(.ARM.exidx.text._ZL13unwind_phase2P13unw_context_tP12unw_cursor_tP21_Unwind_Control_Blockb), (8 bytes).
    Removing Unwind-EHABI.cpp.o(.text._Unwind_Complete), (2 bytes).
    Removing Unwind-EHABI.cpp.o(.ARM.exidx.text._Unwind_Complete), (8 bytes).
    Removing Unwind-EHABI.cpp.o(.text._Unwind_Resume), (32 bytes).
    Removing Unwind-EHABI.cpp.o(.ARM.extab.text._Unwind_Resume), (12 bytes).
    Removing Unwind-EHABI.cpp.o(.ARM.exidx.text._Unwind_Resume), (8 bytes).
    Removing Unwind-EHABI.cpp.o(.text._Unwind_GetLanguageSpecificData), (24 bytes).
    Removing Unwind-EHABI.cpp.o(.ARM.exidx.text._Unwind_GetLanguageSpecificData), (8 bytes).
    Removing Unwind-EHABI.cpp.o(.text._Unwind_GetRegionStart), (24 bytes).
    Removing Unwind-EHABI.cpp.o(.ARM.exidx.text._Unwind_GetRegionStart), (8 bytes).
    Removing Unwind-EHABI.cpp.o(.text._Unwind_DeleteException), (12 bytes).
    Removing Unwind-EHABI.cpp.o(.ARM.exidx.text._Unwind_DeleteException), (8 bytes).
    Removing Unwind-EHABI.cpp.o(.text.__gnu_unwind_frame), (20 bytes).
    Removing Unwind-EHABI.cpp.o(.ARM.exidx.text.__gnu_unwind_frame), (8 bytes).
    Removing libunwind.cpp.o(.text), (0 bytes).
    Removing libunwind.cpp.o(.text.unw_init_local), (70 bytes).
    Removing libunwind.cpp.o(.ARM.exidx.text.unw_init_local), (8 bytes).
    Removing libunwind.cpp.o(.text.unw_get_reg), (44 bytes).
    Removing libunwind.cpp.o(.ARM.exidx.text.unw_get_reg), (8 bytes).
    Removing libunwind.cpp.o(.text.unw_set_reg), (64 bytes).
    Removing libunwind.cpp.o(.ARM.exidx.text.unw_set_reg), (8 bytes).
    Removing libunwind.cpp.o(.text.unw_get_fpreg), (46 bytes).
    Removing libunwind.cpp.o(.ARM.exidx.text.unw_get_fpreg), (8 bytes).
    Removing libunwind.cpp.o(.text.unw_set_fpreg), (54 bytes).
    Removing libunwind.cpp.o(.ARM.exidx.text.unw_set_fpreg), (8 bytes).
    Removing libunwind.cpp.o(.text.unw_step), (6 bytes).
    Removing libunwind.cpp.o(.ARM.exidx.text.unw_step), (8 bytes).
    Removing libunwind.cpp.o(.text.unw_get_proc_info), (30 bytes).
    Removing libunwind.cpp.o(.ARM.exidx.text.unw_get_proc_info), (8 bytes).
    Removing libunwind.cpp.o(.text.unw_resume), (18 bytes).
    Removing libunwind.cpp.o(.ARM.exidx.text.unw_resume), (8 bytes).
    Removing libunwind.cpp.o(.text.unw_get_proc_name), (30 bytes).
    Removing libunwind.cpp.o(.ARM.exidx.text.unw_get_proc_name), (8 bytes).
    Removing libunwind.cpp.o(.text.unw_is_fpreg), (10 bytes).
    Removing libunwind.cpp.o(.ARM.exidx.text.unw_is_fpreg), (8 bytes).
    Removing libunwind.cpp.o(.text.unw_regname), (6 bytes).
    Removing libunwind.cpp.o(.ARM.exidx.text.unw_regname), (8 bytes).
    Removing libunwind.cpp.o(.text.unw_is_signal_frame), (10 bytes).
    Removing libunwind.cpp.o(.ARM.exidx.text.unw_is_signal_frame), (8 bytes).
    Removing libunwind.cpp.o(.text.unw_save_vfp_as_X), (6 bytes).
    Removing libunwind.cpp.o(.ARM.exidx.text.unw_save_vfp_as_X), (8 bytes).
    Removing libunwind.cpp.o(.bss._ZN9libunwind17LocalAddressSpace17sThisAddressSpaceE), (1 bytes).
    Removing libunwind.cpp.o(.data.unw_local_addr_space), (4 bytes).
    Removing libunwind.cpp.o(.rodata.str1.1), (3 bytes).
    Removing UnwindRegistersSave.S.o(.text), (46 bytes).
    Removing UnwindRegistersRestore.S.o(.text), (98 bytes).
    Removing libunwind.cpp.o(.text._ZN9libunwind20AbstractUnwindCursorD2Ev), (2 bytes).
    Removing libunwind.cpp.o(.ARM.exidx.text._ZN9libunwind20AbstractUnwindCursorD2Ev), (8 bytes).
    Removing libunwind.cpp.o(.text._ZN9libunwind12UnwindCursorINS_17LocalAddressSpaceENS_13Registers_armEED0Ev), (2 bytes).
    Removing libunwind.cpp.o(.ARM.exidx.text._ZN9libunwind12UnwindCursorINS_17LocalAddressSpaceENS_13Registers_armEED0Ev), (8 bytes).
    Removing libunwind.cpp.o(.text._ZN9libunwind12UnwindCursorINS_17LocalAddressSpaceENS_13Registers_armEE8validRegEi), (14 bytes).
    Removing libunwind.cpp.o(.ARM.exidx.text._ZN9libunwind12UnwindCursorINS_17LocalAddressSpaceENS_13Registers_armEE8validRegEi), (8 bytes).
    Removing libunwind.cpp.o(.text._ZN9libunwind12UnwindCursorINS_17LocalAddressSpaceENS_13Registers_armEE6getRegEi), (58 bytes).
    Removing libunwind.cpp.o(.ARM.exidx.text._ZN9libunwind12UnwindCursorINS_17LocalAddressSpaceENS_13Registers_armEE6getRegEi), (8 bytes).
    Removing libunwind.cpp.o(.text._ZN9libunwind12UnwindCursorINS_17LocalAddressSpaceENS_13Registers_armEE6setRegEij), (56 bytes).
    Removing libunwind.cpp.o(.ARM.exidx.text._ZN9libunwind12UnwindCursorINS_17LocalAddressSpaceENS_13Registers_armEE6setRegEij), (8 bytes).
    Removing libunwind.cpp.o(.text._ZN9libunwind12UnwindCursorINS_17LocalAddressSpaceENS_13Registers_armEE13validFloatRegEi), (16 bytes).
    Removing libunwind.cpp.o(.ARM.exidx.text._ZN9libunwind12UnwindCursorINS_17LocalAddressSpaceENS_13Registers_armEE13validFloatRegEi), (8 bytes).
    Removing libunwind.cpp.o(.text._ZN9libunwind12UnwindCursorINS_17LocalAddressSpaceENS_13Registers_armEE11getFloatRegEi), (100 bytes).
    Removing libunwind.cpp.o(.ARM.exidx.text._ZN9libunwind12UnwindCursorINS_17LocalAddressSpaceENS_13Registers_armEE11getFloatRegEi), (8 bytes).
    Removing libunwind.cpp.o(.text._ZN9libunwind12UnwindCursorINS_17LocalAddressSpaceENS_13Registers_armEE11setFloatRegEiy), (110 bytes).
    Removing libunwind.cpp.o(.ARM.exidx.text._ZN9libunwind12UnwindCursorINS_17LocalAddressSpaceENS_13Registers_armEE11setFloatRegEiy), (8 bytes).
    Removing libunwind.cpp.o(.text._ZN9libunwind12UnwindCursorINS_17LocalAddressSpaceENS_13Registers_armEE4stepEv), (80 bytes).
    Removing libunwind.cpp.o(.ARM.exidx.text._ZN9libunwind12UnwindCursorINS_17LocalAddressSpaceENS_13Registers_armEE4stepEv), (8 bytes).
    Removing libunwind.cpp.o(.text._ZN9libunwind12UnwindCursorINS_17LocalAddressSpaceENS_13Registers_armEE7getInfoEP15unw_proc_info_t), (42 bytes).
    Removing libunwind.cpp.o(.ARM.exidx.text._ZN9libunwind12UnwindCursorINS_17LocalAddressSpaceENS_13Registers_armEE7getInfoEP15unw_proc_info_t), (8 bytes).
    Removing libunwind.cpp.o(.text._ZN9libunwind12UnwindCursorINS_17LocalAddressSpaceENS_13Registers_armEE6jumptoEv), (22 bytes).
    Removing libunwind.cpp.o(.ARM.exidx.text._ZN9libunwind12UnwindCursorINS_17LocalAddressSpaceENS_13Registers_armEE6jumptoEv), (8 bytes).
    Removing libunwind.cpp.o(.text._ZN9libunwind12UnwindCursorINS_17LocalAddressSpaceENS_13Registers_armEE13isSignalFrameEv), (6 bytes).
    Removing libunwind.cpp.o(.ARM.exidx.text._ZN9libunwind12UnwindCursorINS_17LocalAddressSpaceENS_13Registers_armEE13isSignalFrameEv), (8 bytes).
    Removing libunwind.cpp.o(.text._ZN9libunwind12UnwindCursorINS_17LocalAddressSpaceENS_13Registers_armEE15getFunctionNameEPcjPj), (16 bytes).
    Removing libunwind.cpp.o(.ARM.exidx.text._ZN9libunwind12UnwindCursorINS_17LocalAddressSpaceENS_13Registers_armEE15getFunctionNameEPcjPj), (8 bytes).
    Removing libunwind.cpp.o(.text._ZN9libunwind12UnwindCursorINS_17LocalAddressSpaceENS_13Registers_armEE24setInfoBasedOnIPRegisterEb), (70 bytes).
    Removing libunwind.cpp.o(.ARM.exidx.text._ZN9libunwind12UnwindCursorINS_17LocalAddressSpaceENS_13Registers_armEE24setInfoBasedOnIPRegisterEb), (8 bytes).
    Removing libunwind.cpp.o(.text._ZN9libunwind12UnwindCursorINS_17LocalAddressSpaceENS_13Registers_armEE15getRegisterNameEi), (6 bytes).
    Removing libunwind.cpp.o(.ARM.exidx.text._ZN9libunwind12UnwindCursorINS_17LocalAddressSpaceENS_13Registers_armEE15getRegisterNameEi), (8 bytes).
    Removing libunwind.cpp.o(.text._ZN9libunwind12UnwindCursorINS_17LocalAddressSpaceENS_13Registers_armEE10saveVFPAsXEv), (8 bytes).
    Removing libunwind.cpp.o(.ARM.exidx.text._ZN9libunwind12UnwindCursorINS_17LocalAddressSpaceENS_13Registers_armEE10saveVFPAsXEv), (8 bytes).
    Removing libunwind.cpp.o(.text._ZN9libunwind12UnwindCursorINS_17LocalAddressSpaceENS_13Registers_armEE13stepWithEHABIEv), (48 bytes).
    Removing libunwind.cpp.o(.ARM.exidx.text._ZN9libunwind12UnwindCursorINS_17LocalAddressSpaceENS_13Registers_armEE13stepWithEHABIEv), (8 bytes).
    Removing libunwind.cpp.o(.text._ZN9libunwind13Registers_arm26restoreSavedFloatRegistersEv), (50 bytes).
    Removing libunwind.cpp.o(.ARM.exidx.text._ZN9libunwind13Registers_arm26restoreSavedFloatRegistersEv), (8 bytes).
    Removing libunwind.cpp.o(.text._ZN9libunwind12UnwindCursorINS_17LocalAddressSpaceENS_13Registers_armEE23getInfoFromEHABISectionEjRKNS_18UnwindInfoSectionsE), (412 bytes).
    Removing libunwind.cpp.o(.ARM.exidx.text._ZN9libunwind12UnwindCursorINS_17LocalAddressSpaceENS_13Registers_armEE23getInfoFromEHABISectionEjRKNS_18UnwindInfoSectionsE), (8 bytes).
    Removing libunwind.cpp.o(.text._ZNSt3__113__upper_boundIRNS_6__lessIjjEEN9libunwind20EHABISectionIteratorINS4_17LocalAddressSpaceEEEjEET0_S8_S8_RKT1_T_), (110 bytes).
    Removing libunwind.cpp.o(.ARM.exidx.text._ZNSt3__113__upper_boundIRNS_6__lessIjjEEN9libunwind20EHABISectionIteratorINS4_17LocalAddressSpaceEEEjEET0_S8_S8_RKT1_T_), (8 bytes).
    Removing libunwind.cpp.o(.text._ZN9libunwind13Registers_arm15getRegisterNameEi), (916 bytes).
    Removing libunwind.cpp.o(.ARM.exidx.text._ZN9libunwind13Registers_arm15getRegisterNameEi), (8 bytes).
    Removing libunwind.cpp.o(.rodata._ZTVN9libunwind12UnwindCursorINS_17LocalAddressSpaceENS_13Registers_armEEE), (72 bytes).

194 unused section(s) (total 220380 bytes) removed from the image.

==============================================================================

Image Symbol Table

    Local Symbols

    Symbol Name                              Value     Ov Type        Size  Object(Section)

    ../clib/../cmprslib/zerorunl.c           0x00000000   Number         0  __dczerorl.o ABSOLUTE
    ../clib/microlib/init/entry.s            0x00000000   Number         0  entry10a.o ABSOLUTE
    ../clib/microlib/init/entry.s            0x00000000   Number         0  entry8b.o ABSOLUTE
    ../clib/microlib/init/entry.s            0x00000000   Number         0  entry5.o ABSOLUTE
    ../clib/microlib/init/entry.s            0x00000000   Number         0  entry9b.o ABSOLUTE
    ../clib/microlib/init/entry.s            0x00000000   Number         0  entry7a.o ABSOLUTE
    ../clib/microlib/init/entry.s            0x00000000   Number         0  entry7b.o ABSOLUTE
    ../clib/microlib/init/entry.s            0x00000000   Number         0  entry9a.o ABSOLUTE
    ../clib/microlib/init/entry.s            0x00000000   Number         0  entry8a.o ABSOLUTE
    ../clib/microlib/init/entry.s            0x00000000   Number         0  entry.o ABSOLUTE
    ../clib/microlib/init/entry.s            0x00000000   Number         0  entry11b.o ABSOLUTE
    ../clib/microlib/init/entry.s            0x00000000   Number         0  entry11a.o ABSOLUTE
    ../clib/microlib/init/entry.s            0x00000000   Number         0  entry2.o ABSOLUTE
    ../clib/microlib/init/entry.s            0x00000000   Number         0  entry10b.o ABSOLUTE
    ../clib/microlib/longlong.c              0x00000000   Number         0  llshl.o ABSOLUTE
    ../clib/microlib/longlong.c              0x00000000   Number         0  llushr.o ABSOLUTE
    ../clib/microlib/stdlib/abort.c          0x00000000   Number         0  abort.o ABSOLUTE
    ../clib/microlib/string/memcpy.c         0x00000000   Number         0  memcpya.o ABSOLUTE
    ../clib/microlib/string/memcpy.c         0x00000000   Number         0  memcpyb.o ABSOLUTE
    ../clib/microlib/string/memset.c         0x00000000   Number         0  memseta.o ABSOLUTE
    ../clib/microlib/stubs.s                 0x00000000   Number         0  iusefp.o ABSOLUTE
    ../fplib/microlib/d2f.c                  0x00000000   Number         0  d2f.o ABSOLUTE
    ../fplib/microlib/f2d.c                  0x00000000   Number         0  f2d.o ABSOLUTE
    ../fplib/microlib/fpdiv.c                0x00000000   Number         0  ddiv.o ABSOLUTE
    ../fplib/microlib/fpepilogue.c           0x00000000   Number         0  depilogue.o ABSOLUTE
    ../fplib/microlib/fpepilogue.c           0x00000000   Number         0  fepilogue.o ABSOLUTE
    ../fplib/microlib/fpfix.c                0x00000000   Number         0  dfixui.o ABSOLUTE
    ../fplib/microlib/fpmul.c                0x00000000   Number         0  dmul.o ABSOLUTE
    ../fplib/microlib/fprnd.c                0x00000000   Number         0  frnd.o ABSOLUTE
    ../mathlib/round.c                       0x00000000   Number         0  roundf.o ABSOLUTE
    ..\..\Source\BasicMathFunctions\arm_dot_prod_f32.c 0x00000000   Number         0  arm_dot_prod_f32.o ABSOLUTE
    ..\..\Source\CommonTables\arm_common_tables.c 0x00000000   Number         0  arm_common_tables.o ABSOLUTE
    ..\..\Source\ComplexMathFunctions\arm_cmplx_dot_prod_f32.c 0x00000000   Number         0  arm_cmplx_dot_prod_f32.o ABSOLUTE
    ..\..\Source\ComplexMathFunctions\arm_cmplx_mag_f32.c 0x00000000   Number         0  arm_cmplx_mag_f32.o ABSOLUTE
    ..\..\Source\ComplexMathFunctions\arm_cmplx_mult_cmplx_f32.c 0x00000000   Number         0  arm_cmplx_mult_cmplx_f32.o ABSOLUTE
    ..\..\Source\FastMathFunctions\arm_cos_f32.c 0x00000000   Number         0  arm_cos_f32.o ABSOLUTE
    ..\..\Source\FastMathFunctions\arm_sin_f32.c 0x00000000   Number         0  arm_sin_f32.o ABSOLUTE
    ..\\..\\Source\\BasicMathFunctions\\arm_dot_prod_f32.c 0x00000000   Number         0  arm_dot_prod_f32.o ABSOLUTE
    ..\\..\\Source\\CommonTables\\arm_common_tables.c 0x00000000   Number         0  arm_common_tables.o ABSOLUTE
    ..\\..\\Source\\ComplexMathFunctions\\arm_cmplx_dot_prod_f32.c 0x00000000   Number         0  arm_cmplx_dot_prod_f32.o ABSOLUTE
    ..\\..\\Source\\ComplexMathFunctions\\arm_cmplx_mag_f32.c 0x00000000   Number         0  arm_cmplx_mag_f32.o ABSOLUTE
    ..\\..\\Source\\ComplexMathFunctions\\arm_cmplx_mult_cmplx_f32.c 0x00000000   Number         0  arm_cmplx_mult_cmplx_f32.o ABSOLUTE
    ..\\..\\Source\\FastMathFunctions\\arm_cos_f32.c 0x00000000   Number         0  arm_cos_f32.o ABSOLUTE
    ..\\..\\Source\\FastMathFunctions\\arm_sin_f32.c 0x00000000   Number         0  arm_sin_f32.o ABSOLUTE
    RTE\Device\STM32L432KCUx\startup_stm32l432xx.s 0x00000000   Number         0  startup_stm32l432xx.o ABSOLUTE
    Unwind-EHABI.cpp                         0x00000000   Number         0  Unwind-EHABI.cpp.o ABSOLUTE
    dc.s                                     0x00000000   Number         0  dc.o ABSOLUTE
    handlers.s                               0x00000000   Number         0  handlers.o ABSOLUTE
    init.s                                   0x00000000   Number         0  init.o ABSOLUTE
    ld-temp.o                                0x00000000   Number         0  lto-llvm-76e41b.o ABSOLUTE
    libunwind.cpp                            0x00000000   Number         0  libunwind.cpp.o ABSOLUTE
    RESET                                    0x08000000   Section      396  startup_stm32l432xx.o(RESET)
    .ARM.Collect$$$$00000000                 0x0800018c   Section        0  entry.o(.ARM.Collect$$$$00000000)
    .ARM.Collect$$$$00000001                 0x0800018c   Section        4  entry2.o(.ARM.Collect$$$$00000001)
    .ARM.Collect$$$$00000004                 0x08000190   Section        4  entry5.o(.ARM.Collect$$$$00000004)
    .ARM.Collect$$$$00000008                 0x08000194   Section        0  entry7b.o(.ARM.Collect$$$$00000008)
    .ARM.Collect$$$$0000000A                 0x08000194   Section        0  entry8b.o(.ARM.Collect$$$$0000000A)
    .ARM.Collect$$$$0000000B                 0x08000194   Section        8  entry9a.o(.ARM.Collect$$$$0000000B)
    .ARM.Collect$$$$0000000D                 0x0800019c   Section        0  entry10a.o(.ARM.Collect$$$$0000000D)
    .ARM.Collect$$$$0000000F                 0x0800019c   Section        0  entry11a.o(.ARM.Collect$$$$0000000F)
    .ARM.Collect$$$$00002712                 0x0800019c   Section        4  entry2.o(.ARM.Collect$$$$00002712)
    __lit__00000000                          0x0800019c   Data           4  entry2.o(.ARM.Collect$$$$00002712)
    .text                                    0x080001a0   Section       36  startup_stm32l432xx.o(.text)
    $v0                                      0x080001a0   Number         0  startup_stm32l432xx.o(.text)
    .text                                    0x080001c4   Section        0  arm_dot_prod_f32.o(.text)
    .text                                    0x080002c8   Section        0  arm_cos_f32.o(.text)
    .text                                    0x08000340   Section        0  arm_sin_f32.o(.text)
    .text                                    0x080003d4   Section        0  arm_cmplx_dot_prod_f32.o(.text)
    .text                                    0x080004b0   Section        0  arm_cmplx_mag_f32.o(.text)
    .text                                    0x080005ac   Section        0  arm_cmplx_mult_cmplx_f32.o(.text)
    .text                                    0x0800069c   Section        0  iusefp.o(.text)
    .text                                    0x0800069c   Section        0  frnd.o(.text)
    .text                                    0x080006d8   Section       36  init.o(.text)
    .text                                    0x080006fc   Section        0  fepilogue.o(.text)
    [Anonymous Symbol]                       0x08000770   Section        0  lto-llvm-76e41b.o(.text)
    SIGNAL::bpsk()                           0x08000771   Thumb Code   192  lto-llvm-76e41b.o(.text)
    setup                                    0x08000831   Thumb Code  2452  lto-llvm-76e41b.o(.text)
    __arm_cp.1_4                             0x08000f54   Number         4  lto-llvm-76e41b.o(.text)
    loop                                     0x080011c5   Thumb Code   448  lto-llvm-76e41b.o(.text)
    SystemClock_Config                       0x080016b9   Thumb Code   372  lto-llvm-76e41b.o(.text)
    HAL_Init                                 0x08001cf5   Thumb Code   346  lto-llvm-76e41b.o(.text)
    HAL_ADC_Init                             0x08001e51   Thumb Code   554  lto-llvm-76e41b.o(.text)
    HAL_ADCEx_InjectedConfigChannel          0x0800207d   Thumb Code   938  lto-llvm-76e41b.o(.text)
    HAL_NVIC_SetPriority                     0x08002429   Thumb Code    92  lto-llvm-76e41b.o(.text)
    HAL_DMA_Init                             0x08002485   Thumb Code   212  lto-llvm-76e41b.o(.text)
    HAL_GPIO_Init                            0x08002559   Thumb Code   436  lto-llvm-76e41b.o(.text)
    HAL_RCC_OscConfig                        0x0800270d   Thumb Code  1680  lto-llvm-76e41b.o(.text)
    HAL_RCC_GetSysClockFreq                  0x08002d9d   Thumb Code   252  lto-llvm-76e41b.o(.text)
    MSIRangeTable                            0x08002e68   Number         0  lto-llvm-76e41b.o(.text)
    HAL_RCC_ClockConfig                      0x08002e99   Thumb Code   622  lto-llvm-76e41b.o(.text)
    HAL_RCCEx_PeriphCLKConfig                0x08003109   Thumb Code   632  lto-llvm-76e41b.o(.text)
    RCCEx_PLLSAI1_Config                     0x08003381   Thumb Code   322  lto-llvm-76e41b.o(.text)
    HAL_RTC_Init                             0x080034c5   Thumb Code   342  lto-llvm-76e41b.o(.text)
    HAL_RTC_SetTime                          0x0800361d   Thumb Code   278  lto-llvm-76e41b.o(.text)
    HAL_RTC_SetDate                          0x08003735   Thumb Code   216  lto-llvm-76e41b.o(.text)
    HAL_RTC_SetAlarm_IT                      0x0800380d   Thumb Code   342  lto-llvm-76e41b.o(.text)
    HAL_TIM_Base_Init                        0x08003965   Thumb Code   390  lto-llvm-76e41b.o(.text)
    HAL_TIM_PWM_Init                         0x08003aed   Thumb Code   198  lto-llvm-76e41b.o(.text)
    HAL_TIM_IRQHandler                       0x08003bb5   Thumb Code   206  lto-llvm-76e41b.o(.text)
    HAL_TIM_PWM_ConfigChannel                0x08003c85   Thumb Code   192  lto-llvm-76e41b.o(.text)
    HAL_TIM_ConfigClockSource                0x08003d45   Thumb Code   404  lto-llvm-76e41b.o(.text)
    HAL_TIMEx_MasterConfigSynchronization    0x08003ed9   Thumb Code    94  lto-llvm-76e41b.o(.text)
    HAL_TIMEx_ConfigBreakDeadTime            0x08003f39   Thumb Code   148  lto-llvm-76e41b.o(.text)
    HAL_TIM_MspPostInit                      0x08003fcd   Thumb Code   102  lto-llvm-76e41b.o(.text)
    .text                                    0x0800404e   Section        0  memcpya.o(.text)
    .text                                    0x08004072   Section        0  dmul.o(.text)
    .text                                    0x0800415c   Section        0  ddiv.o(.text)
    .text                                    0x0800423a   Section        0  dfixui.o(.text)
    .text                                    0x0800426c   Section        0  f2d.o(.text)
    .text                                    0x08004292   Section        0  d2f.o(.text)
    .text                                    0x080042ca   Section        0  llushr.o(.text)
    .text                                    0x080042ea   Section        0  depilogue.o(.text)
    .text                                    0x080043a4   Section        0  llshl.o(.text)
    .text                                    0x080043c2   Section        0  __dczerorl.o(.text)
    i.__hardfp_roundf                        0x080043fc   Section        0  roundf.o(i.__hardfp_roundf)
    i.__scatterload_copy                     0x08004496   Section       14  handlers.o(i.__scatterload_copy)
    i.__scatterload_null                     0x080044a4   Section        2  handlers.o(i.__scatterload_null)
    i.__scatterload_zeroinit                 0x080044a6   Section       14  handlers.o(i.__scatterload_zeroinit)
    .constdata                               0x080044b4   Section     2052  arm_common_tables.o(.constdata)
    [Anonymous Symbol]                       0x08004cb8   Section        0  lto-llvm-76e41b.o(.rodata)
    psp_codInput                             0x08004cb8   Data         255  lto-llvm-76e41b.o(.rodata)
    psp_codOutput                            0x08004db8   Data         255  lto-llvm-76e41b.o(.rodata)
    AHBPrescTable                            0x08004eb7   Data          16  lto-llvm-76e41b.o(.rodata.cst16)
    APBPrescTable                            0x08004ec7   Data           8  lto-llvm-76e41b.o(.rodata.cst8)
    [Anonymous Symbol]                       0x20000000   Section        0  lto-llvm-76e41b.o(.data)
    currSignal                               0x20000000   Data         492  lto-llvm-76e41b.o(.data)
    GILBERT_COEFF                            0x200001ec   Data         132  lto-llvm-76e41b.o(.data)
    psk                                      0x20000270   Data        8496  lto-llvm-76e41b.o(.data)
    SystemCoreClock                          0x200023a0   Data           4  lto-llvm-76e41b.o(.data)
    [Anonymous Symbol]                       0x200023a8   Section        0  lto-llvm-76e41b.o(.bss)
    t2                                       0x200023a8   Data           4  lto-llvm-76e41b.o(.bss)
    GilbertBufer                             0x200023ac   Data         132  lto-llvm-76e41b.o(.bss)
    adc_max                                  0x20002430   Data           2  lto-llvm-76e41b.o(.bss)
    maxFNVstat                               0x20002434   Data           4  lto-llvm-76e41b.o(.bss)
    statFlag                                 0x20002438   Data           4  lto-llvm-76e41b.o(.bss)
    hadc1                                    0x2000243c   Data         104  lto-llvm-76e41b.o(.bss)
    hrtc                                     0x200024a4   Data          36  lto-llvm-76e41b.o(.bss)
    htim1                                    0x200024c8   Data          64  lto-llvm-76e41b.o(.bss)
    htim6                                    0x20002508   Data          64  lto-llvm-76e41b.o(.bss)
    hdma_memtomem_dma1_channel1              0x20002548   Data          72  lto-llvm-76e41b.o(.bss)
    hdma_memtomem_dma1_channel2              0x20002590   Data          72  lto-llvm-76e41b.o(.bss)
    ISR                                      0x200025d8   Data           4  lto-llvm-76e41b.o(.bss)
    hjf                                      0x200025dc   Data           4  lto-llvm-76e41b.o(.bss)
    uwTick                                   0x200025e0   Data           4  lto-llvm-76e41b.o(.bss)
    STACK                                    0x200025e8   Section     1024  startup_stm32l432xx.o(STACK)

    Global Symbols

    Symbol Name                              Value     Ov Type        Size  Object(Section)

    BuildAttributes$$THM_ISAv4$E$P$D$K$B$S$7EM$VFPi3$EXTD16$VFPS$VFMA$PE$A:L22UL41UL21$X:L11$S22US41US21$IEEE1$IW$~IW$USESV6$~STKCKD$USESV7$~SHL$OTIME$ROPI$IEEEX$EBA8$UX$MICROLIB$REQ8$EABIv2 0x00000000   Number         0  anon$$obj.o ABSOLUTE
    SHT$$ARM_EXIDX$$Base                      - Undefined Reference
    SHT$$ARM_EXIDX$$Limit                     - Undefined Reference
    __cpp_initialize__aeabi_                  - Undefined Weak Reference
    __cxa_finalize                            - Undefined Weak Reference
    _clock_init                               - Undefined Weak Reference
    _microlib_exit                            - Undefined Weak Reference
    __Vectors_Size                           0x0000018c   Number         0  startup_stm32l432xx.o ABSOLUTE
    __Vectors                                0x08000000   Data           4  startup_stm32l432xx.o(RESET)
    __Vectors_End                            0x0800018c   Data           0  startup_stm32l432xx.o(RESET)
    __main                                   0x0800018d   Thumb Code     0  entry.o(.ARM.Collect$$$$00000000)
    _main_stk                                0x0800018d   Thumb Code     0  entry2.o(.ARM.Collect$$$$00000001)
    _main_scatterload                        0x08000191   Thumb Code     0  entry5.o(.ARM.Collect$$$$00000004)
    __main_after_scatterload                 0x08000195   Thumb Code     0  entry5.o(.ARM.Collect$$$$00000004)
    _main_clock                              0x08000195   Thumb Code     0  entry7b.o(.ARM.Collect$$$$00000008)
    _main_cpp_init                           0x08000195   Thumb Code     0  entry8b.o(.ARM.Collect$$$$0000000A)
    _main_init                               0x08000195   Thumb Code     0  entry9a.o(.ARM.Collect$$$$0000000B)
    __rt_final_cpp                           0x0800019d   Thumb Code     0  entry10a.o(.ARM.Collect$$$$0000000D)
    __rt_final_exit                          0x0800019d   Thumb Code     0  entry11a.o(.ARM.Collect$$$$0000000F)
    Reset_Handler                            0x080001a1   Thumb Code     8  startup_stm32l432xx.o(.text)
    NMI_Handler                              0x080001a9   Thumb Code     2  startup_stm32l432xx.o(.text)
    HardFault_Handler                        0x080001ab   Thumb Code     2  startup_stm32l432xx.o(.text)
    MemManage_Handler                        0x080001ad   Thumb Code     2  startup_stm32l432xx.o(.text)
    BusFault_Handler                         0x080001af   Thumb Code     2  startup_stm32l432xx.o(.text)
    UsageFault_Handler                       0x080001b1   Thumb Code     2  startup_stm32l432xx.o(.text)
    SVC_Handler                              0x080001b3   Thumb Code     2  startup_stm32l432xx.o(.text)
    DebugMon_Handler                         0x080001b5   Thumb Code     2  startup_stm32l432xx.o(.text)
    PendSV_Handler                           0x080001b7   Thumb Code     2  startup_stm32l432xx.o(.text)
    CAN1_RX0_IRQHandler                      0x080001bb   Thumb Code     0  startup_stm32l432xx.o(.text)
    CAN1_RX1_IRQHandler                      0x080001bb   Thumb Code     0  startup_stm32l432xx.o(.text)
    CAN1_SCE_IRQHandler                      0x080001bb   Thumb Code     0  startup_stm32l432xx.o(.text)
    CAN1_TX_IRQHandler                       0x080001bb   Thumb Code     0  startup_stm32l432xx.o(.text)
    COMP_IRQHandler                          0x080001bb   Thumb Code     0  startup_stm32l432xx.o(.text)
    CRS_IRQHandler                           0x080001bb   Thumb Code     0  startup_stm32l432xx.o(.text)
    DMA1_Channel1_IRQHandler                 0x080001bb   Thumb Code     0  startup_stm32l432xx.o(.text)
    DMA1_Channel2_IRQHandler                 0x080001bb   Thumb Code     0  startup_stm32l432xx.o(.text)
    DMA1_Channel3_IRQHandler                 0x080001bb   Thumb Code     0  startup_stm32l432xx.o(.text)
    DMA1_Channel4_IRQHandler                 0x080001bb   Thumb Code     0  startup_stm32l432xx.o(.text)
    DMA1_Channel5_IRQHandler                 0x080001bb   Thumb Code     0  startup_stm32l432xx.o(.text)
    DMA1_Channel6_IRQHandler                 0x080001bb   Thumb Code     0  startup_stm32l432xx.o(.text)
    DMA1_Channel7_IRQHandler                 0x080001bb   Thumb Code     0  startup_stm32l432xx.o(.text)
    DMA2_Channel1_IRQHandler                 0x080001bb   Thumb Code     0  startup_stm32l432xx.o(.text)
    DMA2_Channel2_IRQHandler                 0x080001bb   Thumb Code     0  startup_stm32l432xx.o(.text)
    DMA2_Channel3_IRQHandler                 0x080001bb   Thumb Code     0  startup_stm32l432xx.o(.text)
    DMA2_Channel4_IRQHandler                 0x080001bb   Thumb Code     0  startup_stm32l432xx.o(.text)
    DMA2_Channel5_IRQHandler                 0x080001bb   Thumb Code     0  startup_stm32l432xx.o(.text)
    DMA2_Channel6_IRQHandler                 0x080001bb   Thumb Code     0  startup_stm32l432xx.o(.text)
    DMA2_Channel7_IRQHandler                 0x080001bb   Thumb Code     0  startup_stm32l432xx.o(.text)
    EXTI0_IRQHandler                         0x080001bb   Thumb Code     0  startup_stm32l432xx.o(.text)
    EXTI15_10_IRQHandler                     0x080001bb   Thumb Code     0  startup_stm32l432xx.o(.text)
    EXTI1_IRQHandler                         0x080001bb   Thumb Code     0  startup_stm32l432xx.o(.text)
    EXTI2_IRQHandler                         0x080001bb   Thumb Code     0  startup_stm32l432xx.o(.text)
    EXTI3_IRQHandler                         0x080001bb   Thumb Code     0  startup_stm32l432xx.o(.text)
    EXTI4_IRQHandler                         0x080001bb   Thumb Code     0  startup_stm32l432xx.o(.text)
    FLASH_IRQHandler                         0x080001bb   Thumb Code     0  startup_stm32l432xx.o(.text)
    FPU_IRQHandler                           0x080001bb   Thumb Code     0  startup_stm32l432xx.o(.text)
    I2C1_ER_IRQHandler                       0x080001bb   Thumb Code     0  startup_stm32l432xx.o(.text)
    I2C1_EV_IRQHandler                       0x080001bb   Thumb Code     0  startup_stm32l432xx.o(.text)
    I2C3_ER_IRQHandler                       0x080001bb   Thumb Code     0  startup_stm32l432xx.o(.text)
    I2C3_EV_IRQHandler                       0x080001bb   Thumb Code     0  startup_stm32l432xx.o(.text)
    LPTIM1_IRQHandler                        0x080001bb   Thumb Code     0  startup_stm32l432xx.o(.text)
    LPTIM2_IRQHandler                        0x080001bb   Thumb Code     0  startup_stm32l432xx.o(.text)
    LPUART1_IRQHandler                       0x080001bb   Thumb Code     0  startup_stm32l432xx.o(.text)
    PVD_PVM_IRQHandler                       0x080001bb   Thumb Code     0  startup_stm32l432xx.o(.text)
    QUADSPI_IRQHandler                       0x080001bb   Thumb Code     0  startup_stm32l432xx.o(.text)
    RCC_IRQHandler                           0x080001bb   Thumb Code     0  startup_stm32l432xx.o(.text)
    RNG_IRQHandler                           0x080001bb   Thumb Code     0  startup_stm32l432xx.o(.text)
    RTC_WKUP_IRQHandler                      0x080001bb   Thumb Code     0  startup_stm32l432xx.o(.text)
    SAI1_IRQHandler                          0x080001bb   Thumb Code     0  startup_stm32l432xx.o(.text)
    SPI1_IRQHandler                          0x080001bb   Thumb Code     0  startup_stm32l432xx.o(.text)
    SPI3_IRQHandler                          0x080001bb   Thumb Code     0  startup_stm32l432xx.o(.text)
    SWPMI1_IRQHandler                        0x080001bb   Thumb Code     0  startup_stm32l432xx.o(.text)
    TAMP_STAMP_IRQHandler                    0x080001bb   Thumb Code     0  startup_stm32l432xx.o(.text)
    TIM1_CC_IRQHandler                       0x080001bb   Thumb Code     0  startup_stm32l432xx.o(.text)
    TIM1_TRG_COM_IRQHandler                  0x080001bb   Thumb Code     0  startup_stm32l432xx.o(.text)
    TIM7_IRQHandler                          0x080001bb   Thumb Code     0  startup_stm32l432xx.o(.text)
    TSC_IRQHandler                           0x080001bb   Thumb Code     0  startup_stm32l432xx.o(.text)
    USART1_IRQHandler                        0x080001bb   Thumb Code     0  startup_stm32l432xx.o(.text)
    USART2_IRQHandler                        0x080001bb   Thumb Code     0  startup_stm32l432xx.o(.text)
    USB_IRQHandler                           0x080001bb   Thumb Code     0  startup_stm32l432xx.o(.text)
    WWDG_IRQHandler                          0x080001bb   Thumb Code     0  startup_stm32l432xx.o(.text)
    arm_dot_prod_f32                         0x080001c5   Thumb Code   256  arm_dot_prod_f32.o(.text)
    arm_cos_f32                              0x080002c9   Thumb Code   108  arm_cos_f32.o(.text)
    arm_sin_f32                              0x08000341   Thumb Code   130  arm_sin_f32.o(.text)
    arm_cmplx_dot_prod_f32                   0x080003d5   Thumb Code   216  arm_cmplx_dot_prod_f32.o(.text)
    arm_cmplx_mag_f32                        0x080004b1   Thumb Code   246  arm_cmplx_mag_f32.o(.text)
    arm_cmplx_mult_cmplx_f32                 0x080005ad   Thumb Code   240  arm_cmplx_mult_cmplx_f32.o(.text)
    __I$use$fp                               0x0800069d   Thumb Code     0  iusefp.o(.text)
    _frnd                                    0x0800069d   Thumb Code    60  frnd.o(.text)
    __scatterload                            0x080006d9   Thumb Code    28  init.o(.text)
    __scatterload_rt2                        0x080006d9   Thumb Code     0  init.o(.text)
    _float_round                             0x080006fd   Thumb Code    18  fepilogue.o(.text)
    _float_epilogue                          0x0800070f   Thumb Code    92  fepilogue.o(.text)
    main                                     0x08001385   Thumb Code   820  lto-llvm-76e41b.o(.text)
    SysTick_Handler                          0x0800182d   Thumb Code    16  lto-llvm-76e41b.o(.text)
    EXTI9_5_IRQHandler                       0x0800183d   Thumb Code    22  lto-llvm-76e41b.o(.text)
    TIM1_BRK_TIM15_IRQHandler                0x08001855   Thumb Code    12  lto-llvm-76e41b.o(.text)
    RTC_Alarm_IRQHandler                     0x08001861   Thumb Code   126  lto-llvm-76e41b.o(.text)
    TIM6_DAC_IRQHandler                      0x080018e1   Thumb Code    12  lto-llvm-76e41b.o(.text)
    ADC1_IRQHandler                          0x080018ed   Thumb Code   436  lto-llvm-76e41b.o(.text)
    TIM1_UP_TIM16_IRQHandler                 0x08001aa1   Thumb Code   306  lto-llvm-76e41b.o(.text)
    TIM2_IRQHandler                          0x08001bd5   Thumb Code   204  lto-llvm-76e41b.o(.text)
    SystemInit                               0x08001ca1   Thumb Code    82  lto-llvm-76e41b.o(.text)
    __aeabi_memcpy                           0x0800404f   Thumb Code    36  memcpya.o(.text)
    __aeabi_memcpy4                          0x0800404f   Thumb Code     0  memcpya.o(.text)
    __aeabi_memcpy8                          0x0800404f   Thumb Code     0  memcpya.o(.text)
    __aeabi_dmul                             0x08004073   Thumb Code   228  dmul.o(.text)
    __aeabi_ddiv                             0x0800415d   Thumb Code   222  ddiv.o(.text)
    __aeabi_d2uiz                            0x0800423b   Thumb Code    50  dfixui.o(.text)
    __aeabi_f2d                              0x0800426d   Thumb Code    38  f2d.o(.text)
    __aeabi_d2f                              0x08004293   Thumb Code    56  d2f.o(.text)
    __aeabi_llsr                             0x080042cb   Thumb Code    32  llushr.o(.text)
    _ll_ushift_r                             0x080042cb   Thumb Code     0  llushr.o(.text)
    _double_round                            0x080042eb   Thumb Code    30  depilogue.o(.text)
    _double_epilogue                         0x08004309   Thumb Code   156  depilogue.o(.text)
    __aeabi_llsl                             0x080043a5   Thumb Code    30  llshl.o(.text)
    _ll_shift_l                              0x080043a5   Thumb Code     0  llshl.o(.text)
    __decompress                             0x080043c3   Thumb Code     0  __dczerorl.o(.text)
    __decompress0                            0x080043c3   Thumb Code    58  __dczerorl.o(.text)
    __hardfp_roundf                          0x080043fd   Thumb Code   154  roundf.o(i.__hardfp_roundf)
    __scatterload_copy                       0x08004497   Thumb Code    14  handlers.o(i.__scatterload_copy)
    __scatterload_null                       0x080044a5   Thumb Code     2  handlers.o(i.__scatterload_null)
    __scatterload_zeroinit                   0x080044a7   Thumb Code    14  handlers.o(i.__scatterload_zeroinit)
    sinTable_f32                             0x080044b4   Data        2052  arm_common_tables.o(.constdata)
    Region$$Table$$Base                      0x08004ed0   Number         0  anon$$obj.o(Region$$Table)
    Region$$Table$$Limit                     0x08004ef0   Number         0  anon$$obj.o(Region$$Table)
    __initial_sp                             0x200029e8   Data           0  startup_stm32l432xx.o(STACK)



==============================================================================

Memory Map of the image

  Image Entry point : 0x0800018d

  Load Region LR_IROM1 (Base: 0x08000000, Size: 0x00007298, Max: 0x00040000, ABSOLUTE, COMPRESSED[0x00004fd0])

    Execution Region ER_IROM1 (Exec base: 0x08000000, Load base: 0x08000000, Size: 0x00004ef0, Max: 0x00040000, ABSOLUTE)

    Exec Addr    Load Addr    Size         Type   Attr      Idx    E Section Name        Object

    0x08000000   0x08000000   0x0000018c   Data   RO            8    RESET               startup_stm32l432xx.o
    0x0800018c   0x0800018c   0x00000000   Code   RO          293  * .ARM.Collect$$$$00000000  mc_w.l(entry.o)
    0x0800018c   0x0800018c   0x00000004   Code   RO          296    .ARM.Collect$$$$00000001  mc_w.l(entry2.o)
    0x08000190   0x08000190   0x00000004   Code   RO          299    .ARM.Collect$$$$00000004  mc_w.l(entry5.o)
    0x08000194   0x08000194   0x00000000   Code   RO          301    .ARM.Collect$$$$00000008  mc_w.l(entry7b.o)
    0x08000194   0x08000194   0x00000000   Code   RO          303    .ARM.Collect$$$$0000000A  mc_w.l(entry8b.o)
    0x08000194   0x08000194   0x00000008   Code   RO          304    .ARM.Collect$$$$0000000B  mc_w.l(entry9a.o)
    0x0800019c   0x0800019c   0x00000000   Code   RO          306    .ARM.Collect$$$$0000000D  mc_w.l(entry10a.o)
    0x0800019c   0x0800019c   0x00000000   Code   RO          308    .ARM.Collect$$$$0000000F  mc_w.l(entry11a.o)
    0x0800019c   0x0800019c   0x00000004   Code   RO          297    .ARM.Collect$$$$00002712  mc_w.l(entry2.o)
    0x080001a0   0x080001a0   0x00000024   Code   RO            9    .text               startup_stm32l432xx.o
    0x080001c4   0x080001c4   0x00000104   Code   RO           36    .text               arm_cortexM4lf_math.lib(arm_dot_prod_f32.o)
    0x080002c8   0x080002c8   0x00000078   Code   RO           83    .text               arm_cortexM4lf_math.lib(arm_cos_f32.o)
    0x08000340   0x08000340   0x00000094   Code   RO          111    .text               arm_cortexM4lf_math.lib(arm_sin_f32.o)
    0x080003d4   0x080003d4   0x000000dc   Code   RO          135    .text               arm_cortexM4lf_math.lib(arm_cmplx_dot_prod_f32.o)
    0x080004b0   0x080004b0   0x000000fc   Code   RO          159    .text               arm_cortexM4lf_math.lib(arm_cmplx_mag_f32.o)
    0x080005ac   0x080005ac   0x000000f0   Code   RO          186    .text               arm_cortexM4lf_math.lib(arm_cmplx_mult_cmplx_f32.o)
    0x0800069c   0x0800069c   0x00000000   Code   RO          310    .text               mc_w.l(iusefp.o)
    0x0800069c   0x0800069c   0x0000003c   Code   RO          311    .text               mf_w.l(frnd.o)
    0x080006d8   0x080006d8   0x00000024   Code   RO          313    .text               mc_w.l(init.o)
    0x080006fc   0x080006fc   0x0000006e   Code   RO          315    .text               mf_w.l(fepilogue.o)
    0x0800076a   0x0800076a   0x00000006   PAD
    0x08000770   0x08000770   0x000038de   Code   RO          317    .text               lto-llvm-76e41b.o
    0x0800404e   0x0800404e   0x00000024   Code   RO          372    .text               mc_w.l(memcpya.o)
    0x08004072   0x08004072   0x000000ea   Code   RO          376    .text               mf_w.l(dmul.o)
    0x0800415c   0x0800415c   0x000000de   Code   RO          378    .text               mf_w.l(ddiv.o)
    0x0800423a   0x0800423a   0x00000032   Code   RO          380    .text               mf_w.l(dfixui.o)
    0x0800426c   0x0800426c   0x00000026   Code   RO          382    .text               mf_w.l(f2d.o)
    0x08004292   0x08004292   0x00000038   Code   RO          384    .text               mf_w.l(d2f.o)
    0x080042ca   0x080042ca   0x00000020   Code   RO          460    .text               mc_w.l(llushr.o)
    0x080042ea   0x080042ea   0x000000ba   Code   RO          464    .text               mf_w.l(depilogue.o)
    0x080043a4   0x080043a4   0x0000001e   Code   RO          467    .text               mc_w.l(llshl.o)
    0x080043c2   0x080043c2   0x0000003a   Code   RO          479    .text               mc_w.l(__dczerorl.o)
    0x080043fc   0x080043fc   0x0000009a   Code   RO          289    i.__hardfp_roundf   m_wm.l(roundf.o)
    0x08004496   0x08004496   0x0000000e   Code   RO          473    i.__scatterload_copy  mc_w.l(handlers.o)
    0x080044a4   0x080044a4   0x00000002   Code   RO          474    i.__scatterload_null  mc_w.l(handlers.o)
    0x080044a6   0x080044a6   0x0000000e   Code   RO          475    i.__scatterload_zeroinit  mc_w.l(handlers.o)
    0x080044b4   0x080044b4   0x00000804   Data   RO          266    .constdata          arm_cortexM4lf_math.lib(arm_common_tables.o)
    0x08004cb8   0x08004cb8   0x000001ff   Data   RO          322    .rodata             lto-llvm-76e41b.o
    0x08004eb7   0x08004eb7   0x00000010   Data   RO          324    .rodata.cst16       lto-llvm-76e41b.o
    0x08004ec7   0x08004ec7   0x00000008   Data   RO          325    .rodata.cst8        lto-llvm-76e41b.o
    0x08004ecf   0x08004ecf   0x00000001   PAD
    0x08004ed0   0x08004ed0   0x00000020   Data   RO          471    Region$$Table       anon$$obj.o


    Execution Region RW_IRAM1 (Exec base: 0x20000000, Load base: 0x08004ef0, Size: 0x000029e8, Max: 0x00010000, ABSOLUTE, COMPRESSED[0x000000e0])

    Exec Addr    Load Addr    Size         Type   Attr      Idx    E Section Name        Object

    0x20000000   COMPRESSED   0x000023a4   Data   RW          320    .data               lto-llvm-76e41b.o
    0x200023a4   COMPRESSED   0x00000004   PAD
    0x200023a8        -       0x0000023c   Zero   RW          321    .bss                lto-llvm-76e41b.o
    0x200025e4   COMPRESSED   0x00000004   PAD
    0x200025e8        -       0x00000400   Zero   RW            6    STACK               startup_stm32l432xx.o


==============================================================================

Image component sizes


      Code (inc. data)   RO Data    RW Data    ZI Data      Debug   Object Name

     14558         88        535       9124        572     121287   lto-llvm-76e41b.o
        36          8        396          0       1024        852   startup_stm32l432xx.o

    ----------------------------------------------------------------------
     14594         96        964       9124       1604     122139   Object Totals
         0          0         32          0          0          0   (incl. Generated)
         0          0          1          0          8          0   (incl. Padding)

    ----------------------------------------------------------------------

      Code (inc. data)   RO Data    RW Data    ZI Data      Debug   Library Member Name

       220          4          0          0          0       1097   arm_cmplx_dot_prod_f32.o
       252          6          0          0          0      14588   arm_cmplx_mag_f32.o
       240          0          0          0          0       1031   arm_cmplx_mult_cmplx_f32.o
         0          0       2052          0          0       4704   arm_common_tables.o
       120         12          0          0          0        746   arm_cos_f32.o
       260          4          0          0          0      19075   arm_dot_prod_f32.o
       148         18          0          0          0        814   arm_sin_f32.o
       154          0          0          0          0        140   roundf.o
        58          0          0          0          0          0   __dczerorl.o
         0          0          0          0          0          0   entry.o
         0          0          0          0          0          0   entry10a.o
         0          0          0          0          0          0   entry11a.o
         8          4          0          0          0          0   entry2.o
         4          0          0          0          0          0   entry5.o
         0          0          0          0          0          0   entry7b.o
         0          0          0          0          0          0   entry8b.o
         8          4          0          0          0          0   entry9a.o
        30          0          0          0          0          0   handlers.o
        36          8          0          0          0         68   init.o
         0          0          0          0          0          0   iusefp.o
        30          0          0          0          0         68   llshl.o
        32          0          0          0          0         68   llushr.o
        36          0          0          0          0         68   memcpya.o
        56          0          0          0          0         88   d2f.o
       222          0          0          0          0        100   ddiv.o
       186          0          0          0          0        176   depilogue.o
        50          0          0          0          0         76   dfixui.o
       234          0          0          0          0         96   dmul.o
        38          0          0          0          0         68   f2d.o
       110          0          0          0          0        168   fepilogue.o
        60          0          0          0          0         76   frnd.o

    ----------------------------------------------------------------------
      2598         60       2052          0          0      43315   Library Totals
         6          0          0          0          0          0   (incl. Padding)

    ----------------------------------------------------------------------

      Code (inc. data)   RO Data    RW Data    ZI Data      Debug   Library Name

      1240         44       2052          0          0      42055   arm_cortexM4lf_math.lib
       154          0          0          0          0        140   m_wm.l
       242         16          0          0          0        272   mc_w.l
       956          0          0          0          0        848   mf_w.l

    ----------------------------------------------------------------------
      2598         60       2052          0          0      43315   Library Totals

    ----------------------------------------------------------------------

==============================================================================


      Code (inc. data)   RO Data    RW Data    ZI Data      Debug   

     17192        156       3016       9124       1604     165070   Grand Totals
     17192        156       3016        224       1604     165070   ELF Image Totals (compressed)
     17192        156       3016        224          0          0   ROM Totals

==============================================================================

    Total RO  Size (Code + RO Data)                20208 (  19.73kB)
    Total RW  Size (RW Data + ZI Data)             10728 (  10.48kB)
    Total ROM Size (Code + RO Data + RW Data)      20432 (  19.95kB)

==============================================================================

